07:15:29 INFO     Docling disponível
07:15:29 WARNING  OCR fallback indisponível (IndentationError: unexpected indent (ptd_ocr_fallback.py, line 45))
07:15:30 INFO     Ignorado (guia/template/norma): ABNT-NBR-17225-Acessibilidade-Digital.pdf
07:15:30 INFO     Ignorado (guia/template/norma): cgrep-guia10passos-ptd-orgao.pdf
07:15:30 INFO     Ignorado (guia/template/norma): ABNT-NBR-17225-Acessibilidade-Digital.pdf
07:15:30 INFO     Scraping: 132 PDFs únicos | entregas: 68 | diretivos: 61
07:15:30 INFO     Baixando 132 PDFs únicos...
07:15:32 INFO     ✓ [  1/132] abin_ptd_anexo_de_entregas_assinado_pelo_orgao_ass   293.3KB
07:15:35 INFO     ✓ [  2/132] aeb_ptd_2025_2027_docdiretivo_aprovado_assinado-1_  1033.7KB
07:15:37 INFO     ✓ [  3/132] aeb_ptd_2025_2027_anexo_de_entregas_aprovado_assin   154.5KB
07:15:43 INFO     ✓ [  4/132] agu_ptd_2025_2027_docdiretivo_assinado_assinado_as  2860.3KB
07:15:45 INFO     ✓ [  5/132] agu_ptd_2025_2027_anexo_de_entregas_assinado_assin   525.5KB
07:15:48 INFO     ✓ [  6/132] ana_ptd_2025_2027_docdiretivo_assinado_assinado_as   477.2KB
07:15:50 INFO     ✓ [  7/132] ana_ptd_2025_2027_anexoentregas_assinado_assinado_   170.9KB
07:15:53 INFO     ✓ [  8/132] anac_ptd_2025_2026_docdiretivo_se_assinado_tarjado  1036.3KB
07:15:55 INFO     ✓ [  9/132] anac_ptd_2025_2026_anexo_de_entregas_se_assinado.p   215.2KB
07:15:59 INFO     ✓ [ 10/132] anatel_ptd_docdiretivo_assinado_2025_2026_assinado  1006.0KB
07:16:01 INFO     ✓ [ 11/132] anatel_ptd_2025_2026_anexo_de_entregas_do_ptd_publ    71.9KB
07:16:04 INFO     ✓ [ 12/132] ancine_ptd_2024_2026_docdiretivo_assinado-2_assina   961.8KB
07:16:07 INFO     ✓ [ 13/132] ancine_ptd_2024_2026_-_anexo_de_entregas_aprovado_   613.2KB
07:16:10 INFO     ✓ [ 14/132] ptd_aneel_2025-2027_docdiretivo_assinado_tarjado.p   779.6KB
07:16:12 INFO     ✓ [ 15/132] ptd_aneel_2025-2027_anexo_de_entregas_assinado.pdf   111.9KB
07:16:15 INFO     ✓ [ 16/132] anm_ptd_2025_2027_docdiretivo_assinadopeloorgao_ta  1092.5KB
07:16:18 INFO     ✓ [ 17/132] anm_ptd_2025_2027_anexo_entregas_assinadopeloorgao  1140.4KB
07:16:21 INFO     ✓ [ 18/132] anpd_ptd_2025_2027_docdiretivo_assinado_assinado_a  1044.3KB
07:16:24 INFO     ✓ [ 19/132] anpd_ptd_2025_2027_anexo_de_entregas_assinado_assi   166.5KB
07:16:27 INFO     ✓ [ 20/132] ans-plano_de_transformacao_digital_assinado-copia_  1023.4KB
07:16:29 INFO     ✓ [ 21/132] ans_ptd_2025_2026_anexo_de_entregas_assinado_assin   124.1KB
07:16:32 INFO     ✓ [ 22/132] antaq_ptd_2025_2027_docdiretivo_assinado_assinado_  1039.8KB
07:16:34 INFO     ✓ [ 23/132] antaq_ptd_2025_2027_anexoentregas_assinado_assinad   145.1KB
07:16:36 INFO     ✓ [ 24/132] mt_anexo_de_entregas_-_assinado_assinado_assinado_   143.6KB
07:16:44 INFO     ✓ [ 25/132] anvisa_ptd_docdiretivo_2025-2026_assinado_assinado  5771.2KB
07:16:46 INFO     ✓ [ 26/132] anvisa_ptd_anexo_de_entregas_2025_2026_assinado_as   239.0KB
07:16:49 INFO     ✓ [ 27/132] bcb_documento_diretivo_assinado_assinado_assinado-   713.7KB
07:16:51 INFO     ✓ [ 28/132] bcb_anexo_de_entregas_ptd_25_26-1_assinado_assinad   134.8KB
07:16:54 INFO     ✓ [ 29/132] cade_ptd_docdiretivo_2025_2026_assinado-2_assinado   810.4KB
07:16:57 INFO     ✓ [ 30/132] cade_ptd_anexo_de_entregas_2025_2026_assinado_copi   504.0KB
07:17:00 INFO     ✓ [ 31/132] mec_ptd_docdiretivo_2025-2026_sei_mec-5566673_copi   863.1KB
07:17:02 INFO     ✓ [ 32/132] mec_ptd_anexo-de-entregas_sei_mec-5576401_copia_ta   495.7KB
07:17:06 INFO     ✓ [ 33/132] mec_ptd_docdiretivo-versao-comunicacao_copia_tarja  1616.5KB
07:17:09 INFO     ✓ [ 34/132] md_ptd_2026_2027_anexo_de_entregas_assinado_assina   579.4KB
07:17:11 INFO     ✓ [ 35/132] md_ptd_2026_2027_anexo_de_entregas_assinado_assina   186.8KB
07:17:14 INFO     ✓ [ 36/132] md_ptd_temp_copia_tarjada.pdf                        741.9KB
07:17:17 INFO     ✓ [ 37/132] cgu_ptd_docdiretivo_assinado_assinado_assinado-cop  1085.4KB
07:17:20 INFO     ✓ [ 38/132] cgu_ptd_anexo_de_entregas_pactuadas_assinado_assin   514.1KB
07:17:22 INFO     ✓ [ 39/132] cnpq_ptd_2025_2027_docdiretivo_assinado_assinado_a   342.9KB
07:17:24 INFO     ✓ [ 40/132] cnpq_ptd_2025_2027_anexo_de_entregas_assinado_assi   136.1KB
07:17:28 INFO     ✓ [ 41/132] coaf_ptd_2025_2026_documento_diretivo_assinado_ass  1068.0KB
07:17:33 INFO     ✓ [ 42/132] coaf_ptd_2025_2026_anexo_de_entregas-2_assinado_as  3184.5KB
07:17:39 INFO     ✓ [ 43/132] ptd_midr-docdiretivo_aprovado_assinado_tarjado.pdf  3864.1KB
07:17:42 INFO     ✓ [ 44/132] ptd_midr_-_anexo_de_entregas_-_aprovado_assinado.p  1122.0KB
07:17:45 INFO     ✓ [ 45/132] mda-documento-diretivo-assinado_ptd-2025-207-copia   955.8KB
07:17:48 INFO     ✓ [ 46/132] cvm_ptd_2025_2027_docdiretivo_assinado_assinado_as   270.5KB
07:17:50 INFO     ✓ [ 47/132] cvm_ptd_2025_2027_anexoentregas_assinado_assinado_   409.0KB
07:17:53 INFO     ✓ [ 48/132] dnocs_ptd_doc_diretivo_2025_2026_assinado_orgao-2_   891.1KB
07:17:56 INFO     ✓ [ 49/132] dnocs_anexo_de_entregas_repactuado_2025_2026_assin   272.3KB
07:18:01 INFO     ✓ [ 50/132] fbn_ptd_2025_2027_docdiretivo_assinado-1_tarjado.p  2921.6KB
07:18:03 INFO     ✓ [ 51/132] fbn_ptd_2025_2027_anexo_de_entregas_assinado-1.pdf   162.3KB
07:18:07 INFO     ✓ [ 52/132] fcp_ptd_2025_2027_docdiretivo_assinado-1_tarjado.p  1612.0KB
07:18:09 INFO     ✓ [ 53/132] fcp_ptd_2025_2027_anexo_de_entregas_assinado-1.pdf   118.8KB
07:18:12 INFO     ✓ [ 54/132] fcrb_ptd_2025_2026_docdiretivo_aprovado_assinado-1   998.2KB
07:18:15 INFO     ✓ [ 55/132] fcrb_ptd_2025_2026_anexo_de_entregas_aprovado_assi   313.5KB
07:18:18 INFO     ✓ [ 56/132] fiocruz_novo-ptd_2-1_docdiretivo_repactuacao_2024-  1318.1KB
07:18:20 INFO     ✓ [ 57/132] fiocruz_ptd_anexo_de_entregas_assinado_v1_assinado   257.1KB
07:18:24 INFO     ✓ [ 58/132] fiocruz-ptd-06_2024-copia_tarjada.pdf               1693.8KB
07:18:28 INFO     ✓ [ 59/132] funai_ptd_2025_2027_docdiretivo_assinado-1_tarjado  1842.1KB
07:18:31 INFO     ✓ [ 60/132] funai_anexo_de_entregas_repactuado_2026_2027_assin   435.7KB
07:18:34 INFO     ✓ [ 61/132] funarte_ptd_docdiretivo_assinado_21_01_2025_assina   965.7KB
07:18:36 INFO     ✓ [ 62/132] funarte_ptd_anexo_de_entregas_assinado_v1_assinado   683.6KB
07:18:39 INFO     ✓ [ 63/132] fundacentro_ptd_2025_2027_docdiretivo_assinado_ass   826.6KB
07:18:42 INFO     ✓ [ 64/132] fundacentro_ptd_2025_2027_anexo_de_entregas_assina   635.5KB
07:18:45 INFO     ✓ [ 65/132] mma_ptd_docdiretivo_assinado_2025_2026-1_assinado_   949.3KB
07:18:47 INFO     ✓ [ 66/132] mma_ptd_anexo_de_entregas_aprovado_final_assinado_   174.8KB
07:18:51 INFO     ✓ [ 67/132] ibge_docdiretivo_2025_assinado_assinado_assinado-c  1167.3KB
07:18:53 INFO     ✓ [ 68/132] ibge_ptd_25_26_anexo_de_entregas_modelo_v2-1_assin   143.7KB
07:19:03 INFO     ✓ [ 69/132] incra_ptd_docdiretivo__assinado-1_assinado_assinad  7182.0KB
07:19:06 INFO     ✓ [ 70/132] incra_anexo_de_entregas_assinado-1_assinado_assina  1818.6KB
07:19:12 INFO     ✓ [ 71/132] inpi_ptd_docdiretivo_assinado_2025_2026_assinado_a  3322.4KB
07:19:17 INFO     ✓ [ 72/132] inpi_ptd_anexo_de_entregas_assinado_v1_assinado_as  3078.1KB
07:19:20 INFO     ✓ [ 73/132] inss_ptd_2025_2027_docdiretivo-assinado-copia_tarj  1173.3KB
07:19:23 INFO     ✓ [ 74/132] inss_ptd_2025_2027_anexo_de_entregas-assinado-copi   110.8KB
07:19:25 INFO     ✓ [ 75/132] iphan_ptd_docdiretivo_assinado_2025_2026_assinado_   885.7KB
07:19:28 INFO     ✓ [ 76/132] iphan_ptd_anexo_de_entregas_assinado_v1_assinado_a   310.9KB
07:19:35 INFO     ✓ [ 77/132] iti_doc_diretivo_assinado-1_tarjado.pdf             4905.1KB
07:19:38 INFO     ✓ [ 78/132] iti_anexo_de_entregas_assinado.pdf                   556.4KB
07:19:42 INFO     ✓ [ 79/132] mapa_ptd_2025_2027_docdiretivo_assinado-1_tarjado.  1740.9KB
07:19:44 INFO     ✓ [ 80/132] mapa_ptd_2025_2027_anexo_de_entregas_assinado-1.pd   261.9KB
07:19:51 INFO     ✓ [ 81/132] documento-diretivo-mcom-_-ptd-25_27-copia_tarjada.  4451.9KB
07:19:54 INFO     ✓ [ 82/132] anexo-de-entregas-mcom_ptd-25_27-copia_tarjada.pdf  1213.8KB
07:19:59 INFO     ✓ [ 83/132] ptd_21_24_mcom-copia_tarjada.pdf                    3040.7KB
07:20:02 INFO     ✓ [ 84/132] mcti_ptd_2025-2027_docdiretivo_assinado-copia_tarj  1030.7KB
07:20:05 INFO     ✓ [ 85/132] mcti_ptd_2025-2027_anexo-de-entregas_assinado-copi   145.8KB
07:20:07 INFO     ✓ [ 86/132] mda-anexo-entregas-assinado_ptd-2025-2027-copia-ta   284.6KB
07:20:10 INFO     ✓ [ 87/132] mdhc_ptd_2025_2027_docdiretivo_assinado_assinado_a   753.4KB
07:20:12 INFO     ✓ [ 88/132] mdhc_ptd_2025_2027_anexoentregas_assinado_assinado   186.8KB
07:20:14 INFO     ✓ [ 89/132] mdic_ptd_anexo_de_entregas_assinado_v1_assinado_as   176.6KB
07:20:18 INFO     ✓ [ 90/132] memp_ptd_2025_2026_docdiretivo_assinado_assinado_a  1030.1KB
07:20:20 INFO     ✓ [ 91/132] memp_ptd_2025_2026_anexo_de_entregas_assinado_assi   161.5KB
07:20:23 INFO     ✓ [ 92/132] mesp_ptd_2025_2027_docdiretivo_assinado_assinado_2  1147.7KB
07:20:26 INFO     ✓ [ 93/132] mesp_ptd_2025_2027_anexo_de_entregas_assinado_assi   226.6KB
07:20:29 INFO     ✓ [ 94/132] mf_ptd_2026_2027_documentodiretivo_assinado_assina   955.1KB
07:20:31 INFO     ✓ [ 95/132] mf_ptd_2026_2027_anexo_de_entregas_1_mf_se_assinad   241.2KB
07:20:34 INFO     ✓ [ 96/132] mgi_ptd_2025_2027_docdiretivo_assinado_assinado_as   375.2KB
07:20:36 INFO     ✓ [ 97/132] mgi_ptd_2025_2027_anexo_de_entregas_assinado_assin   256.1KB
07:20:39 INFO     ✓ [ 98/132] minc_ptd_2025_2027_docdiretivo_assinado-1_assinado   863.6KB
07:20:41 INFO     ✓ [ 99/132] minc_ptd_2025_2027_anexo_de_entregas_assinado-1_as   276.7KB
07:20:45 INFO     ✓ [100/132] mjsp_ptd_docdiretivo_assinado_2025_2026_assinado_a   954.0KB
07:20:47 INFO     ✓ [101/132] mjsp_ptd_anexo_de_entregas_assinado_v1_assinado_as   253.9KB
07:20:50 INFO     ✓ [102/132] mme_ptd_2025_2027_docdiretivo_assinado-copia_tarja   664.5KB
07:20:52 INFO     ✓ [103/132] mme_ptd_2025_2027_anexo_de_entregas_assinado__1_-c   111.1KB
07:20:55 INFO     ✓ [104/132] mmulheres_ptd_2025_2027_docdiretivo_assinado_assin  1078.3KB
07:20:57 INFO     ✓ [105/132] mmulheres_ptd_2025_2027_anexo_de_entregas_assinado   216.9KB
07:21:00 INFO     ✓ [106/132] mpi_ptd_2025_2027_docdiretivo_ministerio_dos_povos   947.9KB
07:21:03 INFO     ✓ [107/132] mpi_ptd_anexo_de_entregas_do_plano_de_tranformacao   191.9KB
07:21:06 INFO     ✓ [108/132] mpo_ptd_docdiretivo_assinado_2025_2026_assinado_as   806.3KB
07:21:08 INFO     ✓ [109/132] mpo_ptd_anexo_de_entregas_assinado_v1_assinado_ass   323.2KB
07:21:11 INFO     ✓ [110/132] mpor_ptd_2025_2027_docdiretivo_assinado_assinado_a   876.5KB
07:21:13 INFO     ✓ [111/132] mpor_ptd_2025_2027_anexo_de_entregas_assinado_assi   175.1KB
07:21:16 INFO     ✓ [112/132] mps_ptd_2025-2026_docdiretivo_final_assinado-1_ass  1024.4KB
07:21:19 INFO     ✓ [113/132] mps_ptd_2025-2026_anexo_de_entregas_final_assinado   165.0KB
07:21:22 INFO     ✓ [114/132] mre_ptd_docdiretivo_assinado_2025_2026_assinado_as   760.9KB
07:21:24 INFO     ✓ [115/132] mre_ptd_anexo_de_entregas_assinado_v1_assinado_ass   233.2KB
07:21:27 INFO     ✓ [116/132] mte_ptd_2025_2026_docdiretivo_assinado_assinado_as   729.6KB
07:21:29 INFO     ✓ [117/132] mte_ptd_anexo_de_entregas_assinado_v1__281_29_assi   459.5KB
07:21:33 INFO     ✓ [118/132] mtur_ptd_docdiretiv_assinado_30_01_2025_assinado_a  1050.4KB
07:21:35 INFO     ✓ [119/132] mtur_ptd_anexo_de_entregas_assinado_30_01_2025_ass   118.8KB
07:21:38 INFO     ✓ [120/132] pf_ptd_docdiretivo_2025_2027_assinado-copia_tarjad   964.3KB
07:21:40 INFO     ✓ [121/132] pf_ptd_anexo_de_entregas_2025_2027_assinado-copia_    62.5KB
07:21:42 INFO     ✓ [122/132] mf_ptd_2026_2027_anexo_de_entregas_4_mf_pgfn_assin   466.8KB
07:21:52 INFO     ✓ [123/132] previc_plano_de_transformacao_digital_2025_2026_29  6652.7KB
07:21:54 INFO     ✓ [124/132] previc_ptd_repactuacao_2025-2026_assinado_assinado   182.9KB
07:21:56 INFO     ✓ [125/132] prf_documentodiretivo_ptd_2026-2027_assinado_tarja   535.9KB
07:21:59 INFO     ✓ [126/132] prf_anexo_de_entregas_do_ptd__2026_2027___ptd___en   157.7KB
07:22:01 INFO     ✓ [127/132] mf_ptd_2026_2027_anexo_de_entregas_2_mf_rfb_assina   253.7KB
07:22:04 INFO     ✓ [128/132] sgpr_ptd_2026_2027_docdiretivo_assinado-copia_tarj   791.2KB
07:22:07 INFO     ✓ [129/132] sgpr_ptd_2025_2027_anexo_de_entregas_assinado-copi   897.9KB
07:22:10 INFO     ✓ [130/132] mf_ptd_2026_2027_anexo_de_entregas_3_mf_stn_assina   467.8KB
07:22:13 INFO     ✓ [131/132] susep_ptd_2025_2027_docdiretivo-assinado-copia_tar  1030.1KB
07:22:15 INFO     ✓ [132/132] susep_ptd_2025-2026_anexo_de_entregas_final_assina   221.9KB
07:22:16 INFO     132 OK | 0 erros | 123.3 MB total
07:22:22 INFO     Sanity: 132 PDFs | 113 texto | 19 imagem/OCR | 0 duplicatas
07:22:22 INFO     --siglas (debug): 15 PDFs de ['AGU', 'FIOCRUZ', 'FUNAI', 'FUNDACENTRO', 'INCRA', 'ITI', 'MCOM', 'SGPR']
07:22:22 INFO     DocumentConverter instanciado (singleton × 2: plain + OCR)
07:22:22 INFO     [1/15] → agu_ptd_2025_2027_anexo_de_entregas_assinado_assinado_assinado-copia_tarjada.pdf
07:22:22 INFO     detected formats: [<InputFormat.PDF: 'pdf'>]
07:22:22 INFO     Going to convert document batch...
07:22:22 INFO     Initializing pipeline for StandardPdfPipeline with options hash bc6794697da537796efc497178f9263f
07:22:22 INFO     Loading plugin 'docling_defaults'
07:22:22 INFO     Registered picture descriptions: ['picture_description_vlm_engine', 'vlm', 'api']
07:22:22 INFO     Loading plugin 'docling_defaults'
07:22:22 INFO     Registered ocr engines: ['auto', 'easyocr', 'kserve_v2_ocr', 'ocrmac', 'rapidocr', 'tesserocr', 'tesseract']
07:22:22 INFO     command: tesseract --list-langs
07:22:22 INFO     Loading plugin 'docling_defaults'
07:22:22 INFO     Registered layout engines: ['layout_object_detection', 'docling_layout_default', 'docling_experimental_table_crops_layout']
07:22:22 INFO     Accelerator device: 'cpu'
07:22:22 INFO     HTTP Request: GET https://huggingface.co/api/models/docling-project/docling-layout-heron/revision/main "HTTP/1.1 200 OK"
07:22:22 INFO     HTTP Request: HEAD https://huggingface.co/docling-project/docling-layout-heron/resolve/8f39ad3c0b4c58e9c2d2c84a38465abf757272d8/config.json "HTTP/1.1 307 Temporary Redirect"
07:22:22 WARNING  Warning: You are sending unauthenticated requests to the HF Hub. Please set a HF_TOKEN to enable higher rate limits and faster downloads.
07:22:22 INFO     HTTP Request: HEAD https://huggingface.co/api/resolve-cache/models/docling-project/docling-layout-heron/8f39ad3c0b4c58e9c2d2c84a38465abf757272d8/config.json "HTTP/1.1 200 OK"
07:22:22 INFO     HTTP Request: HEAD https://huggingface.co/docling-project/docling-layout-heron/resolve/8f39ad3c0b4c58e9c2d2c84a38465abf757272d8/model.safetensors "HTTP/1.1 302 Found"
07:22:22 INFO     HTTP Request: HEAD https://huggingface.co/docling-project/docling-layout-heron/resolve/8f39ad3c0b4c58e9c2d2c84a38465abf757272d8/README.md "HTTP/1.1 307 Temporary Redirect"
07:22:22 INFO     HTTP Request: HEAD https://huggingface.co/docling-project/docling-layout-heron/resolve/8f39ad3c0b4c58e9c2d2c84a38465abf757272d8/docling_heron_400.png "HTTP/1.1 307 Temporary Redirect"
07:22:22 INFO     HTTP Request: HEAD https://huggingface.co/docling-project/docling-layout-heron/resolve/8f39ad3c0b4c58e9c2d2c84a38465abf757272d8/.gitattributes "HTTP/1.1 307 Temporary Redirect"
07:22:22 INFO     HTTP Request: HEAD https://huggingface.co/docling-project/docling-layout-heron/resolve/8f39ad3c0b4c58e9c2d2c84a38465abf757272d8/preprocessor_config.json "HTTP/1.1 307 Temporary Redirect"
07:22:22 INFO     HTTP Request: HEAD https://huggingface.co/api/resolve-cache/models/docling-project/docling-layout-heron/8f39ad3c0b4c58e9c2d2c84a38465abf757272d8/README.md "HTTP/1.1 200 OK"
07:22:22 INFO     HTTP Request: HEAD https://huggingface.co/api/resolve-cache/models/docling-project/docling-layout-heron/8f39ad3c0b4c58e9c2d2c84a38465abf757272d8/docling_heron_400.png "HTTP/1.1 200 OK"
07:22:22 INFO     HTTP Request: HEAD https://huggingface.co/api/resolve-cache/models/docling-project/docling-layout-heron/8f39ad3c0b4c58e9c2d2c84a38465abf757272d8/preprocessor_config.json "HTTP/1.1 200 OK"
07:22:22 INFO     HTTP Request: HEAD https://huggingface.co/api/resolve-cache/models/docling-project/docling-layout-heron/8f39ad3c0b4c58e9c2d2c84a38465abf757272d8/.gitattributes "HTTP/1.1 200 OK"
07:22:22 INFO     HTTP Request: GET https://huggingface.co/api/resolve-cache/models/docling-project/docling-layout-heron/8f39ad3c0b4c58e9c2d2c84a38465abf757272d8/config.json "HTTP/1.1 200 OK"
07:22:22 INFO     HTTP Request: GET https://huggingface.co/api/resolve-cache/models/docling-project/docling-layout-heron/8f39ad3c0b4c58e9c2d2c84a38465abf757272d8/README.md "HTTP/1.1 200 OK"
07:22:22 INFO     HTTP Request: GET https://huggingface.co/api/resolve-cache/models/docling-project/docling-layout-heron/8f39ad3c0b4c58e9c2d2c84a38465abf757272d8/docling_heron_400.png "HTTP/1.1 200 OK"
07:22:22 INFO     HTTP Request: GET https://huggingface.co/api/resolve-cache/models/docling-project/docling-layout-heron/8f39ad3c0b4c58e9c2d2c84a38465abf757272d8/preprocessor_config.json "HTTP/1.1 200 OK"
07:22:22 INFO     HTTP Request: GET https://huggingface.co/api/resolve-cache/models/docling-project/docling-layout-heron/8f39ad3c0b4c58e9c2d2c84a38465abf757272d8/.gitattributes "HTTP/1.1 200 OK"
07:22:22 INFO     HTTP Request: GET https://huggingface.co/api/models/docling-project/docling-layout-heron/xet-read-token/8f39ad3c0b4c58e9c2d2c84a38465abf757272d8 "HTTP/1.1 200 OK"
07:22:24 INFO     Loading plugin 'docling_defaults'
07:22:24 INFO     Registered table structure engines: ['docling_tableformer', 'docling_tableformer_v2']
07:22:24 INFO     HTTP Request: GET https://huggingface.co/api/models/docling-project/docling-models/revision/v2.3.0 "HTTP/1.1 200 OK"
07:22:24 INFO     HTTP Request: HEAD https://huggingface.co/docling-project/docling-models/resolve/fc0f2d45e2218ea24bce5045f58a389aed16dc23/.gitattributes "HTTP/1.1 307 Temporary Redirect"
07:22:24 INFO     HTTP Request: HEAD https://huggingface.co/docling-project/docling-models/resolve/fc0f2d45e2218ea24bce5045f58a389aed16dc23/README.md "HTTP/1.1 307 Temporary Redirect"
07:22:24 INFO     HTTP Request: HEAD https://huggingface.co/docling-project/docling-models/resolve/fc0f2d45e2218ea24bce5045f58a389aed16dc23/.gitignore "HTTP/1.1 307 Temporary Redirect"
07:22:24 INFO     HTTP Request: HEAD https://huggingface.co/api/resolve-cache/models/docling-project/docling-models/fc0f2d45e2218ea24bce5045f58a389aed16dc23/.gitattributes "HTTP/1.1 200 OK"
07:22:24 INFO     HTTP Request: HEAD https://huggingface.co/api/resolve-cache/models/docling-project/docling-models/fc0f2d45e2218ea24bce5045f58a389aed16dc23/.gitignore "HTTP/1.1 200 OK"
07:22:24 INFO     HTTP Request: HEAD https://huggingface.co/docling-project/docling-models/resolve/fc0f2d45e2218ea24bce5045f58a389aed16dc23/model_artifacts/tableformer/accurate/tm_config.json "HTTP/1.1 307 Temporary Redirect"
07:22:24 INFO     HTTP Request: HEAD https://huggingface.co/docling-project/docling-models/resolve/fc0f2d45e2218ea24bce5045f58a389aed16dc23/model_artifacts/tableformer/accurate/tableformer_accurate.safetensors "HTTP/1.1 302 Found"
07:22:24 INFO     HTTP Request: HEAD https://huggingface.co/docling-project/docling-models/resolve/fc0f2d45e2218ea24bce5045f58a389aed16dc23/config.json "HTTP/1.1 307 Temporary Redirect"
07:22:24 INFO     HTTP Request: HEAD https://huggingface.co/api/resolve-cache/models/docling-project/docling-models/fc0f2d45e2218ea24bce5045f58a389aed16dc23/README.md "HTTP/1.1 200 OK"
07:22:24 INFO     HTTP Request: GET https://huggingface.co/api/resolve-cache/models/docling-project/docling-models/fc0f2d45e2218ea24bce5045f58a389aed16dc23/.gitattributes "HTTP/1.1 200 OK"
07:22:24 INFO     HTTP Request: HEAD https://huggingface.co/docling-project/docling-models/resolve/fc0f2d45e2218ea24bce5045f58a389aed16dc23/model_artifacts/tableformer/fast/tm_config.json "HTTP/1.1 307 Temporary Redirect"
07:22:24 INFO     HTTP Request: HEAD https://huggingface.co/api/resolve-cache/models/docling-project/docling-models/fc0f2d45e2218ea24bce5045f58a389aed16dc23/model_artifacts%2Ftableformer%2Faccurate%2Ftm_config.json "HTTP/1.1 200 OK"
07:22:24 INFO     HTTP Request: HEAD https://huggingface.co/docling-project/docling-models/resolve/fc0f2d45e2218ea24bce5045f58a389aed16dc23/model_artifacts/tableformer/fast/tableformer_fast.safetensors "HTTP/1.1 302 Found"
07:22:24 INFO     HTTP Request: HEAD https://huggingface.co/api/resolve-cache/models/docling-project/docling-models/fc0f2d45e2218ea24bce5045f58a389aed16dc23/config.json "HTTP/1.1 200 OK"
07:22:24 INFO     HTTP Request: HEAD https://huggingface.co/api/resolve-cache/models/docling-project/docling-models/fc0f2d45e2218ea24bce5045f58a389aed16dc23/model_artifacts%2Ftableformer%2Ffast%2Ftm_config.json "HTTP/1.1 200 OK"
07:22:24 INFO     HTTP Request: GET https://huggingface.co/api/resolve-cache/models/docling-project/docling-models/fc0f2d45e2218ea24bce5045f58a389aed16dc23/README.md "HTTP/1.1 200 OK"
07:22:24 INFO     HTTP Request: GET https://huggingface.co/api/resolve-cache/models/docling-project/docling-models/fc0f2d45e2218ea24bce5045f58a389aed16dc23/model_artifacts%2Ftableformer%2Faccurate%2Ftm_config.json "HTTP/1.1 200 OK"
07:22:24 INFO     HTTP Request: GET https://huggingface.co/api/resolve-cache/models/docling-project/docling-models/fc0f2d45e2218ea24bce5045f58a389aed16dc23/.gitignore "HTTP/1.1 200 OK"
07:22:24 INFO     HTTP Request: GET https://huggingface.co/api/resolve-cache/models/docling-project/docling-models/fc0f2d45e2218ea24bce5045f58a389aed16dc23/model_artifacts%2Ftableformer%2Ffast%2Ftm_config.json "HTTP/1.1 200 OK"
07:22:24 INFO     HTTP Request: GET https://huggingface.co/api/resolve-cache/models/docling-project/docling-models/fc0f2d45e2218ea24bce5045f58a389aed16dc23/config.json "HTTP/1.1 200 OK"
07:22:24 INFO     HTTP Request: GET https://huggingface.co/api/models/docling-project/docling-models/xet-read-token/fc0f2d45e2218ea24bce5045f58a389aed16dc23 "HTTP/1.1 200 OK"
07:22:24 INFO     HTTP Request: GET https://huggingface.co/api/models/docling-project/docling-models/xet-read-token/fc0f2d45e2218ea24bce5045f58a389aed16dc23 "HTTP/1.1 200 OK"
07:22:25 INFO     Accelerator device: 'cpu'
07:22:26 INFO     Processing document agu_ptd_2025_2027_anexo_de_entregas_assinado_assinado_assinado-copia_tarjada.pdf
07:22:26 INFO     command: tesseract --psm 0 -l osd /tmp/tmp20drt6il.png stdout
07:22:27 INFO     command: tesseract -l por /tmp/tmp20drt6il.png stdout tsv
07:22:30 INFO     command: tesseract --psm 0 -l osd /tmp/tmpaorq36hk.png stdout
07:22:31 INFO     command: tesseract -l por /tmp/tmpaorq36hk.png stdout tsv
07:22:50 INFO     Finished converting document agu_ptd_2025_2027_anexo_de_entregas_assinado_assinado_assinado-copia_tarjada.pdf in 27.45 sec.
07:22:50 INFO       pixel_budget (Docling) agu_ptd_2025_2027_anexo_de_entregas_assinado_assinado_assinado-copia_tarjada.pdf: 45.8% (área tabelas/1001817 px²)
07:22:50 INFO     [1/15] ✓ AGU       :   33 entregas | 27.5s | ETA ~6min
07:22:50 INFO     [2/15] → agu_ptd_2025_2027_docdiretivo_assinado_assinado_assinado-copia_tarjada.pdf
07:22:50 INFO     detected formats: [<InputFormat.PDF: 'pdf'>]
07:22:50 INFO     Going to convert document batch...
07:22:50 INFO     Processing document agu_ptd_2025_2027_docdiretivo_assinado_assinado_assinado-copia_tarjada.pdf
07:22:50 INFO     command: tesseract --psm 0 -l osd /tmp/tmpqc696v8e.png stdout
07:22:51 INFO     command: tesseract -l por /tmp/tmpqc696v8e.png stdout tsv
07:22:53 INFO     command: tesseract --psm 0 -l osd /tmp/tmp07wyngqq.png stdout
07:22:54 INFO     command: tesseract -l por /tmp/tmp07wyngqq.png stdout tsv
07:22:58 INFO     command: tesseract --psm 0 -l osd /tmp/tmpv3tymuc7.png stdout
07:22:59 INFO     command: tesseract -l por /tmp/tmpv3tymuc7.png stdout tsv
07:23:01 INFO     command: tesseract --psm 0 -l osd /tmp/tmpaod415q0.png stdout
07:23:02 INFO     command: tesseract -l por /tmp/tmpaod415q0.png stdout tsv
07:23:04 INFO     command: tesseract --psm 0 -l osd /tmp/tmpw2jc9_yu.png stdout
07:23:05 INFO     command: tesseract -l por /tmp/tmpw2jc9_yu.png stdout tsv
07:23:07 INFO     command: tesseract --psm 0 -l osd /tmp/tmpwluz3f7x.png stdout
07:23:08 INFO     command: tesseract -l por /tmp/tmpwluz3f7x.png stdout tsv
07:23:19 INFO     command: tesseract --psm 0 -l osd /tmp/tmp491cvfzr.png stdout
07:23:19 INFO     command: tesseract -l por /tmp/tmp491cvfzr.png stdout tsv
07:23:21 INFO     command: tesseract --psm 0 -l osd /tmp/tmpoujp5xld.png stdout
07:23:22 INFO     command: tesseract -l por /tmp/tmpoujp5xld.png stdout tsv
07:23:25 INFO     command: tesseract --psm 0 -l osd /tmp/tmpxlkr6xgq.png stdout
07:23:25 INFO     command: tesseract -l por /tmp/tmpxlkr6xgq.png stdout tsv
07:23:27 INFO     command: tesseract --psm 0 -l osd /tmp/tmpynjtypou.png stdout
07:23:29 INFO     command: tesseract -l por /tmp/tmpynjtypou.png stdout tsv
07:23:44 INFO     command: tesseract --psm 0 -l osd /tmp/tmp2nj947mq.png stdout
07:23:45 INFO     command: tesseract -l por /tmp/tmp2nj947mq.png stdout tsv
07:23:48 INFO     Finished converting document agu_ptd_2025_2027_docdiretivo_assinado_assinado_assinado-copia_tarjada.pdf in 58.44 sec.
07:23:48 INFO       pixel_budget (Docling) agu_ptd_2025_2027_docdiretivo_assinado_assinado_assinado-copia_tarjada.pdf: 2.1% (área tabelas/5513330 px²)
07:23:48 INFO     [2/15] ✓ AGU       :    6 entregas | 58.4s | ETA ~9min
07:23:48 INFO     [3/15] → anexo-de-entregas-mcom_ptd-25_27-copia_tarjada.pdf
07:23:48 INFO     detected formats: [<InputFormat.PDF: 'pdf'>]
07:23:48 INFO     Going to convert document batch...
07:23:48 INFO     Processing document anexo-de-entregas-mcom_ptd-25_27-copia_tarjada.pdf
07:23:49 INFO     command: tesseract --psm 0 -l osd /tmp/tmp9r8qf1q0.png stdout
07:23:50 INFO     command: tesseract -l por /tmp/tmp9r8qf1q0.png stdout tsv
07:23:53 INFO     command: tesseract --psm 0 -l osd /tmp/tmptdqknszk.png stdout
07:23:54 INFO     command: tesseract -l por /tmp/tmptdqknszk.png stdout tsv
07:24:06 INFO     command: tesseract --psm 0 -l osd /tmp/tmpl0186ls3.png stdout
07:24:07 INFO     command: tesseract -l por /tmp/tmpl0186ls3.png stdout tsv
07:24:27 INFO     Finished converting document anexo-de-entregas-mcom_ptd-25_27-copia_tarjada.pdf in 38.83 sec.
07:24:27 INFO       pixel_budget (Docling) anexo-de-entregas-mcom_ptd-25_27-copia_tarjada.pdf: 55.2% (área tabelas/1503636 px²)
07:24:27 INFO     [3/15] ✓ MCOM      :   55 entregas | 38.9s | ETA ~8min
07:24:27 INFO     [4/15] → documento-diretivo-mcom-_-ptd-25_27-copia_tarjada.pdf
07:24:27 INFO     detected formats: [<InputFormat.PDF: 'pdf'>]
07:24:27 INFO     Going to convert document batch...
07:24:27 INFO     Processing document documento-diretivo-mcom-_-ptd-25_27-copia_tarjada.pdf
07:24:28 INFO     command: tesseract --psm 0 -l osd /tmp/tmp3pqfv4j8.png stdout
07:24:28 INFO     command: tesseract -l por /tmp/tmp3pqfv4j8.png stdout tsv
07:24:30 INFO     command: tesseract --psm 0 -l osd /tmp/tmpv93uxriy.png stdout
07:24:31 INFO     command: tesseract -l por /tmp/tmpv93uxriy.png stdout tsv
07:24:36 INFO     command: tesseract --psm 0 -l osd /tmp/tmp4hqxg183.png stdout
07:24:37 INFO     command: tesseract -l por /tmp/tmp4hqxg183.png stdout tsv
07:24:38 INFO     command: tesseract --psm 0 -l osd /tmp/tmp7o37r0g7.png stdout
07:24:39 INFO     command: tesseract -l por /tmp/tmp7o37r0g7.png stdout tsv
07:24:41 INFO     command: tesseract --psm 0 -l osd /tmp/tmpszhr8zg3.png stdout
07:24:42 INFO     command: tesseract -l por /tmp/tmpszhr8zg3.png stdout tsv
07:24:44 INFO     command: tesseract --psm 0 -l osd /tmp/tmp985izmqj.png stdout
07:24:46 INFO     command: tesseract -l por /tmp/tmp985izmqj.png stdout tsv
07:24:57 INFO     command: tesseract --psm 0 -l osd /tmp/tmphut5rmy_.png stdout
07:24:58 INFO     command: tesseract -l por /tmp/tmphut5rmy_.png stdout tsv
07:25:02 INFO     command: tesseract --psm 0 -l osd /tmp/tmpm4uvjc1d.png stdout
07:25:03 INFO     command: tesseract -l por /tmp/tmpm4uvjc1d.png stdout tsv
07:25:05 INFO     command: tesseract --psm 0 -l osd /tmp/tmp1qleld87.png stdout
07:25:06 INFO     command: tesseract -l por /tmp/tmp1qleld87.png stdout tsv
07:25:08 INFO     command: tesseract --psm 0 -l osd /tmp/tmplpwk6orz.png stdout
07:25:09 INFO     command: tesseract -l por /tmp/tmplpwk6orz.png stdout tsv
07:25:15 INFO     command: tesseract --psm 0 -l osd /tmp/tmps1maf9ol.png stdout
07:25:16 INFO     command: tesseract -l por /tmp/tmps1maf9ol.png stdout tsv
07:25:20 INFO     command: tesseract --psm 0 -l osd /tmp/tmpu_84n5bm.png stdout
07:25:21 INFO     command: tesseract -l por /tmp/tmpu_84n5bm.png stdout tsv
07:25:23 INFO     command: tesseract --psm 0 -l osd /tmp/tmpf0ue_hmc.png stdout
07:25:23 INFO     command: tesseract -l por /tmp/tmpf0ue_hmc.png stdout tsv
07:25:25 INFO     command: tesseract --psm 0 -l osd /tmp/tmpudzsm5um.png stdout
07:25:26 INFO     command: tesseract -l por /tmp/tmpudzsm5um.png stdout tsv
07:25:32 INFO     Finished converting document documento-diretivo-mcom-_-ptd-25_27-copia_tarjada.pdf in 65.04 sec.
07:25:32 INFO       pixel_budget (Docling) documento-diretivo-mcom-_-ptd-25_27-copia_tarjada.pdf: 10.8% (área tabelas/7016966 px²)
07:25:32 INFO     [4/15] ✓ MCOM      :    3 entregas | 65.1s | ETA ~8min
07:25:32 INFO     [5/15] → fiocruz-ptd-06_2024-copia_tarjada.pdf
07:25:32 INFO     detected formats: [<InputFormat.PDF: 'pdf'>]
07:25:32 INFO     Going to convert document batch...
07:25:32 INFO     Initializing pipeline for StandardPdfPipeline with options hash d18651824ca6fe56cf3ccb20424ac2c8
07:25:32 INFO     Accelerator device: 'cpu'
07:25:32 INFO     HTTP Request: GET https://huggingface.co/api/models/docling-project/docling-layout-heron/revision/main "HTTP/1.1 200 OK"
07:25:33 INFO     HTTP Request: GET https://huggingface.co/api/models/docling-project/docling-models/revision/v2.3.0 "HTTP/1.1 200 OK"
07:25:33 INFO     Accelerator device: 'cpu'
07:25:33 INFO     Processing document fiocruz-ptd-06_2024-copia_tarjada.pdf
07:26:40 INFO     Finished converting document fiocruz-ptd-06_2024-copia_tarjada.pdf in 68.41 sec.
07:26:40 INFO       pixel_budget (Docling) fiocruz-ptd-06_2024-copia_tarjada.pdf: 36.4% (área tabelas/7518178 px²)
07:26:40 INFO     [5/15] ✓ FIOCRUZ   :    1 entregas | 68.5s | ETA ~8min
07:26:40 INFO     [6/15] → fiocruz_novo-ptd_2-1_docdiretivo_repactuacao_2024-2026_assinado_assinado-copia_tarjada.pdf
07:26:40 INFO     detected formats: [<InputFormat.PDF: 'pdf'>]
07:26:40 INFO     Going to convert document batch...
07:26:40 INFO     Processing document fiocruz_novo-ptd_2-1_docdiretivo_repactuacao_2024-2026_assinado_assinado-copia_tarjada.pdf
07:26:58 INFO     Finished converting document fiocruz_novo-ptd_2-1_docdiretivo_repactuacao_2024-2026_assinado_assinado-copia_tarjada.pdf in 17.80 sec.
07:26:58 INFO       pixel_budget (Docling) fiocruz_novo-ptd_2-1_docdiretivo_repactuacao_2024-2026_assinado_assinado-copia_tarjada.pdf: 11.3% (área tabelas/5012118 px²)
07:26:58 INFO     [6/15] ✓ FIOCRUZ   :    5 entregas | 17.8s | ETA ~6min
07:26:58 INFO     [7/15] → fiocruz_ptd_anexo_de_entregas_assinado_v1_assinado_assinado-1-copia_tarjada.pdf
07:26:58 INFO     detected formats: [<InputFormat.PDF: 'pdf'>]
07:26:58 INFO     Going to convert document batch...
07:26:58 INFO     Processing document fiocruz_ptd_anexo_de_entregas_assinado_v1_assinado_assinado-1-copia_tarjada.pdf
07:27:31 INFO     Finished converting document fiocruz_ptd_anexo_de_entregas_assinado_v1_assinado_assinado-1-copia_tarjada.pdf in 32.29 sec.
07:27:31 INFO       pixel_budget (Docling) fiocruz_ptd_anexo_de_entregas_assinado_v1_assinado_assinado-1-copia_tarjada.pdf: 54.7% (área tabelas/2004847 px²)
07:27:31 INFO     [7/15] ✓ FIOCRUZ   :   61 entregas | 32.3s | ETA ~5min
07:27:31 INFO     [8/15] → funai_anexo_de_entregas_repactuado_2026_2027_assinado_assinado_assinado.pdf
07:27:31 INFO     detected formats: [<InputFormat.PDF: 'pdf'>]
07:27:31 INFO     Going to convert document batch...
07:27:31 INFO     Processing document funai_anexo_de_entregas_repactuado_2026_2027_assinado_assinado_assinado.pdf
07:27:31 INFO     command: tesseract --psm 0 -l osd /tmp/tmpy_exvjyy.png stdout
07:27:32 INFO     command: tesseract -l por /tmp/tmpy_exvjyy.png stdout tsv
07:27:46 INFO     Finished converting document funai_anexo_de_entregas_repactuado_2026_2027_assinado_assinado_assinado.pdf in 14.93 sec.
07:27:46 INFO       pixel_budget (Docling) funai_anexo_de_entregas_repactuado_2026_2027_assinado_assinado_assinado.pdf: 49.8% (área tabelas/501212 px²)
07:27:46 INFO     [8/15] ✓ FUNAI     :   21 entregas | 14.9s | ETA ~4min
07:27:46 INFO     [9/15] → funai_ptd_2025_2027_docdiretivo_assinado-1_tarjado.pdf
07:27:46 INFO     detected formats: [<InputFormat.PDF: 'pdf'>]
07:27:46 INFO     Going to convert document batch...
07:27:46 INFO     Processing document funai_ptd_2025_2027_docdiretivo_assinado-1_tarjado.pdf
07:27:47 INFO     command: tesseract --psm 0 -l osd /tmp/tmpz8rmsf9z.png stdout
07:27:47 INFO     command: tesseract -l por /tmp/tmpz8rmsf9z.png stdout tsv
07:27:49 INFO     command: tesseract --psm 0 -l osd /tmp/tmpn6kp1g8d.png stdout
07:27:50 INFO     command: tesseract -l por /tmp/tmpn6kp1g8d.png stdout tsv
07:27:52 INFO     command: tesseract --psm 0 -l osd /tmp/tmp9ai0u4db.png stdout
07:27:53 INFO     command: tesseract -l por /tmp/tmp9ai0u4db.png stdout tsv
07:27:54 INFO     command: tesseract --psm 0 -l osd /tmp/tmp8x8k6kr1.png stdout
07:27:55 INFO     command: tesseract -l por /tmp/tmp8x8k6kr1.png stdout tsv
07:27:57 INFO     command: tesseract --psm 0 -l osd /tmp/tmpex9h6v3e.png stdout
07:27:58 INFO     command: tesseract -l por /tmp/tmpex9h6v3e.png stdout tsv
07:28:00 INFO     command: tesseract --psm 0 -l osd /tmp/tmp14te0wyh.png stdout
07:28:01 INFO     command: tesseract -l por /tmp/tmp14te0wyh.png stdout tsv
07:28:12 INFO     command: tesseract --psm 0 -l osd /tmp/tmphevonar2.png stdout
07:28:13 INFO     command: tesseract -l por /tmp/tmphevonar2.png stdout tsv
07:28:14 INFO     command: tesseract --psm 0 -l osd /tmp/tmpfgxny2am.png stdout
07:28:15 INFO     command: tesseract -l por /tmp/tmpfgxny2am.png stdout tsv
07:28:16 INFO     command: tesseract --psm 0 -l osd /tmp/tmpv8t1p99l.png stdout
07:28:17 INFO     command: tesseract -l por /tmp/tmpv8t1p99l.png stdout tsv
07:28:19 INFO     command: tesseract --psm 0 -l osd /tmp/tmpkf8icre6.png stdout
07:28:20 INFO     command: tesseract -l por /tmp/tmpkf8icre6.png stdout tsv
07:28:36 INFO     command: tesseract --psm 0 -l osd /tmp/tmpj_jqy_js.png stdout
07:28:37 INFO     command: tesseract -l por /tmp/tmpj_jqy_js.png stdout tsv
07:28:41 INFO     command: tesseract --psm 0 -l osd /tmp/tmplpr5d0u3.png stdout
07:28:42 INFO     command: tesseract -l por /tmp/tmplpr5d0u3.png stdout tsv
07:28:44 INFO     command: tesseract --psm 0 -l osd /tmp/tmpgu2py3l_.png stdout
07:28:44 INFO     command: tesseract -l por /tmp/tmpgu2py3l_.png stdout tsv
07:28:51 INFO     Finished converting document funai_ptd_2025_2027_docdiretivo_assinado-1_tarjado.pdf in 65.37 sec.
07:28:51 INFO       pixel_budget (Docling) funai_ptd_2025_2027_docdiretivo_assinado-1_tarjado.pdf: 16.4% (área tabelas/6515754 px²)
07:28:51 INFO     [9/15] ✓ FUNAI     :    8 entregas | 65.4s | ETA ~4min
07:28:51 INFO     [10/15] → incra_anexo_de_entregas_assinado-1_assinado_assinado-copia_tarjada.pdf
07:28:51 INFO     detected formats: [<InputFormat.PDF: 'pdf'>]
07:28:51 INFO     Going to convert document batch...
07:28:51 INFO     Processing document incra_anexo_de_entregas_assinado-1_assinado_assinado-copia_tarjada.pdf
07:28:52 INFO     command: tesseract --psm 0 -l osd /tmp/tmpd2fq2r2e.png stdout
07:28:53 INFO     command: tesseract -l por /tmp/tmpd2fq2r2e.png stdout tsv
07:28:56 INFO     command: tesseract --psm 0 -l osd /tmp/tmpsht55jo8.png stdout
07:28:57 INFO     command: tesseract -l por /tmp/tmpsht55jo8.png stdout tsv
07:29:05 INFO     command: tesseract --psm 0 -l osd /tmp/tmp7yb502yo.png stdout
07:29:06 INFO     command: tesseract -l por /tmp/tmp7yb502yo.png stdout tsv
07:29:08 INFO     command: tesseract --psm 0 -l osd /tmp/tmpw6g7a8hn.png stdout
07:29:09 INFO     command: tesseract -l por /tmp/tmpw6g7a8hn.png stdout tsv
07:29:11 INFO     command: tesseract --psm 0 -l osd /tmp/tmpm92vejre.png stdout
07:29:12 INFO     command: tesseract -l por /tmp/tmpm92vejre.png stdout tsv
07:30:42 INFO     Finished converting document incra_anexo_de_entregas_assinado-1_assinado_assinado-copia_tarjada.pdf in 110.68 sec.
07:30:42 INFO       pixel_budget (Docling) incra_anexo_de_entregas_assinado-1_assinado_assinado-copia_tarjada.pdf: 30.0% (área tabelas/2423520 px²)
07:30:42 INFO     [10/15] ✓ INCRA     :   10 entregas | 110.7s | ETA ~4min
07:30:42 INFO     [11/15] → incra_ptd_docdiretivo__assinado-1_assinado_assinado-copia_tarjada.pdf
07:30:42 INFO     detected formats: [<InputFormat.PDF: 'pdf'>]
07:30:42 INFO     Going to convert document batch...
07:30:42 INFO     Processing document incra_ptd_docdiretivo__assinado-1_assinado_assinado-copia_tarjada.pdf
07:30:43 INFO     command: tesseract --psm 0 -l osd /tmp/tmpab9qwlf4.png stdout
07:30:43 INFO     command: tesseract -l por /tmp/tmpab9qwlf4.png stdout tsv
07:30:45 INFO     command: tesseract --psm 0 -l osd /tmp/tmpah0cct62.png stdout
07:30:47 INFO     command: tesseract -l por /tmp/tmpah0cct62.png stdout tsv
07:30:54 INFO     command: tesseract --psm 0 -l osd /tmp/tmpda24wglw.png stdout
07:30:55 INFO     command: tesseract -l por /tmp/tmpda24wglw.png stdout tsv
07:30:57 INFO     command: tesseract --psm 0 -l osd /tmp/tmp82z401b3.png stdout
07:30:57 INFO     command: tesseract -l por /tmp/tmp82z401b3.png stdout tsv
07:30:59 INFO     command: tesseract --psm 0 -l osd /tmp/tmpb6m5452n.png stdout
07:31:00 INFO     command: tesseract -l por /tmp/tmpb6m5452n.png stdout tsv
07:31:02 INFO     command: tesseract --psm 0 -l osd /tmp/tmp2s77e6z1.png stdout
07:31:03 INFO     command: tesseract -l por /tmp/tmp2s77e6z1.png stdout tsv
07:31:20 INFO     command: tesseract --psm 0 -l osd /tmp/tmpmkxfbvab.png stdout
07:31:20 INFO     command: tesseract -l por /tmp/tmpmkxfbvab.png stdout tsv
07:31:22 INFO     command: tesseract --psm 0 -l osd /tmp/tmp91feq5bg.png stdout
07:31:23 INFO     command: tesseract -l por /tmp/tmp91feq5bg.png stdout tsv
07:31:24 INFO     command: tesseract --psm 0 -l osd /tmp/tmpo4dm6i6m.png stdout
07:31:25 INFO     command: tesseract -l por /tmp/tmpo4dm6i6m.png stdout tsv
07:31:27 INFO     command: tesseract --psm 0 -l osd /tmp/tmpj52lw4ty.png stdout
07:31:28 INFO     command: tesseract -l por /tmp/tmpj52lw4ty.png stdout tsv
07:31:34 INFO     command: tesseract --psm 0 -l osd /tmp/tmp332us6m5.png stdout
07:31:35 INFO     command: tesseract -l por /tmp/tmp332us6m5.png stdout tsv
07:31:43 INFO     command: tesseract --psm 0 -l osd /tmp/tmpt06mi7f4.png stdout
07:31:44 INFO     command: tesseract -l por /tmp/tmpt06mi7f4.png stdout tsv
07:31:46 INFO     command: tesseract --psm 0 -l osd /tmp/tmppx_bq431.png stdout
07:31:47 INFO     command: tesseract -l por /tmp/tmppx_bq431.png stdout tsv
07:31:54 INFO     Finished converting document incra_ptd_docdiretivo__assinado-1_assinado_assinado-copia_tarjada.pdf in 72.70 sec.
07:31:54 INFO       pixel_budget (Docling) incra_ptd_docdiretivo__assinado-1_assinado_assinado-copia_tarjada.pdf: 20.2% (área tabelas/6515754 px²)
07:31:54 INFO     [11/15] ✓ INCRA     :   11 entregas | 72.7s | ETA ~3min
07:31:54 INFO     [12/15] → iti_anexo_de_entregas_assinado.pdf
07:31:54 INFO     detected formats: [<InputFormat.PDF: 'pdf'>]
07:31:54 INFO     Going to convert document batch...
07:31:54 INFO     Processing document iti_anexo_de_entregas_assinado.pdf
07:31:55 INFO     command: tesseract --psm 0 -l osd /tmp/tmpbtadc_ys.png stdout
07:31:56 INFO     command: tesseract -l por /tmp/tmpbtadc_ys.png stdout tsv
07:32:12 INFO     Finished converting document iti_anexo_de_entregas_assinado.pdf in 17.30 sec.
07:32:12 INFO       pixel_budget (Docling) iti_anexo_de_entregas_assinado.pdf: 57.2% (área tabelas/501212 px²)
07:32:12 INFO     [12/15] ✓ ITI       :   31 entregas | 17.3s | ETA ~2min
07:32:12 INFO     [13/15] → iti_doc_diretivo_assinado-1_tarjado.pdf
07:32:12 INFO     detected formats: [<InputFormat.PDF: 'pdf'>]
07:32:12 INFO     Going to convert document batch...
07:32:12 INFO     Processing document iti_doc_diretivo_assinado-1_tarjado.pdf
07:32:12 INFO     command: tesseract --psm 0 -l osd /tmp/tmpq773bliy.png stdout
07:32:13 INFO     command: tesseract -l por /tmp/tmpq773bliy.png stdout tsv
07:32:15 INFO     command: tesseract --psm 0 -l osd /tmp/tmpnqpe0mc9.png stdout
07:32:17 INFO     command: tesseract -l por /tmp/tmpnqpe0mc9.png stdout tsv
07:32:20 INFO     command: tesseract --psm 0 -l osd /tmp/tmprzq1x4_q.png stdout
07:32:21 INFO     command: tesseract -l por /tmp/tmprzq1x4_q.png stdout tsv
07:32:23 INFO     command: tesseract --psm 0 -l osd /tmp/tmpklvrsap5.png stdout
07:32:23 INFO     command: tesseract -l por /tmp/tmpklvrsap5.png stdout tsv
07:32:25 INFO     command: tesseract --psm 0 -l osd /tmp/tmp22ln2u25.png stdout
07:32:26 INFO     command: tesseract -l por /tmp/tmp22ln2u25.png stdout tsv
07:32:28 INFO     command: tesseract --psm 0 -l osd /tmp/tmpy5xktla0.png stdout
07:32:29 INFO     command: tesseract -l por /tmp/tmpy5xktla0.png stdout tsv
07:32:46 INFO     command: tesseract --psm 0 -l osd /tmp/tmpwmnnx99l.png stdout
07:32:47 INFO     command: tesseract -l por /tmp/tmpwmnnx99l.png stdout tsv
07:32:49 INFO     command: tesseract --psm 0 -l osd /tmp/tmpjt3empi_.png stdout
07:32:49 INFO     command: tesseract -l por /tmp/tmpjt3empi_.png stdout tsv
07:32:52 INFO     command: tesseract --psm 0 -l osd /tmp/tmpm3mh1903.png stdout
07:32:52 INFO     command: tesseract -l por /tmp/tmpm3mh1903.png stdout tsv
07:32:55 INFO     command: tesseract --psm 0 -l osd /tmp/tmpmnnxio1u.png stdout
07:32:56 INFO     command: tesseract -l por /tmp/tmpmnnxio1u.png stdout tsv
07:33:02 INFO     command: tesseract --psm 0 -l osd /tmp/tmp89ssgzcd.png stdout
07:33:03 INFO     command: tesseract -l por /tmp/tmp89ssgzcd.png stdout tsv
07:33:10 INFO     Finished converting document iti_doc_diretivo_assinado-1_tarjado.pdf in 58.38 sec.
07:33:10 INFO       pixel_budget (Docling) iti_doc_diretivo_assinado-1_tarjado.pdf: 8.0% (área tabelas/5516339 px²)
07:33:10 INFO     [13/15] ✓ ITI       :    9 entregas | 58.4s | ETA ~1min
07:33:10 INFO     [14/15] → sgpr_ptd_2025_2027_anexo_de_entregas_assinado-copia_tarjada.pdf
07:33:10 INFO     detected formats: [<InputFormat.PDF: 'pdf'>]
07:33:10 INFO     Going to convert document batch...
07:33:10 INFO     Processing document sgpr_ptd_2025_2027_anexo_de_entregas_assinado-copia_tarjada.pdf
07:33:11 INFO     command: tesseract --psm 0 -l osd /tmp/tmpfmeg9u25.png stdout
07:33:12 INFO     command: tesseract -l por /tmp/tmpfmeg9u25.png stdout tsv
07:33:15 INFO     command: tesseract --psm 0 -l osd /tmp/tmp04eq391m.png stdout
07:33:16 INFO     command: tesseract -l por /tmp/tmp04eq391m.png stdout tsv
07:33:28 INFO     Finished converting document sgpr_ptd_2025_2027_anexo_de_entregas_assinado-copia_tarjada.pdf in 18.43 sec.
07:33:28 INFO       pixel_budget (Docling) sgpr_ptd_2025_2027_anexo_de_entregas_assinado-copia_tarjada.pdf: 29.5% (área tabelas/1002424 px²)
07:33:28 INFO     [14/15] ✓ SGPR      :   15 entregas | 18.4s | ETA ~48s
07:33:28 INFO     [15/15] → sgpr_ptd_2026_2027_docdiretivo_assinado-copia_tarjada.pdf
07:33:28 INFO     detected formats: [<InputFormat.PDF: 'pdf'>]
07:33:28 INFO     Going to convert document batch...
07:33:28 INFO     Processing document sgpr_ptd_2026_2027_docdiretivo_assinado-copia_tarjada.pdf
07:33:48 INFO     Finished converting document sgpr_ptd_2026_2027_docdiretivo_assinado-copia_tarjada.pdf in 19.72 sec.
07:33:48 INFO       pixel_budget (Docling) sgpr_ptd_2026_2027_docdiretivo_assinado-copia_tarjada.pdf: 8.2% (área tabelas/5513330 px²)
07:33:48 INFO     [15/15] ✓ SGPR      :    4 entregas | 19.7s | ETA ~0s
07:33:48 INFO     273 registros | 7 órgãos
07:33:48 INFO     ╔══════════════════════════════════════════════════════════════╗
07:33:48 INFO     ║                  ENTREGAS — fase concluída                   ║
07:33:48 INFO     ║  Processados: 15    |  ✓ 15  ⚠ 0                             ║
07:33:48 INFO     ║  Duração: 11.4 min                                           ║
07:33:48 INFO     ║  273 registros | 7 órgãos                                    ║
07:33:48 INFO     ╚══════════════════════════════════════════════════════════════╝
07:33:48 INFO     [1/7] → agu_ptd_2025_2027_docdiretivo_assinado_assinado_assinado-copia_tarjada.pdf
07:33:48 INFO     detected formats: [<InputFormat.PDF: 'pdf'>]
07:33:48 INFO     Going to convert document batch...
07:33:48 INFO     Processing document agu_ptd_2025_2027_docdiretivo_assinado_assinado_assinado-copia_tarjada.pdf
07:33:49 INFO     command: tesseract --psm 0 -l osd /tmp/tmp9yvxe_67.png stdout
07:33:49 INFO     command: tesseract -l por /tmp/tmp9yvxe_67.png stdout tsv
07:33:51 INFO     command: tesseract --psm 0 -l osd /tmp/tmpoga1fpto.png stdout
07:33:52 INFO     command: tesseract -l por /tmp/tmpoga1fpto.png stdout tsv
07:33:57 INFO     command: tesseract --psm 0 -l osd /tmp/tmpffa27x1j.png stdout
07:33:58 INFO     command: tesseract -l por /tmp/tmpffa27x1j.png stdout tsv
07:34:00 INFO     command: tesseract --psm 0 -l osd /tmp/tmpvmzfm1ez.png stdout
07:34:01 INFO     command: tesseract -l por /tmp/tmpvmzfm1ez.png stdout tsv
07:34:03 INFO     command: tesseract --psm 0 -l osd /tmp/tmpgphy_gw0.png stdout
07:34:04 INFO     command: tesseract -l por /tmp/tmpgphy_gw0.png stdout tsv
07:34:06 INFO     command: tesseract --psm 0 -l osd /tmp/tmp2lwzt63p.png stdout
07:34:07 INFO     command: tesseract -l por /tmp/tmp2lwzt63p.png stdout tsv
07:34:18 INFO     command: tesseract --psm 0 -l osd /tmp/tmp3qm0c5z6.png stdout
07:34:19 INFO     command: tesseract -l por /tmp/tmp3qm0c5z6.png stdout tsv
07:34:21 INFO     command: tesseract --psm 0 -l osd /tmp/tmpqbio_z07.png stdout
07:34:22 INFO     command: tesseract -l por /tmp/tmpqbio_z07.png stdout tsv
07:34:24 INFO     command: tesseract --psm 0 -l osd /tmp/tmpfl_g1oml.png stdout
07:34:25 INFO     command: tesseract -l por /tmp/tmpfl_g1oml.png stdout tsv
07:34:27 INFO     command: tesseract --psm 0 -l osd /tmp/tmpz4jqqbxa.png stdout
07:34:29 INFO     command: tesseract -l por /tmp/tmpz4jqqbxa.png stdout tsv
07:34:43 INFO     command: tesseract --psm 0 -l osd /tmp/tmp9lta0jg8.png stdout
07:34:43 INFO     command: tesseract -l por /tmp/tmp9lta0jg8.png stdout tsv
07:34:47 INFO     Finished converting document agu_ptd_2025_2027_docdiretivo_assinado_assinado_assinado-copia_tarjada.pdf in 58.52 sec.
07:34:47 INFO     [1/7] ✓ AGU       :   7 riscos | 58.5s | ETA ~5min
07:34:47 INFO     [2/7] → documento-diretivo-mcom-_-ptd-25_27-copia_tarjada.pdf
07:34:47 INFO     detected formats: [<InputFormat.PDF: 'pdf'>]
07:34:47 INFO     Going to convert document batch...
07:34:47 INFO     Processing document documento-diretivo-mcom-_-ptd-25_27-copia_tarjada.pdf
07:34:47 INFO     command: tesseract --psm 0 -l osd /tmp/tmp6vg_bwsx.png stdout
07:34:48 INFO     command: tesseract -l por /tmp/tmp6vg_bwsx.png stdout tsv
07:34:50 INFO     command: tesseract --psm 0 -l osd /tmp/tmpru02igpg.png stdout
07:34:51 INFO     command: tesseract -l por /tmp/tmpru02igpg.png stdout tsv
07:34:59 INFO     command: tesseract --psm 0 -l osd /tmp/tmpy2ppw7x4.png stdout
07:34:59 INFO     command: tesseract -l por /tmp/tmpy2ppw7x4.png stdout tsv
07:35:00 INFO     command: tesseract --psm 0 -l osd /tmp/tmpt9vv8nl0.png stdout
07:35:01 INFO     command: tesseract -l por /tmp/tmpt9vv8nl0.png stdout tsv
07:35:03 INFO     command: tesseract --psm 0 -l osd /tmp/tmp6ui_bb72.png stdout
07:35:04 INFO     command: tesseract -l por /tmp/tmp6ui_bb72.png stdout tsv
07:35:06 INFO     command: tesseract --psm 0 -l osd /tmp/tmpq46lr68p.png stdout
07:35:08 INFO     command: tesseract -l por /tmp/tmpq46lr68p.png stdout tsv
07:35:21 INFO     command: tesseract --psm 0 -l osd /tmp/tmpsk101huf.png stdout
07:35:22 INFO     command: tesseract -l por /tmp/tmpsk101huf.png stdout tsv
07:35:25 INFO     command: tesseract --psm 0 -l osd /tmp/tmphbp2kosk.png stdout
07:35:26 INFO     command: tesseract -l por /tmp/tmphbp2kosk.png stdout tsv
07:35:28 INFO     command: tesseract --psm 0 -l osd /tmp/tmpq_50wtix.png stdout
07:35:29 INFO     command: tesseract -l por /tmp/tmpq_50wtix.png stdout tsv
07:35:31 INFO     command: tesseract --psm 0 -l osd /tmp/tmpcc29wuos.png stdout
07:35:32 INFO     command: tesseract -l por /tmp/tmpcc29wuos.png stdout tsv
07:35:37 INFO     command: tesseract --psm 0 -l osd /tmp/tmpw13y6js3.png stdout
07:35:38 INFO     command: tesseract -l por /tmp/tmpw13y6js3.png stdout tsv
07:35:43 INFO     command: tesseract --psm 0 -l osd /tmp/tmpxkzvvik_.png stdout
07:35:43 INFO     command: tesseract -l por /tmp/tmpxkzvvik_.png stdout tsv
07:35:45 INFO     command: tesseract --psm 0 -l osd /tmp/tmpg4mm_2p5.png stdout
07:35:46 INFO     command: tesseract -l por /tmp/tmpg4mm_2p5.png stdout tsv
07:35:48 INFO     command: tesseract --psm 0 -l osd /tmp/tmpeb1s8o5n.png stdout
07:35:49 INFO     command: tesseract -l por /tmp/tmpeb1s8o5n.png stdout tsv
07:35:55 INFO     Finished converting document documento-diretivo-mcom-_-ptd-25_27-copia_tarjada.pdf in 68.17 sec.
07:35:55 INFO     [2/7] ✓ MCOM      :  14 riscos | 68.2s | ETA ~5min
07:35:55 INFO     [3/7] → fiocruz_novo-ptd_2-1_docdiretivo_repactuacao_2024-2026_assinado_assinado-copia_tarjada.pdf
07:35:55 INFO     detected formats: [<InputFormat.PDF: 'pdf'>]
07:35:55 INFO     Going to convert document batch...
07:35:55 INFO     Processing document fiocruz_novo-ptd_2-1_docdiretivo_repactuacao_2024-2026_assinado_assinado-copia_tarjada.pdf
07:36:13 INFO     Finished converting document fiocruz_novo-ptd_2-1_docdiretivo_repactuacao_2024-2026_assinado_assinado-copia_tarjada.pdf in 17.71 sec.
07:36:13 INFO     [3/7] ✓ FIOCRUZ   :   6 riscos | 17.7s | ETA ~3min
07:36:13 INFO     [4/7] → funai_ptd_2025_2027_docdiretivo_assinado-1_tarjado.pdf
07:36:13 INFO     detected formats: [<InputFormat.PDF: 'pdf'>]
07:36:13 INFO     Going to convert document batch...
07:36:13 INFO     Processing document funai_ptd_2025_2027_docdiretivo_assinado-1_tarjado.pdf
07:36:14 INFO     command: tesseract --psm 0 -l osd /tmp/tmpbxd9d0tg.png stdout
07:36:15 INFO     command: tesseract -l por /tmp/tmpbxd9d0tg.png stdout tsv
07:36:16 INFO     command: tesseract --psm 0 -l osd /tmp/tmptil3hq5l.png stdout
07:36:17 INFO     command: tesseract -l por /tmp/tmptil3hq5l.png stdout tsv
07:36:20 INFO     command: tesseract --psm 0 -l osd /tmp/tmph_5uiy9p.png stdout
07:36:21 INFO     command: tesseract -l por /tmp/tmph_5uiy9p.png stdout tsv
07:36:23 INFO     command: tesseract --psm 0 -l osd /tmp/tmp4n1fvz9j.png stdout
07:36:24 INFO     command: tesseract -l por /tmp/tmp4n1fvz9j.png stdout tsv
07:36:25 INFO     command: tesseract --psm 0 -l osd /tmp/tmpn77a_enr.png stdout
07:36:26 INFO     command: tesseract -l por /tmp/tmpn77a_enr.png stdout tsv
07:36:28 INFO     command: tesseract --psm 0 -l osd /tmp/tmp4mgd5h16.png stdout
07:36:30 INFO     command: tesseract -l por /tmp/tmp4mgd5h16.png stdout tsv
07:36:39 INFO     command: tesseract --psm 0 -l osd /tmp/tmps7n6_4rw.png stdout
07:36:40 INFO     command: tesseract -l por /tmp/tmps7n6_4rw.png stdout tsv
07:36:41 INFO     command: tesseract --psm 0 -l osd /tmp/tmpm123g4mb.png stdout
07:36:42 INFO     command: tesseract -l por /tmp/tmpm123g4mb.png stdout tsv
07:36:43 INFO     command: tesseract --psm 0 -l osd /tmp/tmpww04pjug.png stdout
07:36:44 INFO     command: tesseract -l por /tmp/tmpww04pjug.png stdout tsv
07:36:46 INFO     command: tesseract --psm 0 -l osd /tmp/tmp_sj7cgpq.png stdout
07:36:47 INFO     command: tesseract -l por /tmp/tmp_sj7cgpq.png stdout tsv
07:37:03 INFO     command: tesseract --psm 0 -l osd /tmp/tmp0vgnb_p6.png stdout
07:37:04 INFO     command: tesseract -l por /tmp/tmp0vgnb_p6.png stdout tsv
07:37:09 INFO     command: tesseract --psm 0 -l osd /tmp/tmpwvdhhm5i.png stdout
07:37:10 INFO     command: tesseract -l por /tmp/tmpwvdhhm5i.png stdout tsv
07:37:11 INFO     command: tesseract --psm 0 -l osd /tmp/tmpq4baqaqr.png stdout
07:37:12 INFO     command: tesseract -l por /tmp/tmpq4baqaqr.png stdout tsv
07:37:18 INFO     Finished converting document funai_ptd_2025_2027_docdiretivo_assinado-1_tarjado.pdf in 65.85 sec.
07:37:18 INFO     [4/7] ✓ FUNAI     :  15 riscos | 65.9s | ETA ~2min
07:37:18 INFO     [5/7] → incra_ptd_docdiretivo__assinado-1_assinado_assinado-copia_tarjada.pdf
07:37:18 INFO     detected formats: [<InputFormat.PDF: 'pdf'>]
07:37:18 INFO     Going to convert document batch...
07:37:18 INFO     Processing document incra_ptd_docdiretivo__assinado-1_assinado_assinado-copia_tarjada.pdf
07:37:20 INFO     command: tesseract --psm 0 -l osd /tmp/tmpxu4nu7pb.png stdout
07:37:20 INFO     command: tesseract -l por /tmp/tmpxu4nu7pb.png stdout tsv
07:37:22 INFO     command: tesseract --psm 0 -l osd /tmp/tmpu43k8auy.png stdout
07:37:23 INFO     command: tesseract -l por /tmp/tmpu43k8auy.png stdout tsv
07:37:30 INFO     command: tesseract --psm 0 -l osd /tmp/tmp_u55s7az.png stdout
07:37:31 INFO     command: tesseract -l por /tmp/tmp_u55s7az.png stdout tsv
07:37:33 INFO     command: tesseract --psm 0 -l osd /tmp/tmp9k7dch1c.png stdout
07:37:33 INFO     command: tesseract -l por /tmp/tmp9k7dch1c.png stdout tsv
07:37:35 INFO     command: tesseract --psm 0 -l osd /tmp/tmp8ll3duea.png stdout
07:37:36 INFO     command: tesseract -l por /tmp/tmp8ll3duea.png stdout tsv
07:37:38 INFO     command: tesseract --psm 0 -l osd /tmp/tmpp9phbp6q.png stdout
07:37:39 INFO     command: tesseract -l por /tmp/tmpp9phbp6q.png stdout tsv
07:37:50 INFO     command: tesseract --psm 0 -l osd /tmp/tmpyhajcu8e.png stdout
07:37:51 INFO     command: tesseract -l por /tmp/tmpyhajcu8e.png stdout tsv
07:37:54 INFO     command: tesseract --psm 0 -l osd /tmp/tmpp6kf7kfk.png stdout
07:37:55 INFO     command: tesseract -l por /tmp/tmpp6kf7kfk.png stdout tsv
07:37:56 INFO     command: tesseract --psm 0 -l osd /tmp/tmpxq8pazwh.png stdout
07:37:57 INFO     command: tesseract -l por /tmp/tmpxq8pazwh.png stdout tsv
07:37:59 INFO     command: tesseract --psm 0 -l osd /tmp/tmp2q6pxapq.png stdout
07:38:00 INFO     command: tesseract -l por /tmp/tmp2q6pxapq.png stdout tsv
07:38:06 INFO     command: tesseract --psm 0 -l osd /tmp/tmp3deg8cxz.png stdout
07:38:06 INFO     command: tesseract -l por /tmp/tmp3deg8cxz.png stdout tsv
07:38:16 INFO     command: tesseract --psm 0 -l osd /tmp/tmpj_6dv_j7.png stdout
07:38:17 INFO     command: tesseract -l por /tmp/tmpj_6dv_j7.png stdout tsv
07:38:19 INFO     command: tesseract --psm 0 -l osd /tmp/tmpd91ra29l.png stdout
07:38:19 INFO     command: tesseract -l por /tmp/tmpd91ra29l.png stdout tsv
07:38:27 INFO     Finished converting document incra_ptd_docdiretivo__assinado-1_assinado_assinado-copia_tarjada.pdf in 68.36 sec.
07:38:27 INFO     [5/7] ✓ INCRA     :  15 riscos | 68.4s | ETA ~1min
07:38:27 INFO     [6/7] → iti_doc_diretivo_assinado-1_tarjado.pdf
07:38:27 INFO     detected formats: [<InputFormat.PDF: 'pdf'>]
07:38:27 INFO     Going to convert document batch...
07:38:27 INFO     Processing document iti_doc_diretivo_assinado-1_tarjado.pdf
07:38:27 INFO     command: tesseract --psm 0 -l osd /tmp/tmp5ejlgdpq.png stdout
07:38:28 INFO     command: tesseract -l por /tmp/tmp5ejlgdpq.png stdout tsv
07:38:31 INFO     command: tesseract --psm 0 -l osd /tmp/tmptymq4kgt.png stdout
07:38:32 INFO     command: tesseract -l por /tmp/tmptymq4kgt.png stdout tsv
07:38:36 INFO     command: tesseract --psm 0 -l osd /tmp/tmp_tqjp0zs.png stdout
07:38:37 INFO     command: tesseract -l por /tmp/tmp_tqjp0zs.png stdout tsv
07:38:39 INFO     command: tesseract --psm 0 -l osd /tmp/tmpvoe6qnf9.png stdout
07:38:39 INFO     command: tesseract -l por /tmp/tmpvoe6qnf9.png stdout tsv
07:38:41 INFO     command: tesseract --psm 0 -l osd /tmp/tmpq0fd85ol.png stdout
07:38:42 INFO     command: tesseract -l por /tmp/tmpq0fd85ol.png stdout tsv
07:38:44 INFO     command: tesseract --psm 0 -l osd /tmp/tmpveagbldm.png stdout
07:38:45 INFO     command: tesseract -l por /tmp/tmpveagbldm.png stdout tsv
07:39:01 INFO     command: tesseract --psm 0 -l osd /tmp/tmpct091ey_.png stdout
07:39:02 INFO     command: tesseract -l por /tmp/tmpct091ey_.png stdout tsv
07:39:04 INFO     command: tesseract --psm 0 -l osd /tmp/tmpt1wxy_wo.png stdout
07:39:05 INFO     command: tesseract -l por /tmp/tmpt1wxy_wo.png stdout tsv
07:39:07 INFO     command: tesseract --psm 0 -l osd /tmp/tmpi8osfrw9.png stdout
07:39:07 INFO     command: tesseract -l por /tmp/tmpi8osfrw9.png stdout tsv
07:39:10 INFO     command: tesseract --psm 0 -l osd /tmp/tmps26qww6b.png stdout
07:39:11 INFO     command: tesseract -l por /tmp/tmps26qww6b.png stdout tsv
07:39:20 INFO     command: tesseract --psm 0 -l osd /tmp/tmpaw98omw8.png stdout
07:39:21 INFO     command: tesseract -l por /tmp/tmpaw98omw8.png stdout tsv
07:39:27 INFO     Finished converting document iti_doc_diretivo_assinado-1_tarjado.pdf in 60.17 sec.
07:39:27 INFO     [6/7] ✓ ITI       :  14 riscos | 60.2s | ETA ~56s
07:39:27 INFO     [7/7] → sgpr_ptd_2026_2027_docdiretivo_assinado-copia_tarjada.pdf
07:39:27 INFO     detected formats: [<InputFormat.PDF: 'pdf'>]
07:39:27 INFO     Going to convert document batch...
07:39:27 INFO     Processing document sgpr_ptd_2026_2027_docdiretivo_assinado-copia_tarjada.pdf
07:39:47 INFO     Finished converting document sgpr_ptd_2026_2027_docdiretivo_assinado-copia_tarjada.pdf in 19.71 sec.
07:39:47 INFO     [7/7] ✓ SGPR      :  10 riscos | 19.7s | ETA ~0s
07:39:47 INFO     ╔══════════════════════════════════════════════════════════════╗
07:39:47 INFO     ║                   RISCOS — fase concluída                    ║
07:39:47 INFO     ║  Processados: 7     |  ✓ 7  ⚠ 0                              ║
07:39:47 INFO     ║  Duração: 6.0 min                                            ║
07:39:47 INFO     ║  81 riscos | 7 órgãos                                        ║
07:39:47 INFO     ╚══════════════════════════════════════════════════════════════╝
07:39:47 INFO     81 riscos | 0 ações | 135 relações
07:39:47 INFO     ptd_corpus_raw                     : 273 linhas
07:39:47 INFO     ptd_pivot_eixos                    : 7 linhas
07:39:50 INFO     ptd_datas_assinatura               : 132 linhas
07:39:50 INFO     ptd_riscos                         : 81 linhas
07:39:50 INFO     ptd_riscos_acoes                   : 135 linhas
07:39:50 INFO     Manifesto salvo: pipeline_manifest.json | SHA-256 de 132 PDFs
07:39:50 INFO     ==================================================
07:39:50 INFO     PTD-BR v3.0-melhorado — PIPELINE CONCLUÍDO
07:39:50 INFO     ==================================================
07:39:50 INFO     ptd_corpus_raw.csv                        167 KB
07:39:50 INFO     ptd_pivot_eixos.csv                         0 KB
07:39:50 INFO     ptd_datas_assinatura.csv                    9 KB
07:39:50 INFO     ptd_riscos.csv                             23 KB
07:39:50 INFO     ptd_riscos_acoes.csv                        2 KB
07:39:50 INFO     proveniencia.json                           0 KB
07:39:50 INFO     pipeline_manifest.json                     21 KB
07:39:50 INFO     📦 Artefatos: https://github.com/freirelucas/teste/actions/runs/24069164120
07:39:50 INFO     ==================================================
