03:41:41 INFO     Docling disponível
03:41:41 WARNING  OCR fallback indisponível (IndentationError: unexpected indent (ptd_ocr_fallback.py, line 45))
03:41:43 INFO     Ignorado (guia/template/norma): ABNT-NBR-17225-Acessibilidade-Digital.pdf
03:41:43 INFO     Ignorado (guia/template/norma): cgrep-guia10passos-ptd-orgao.pdf
03:41:43 INFO     Ignorado (guia/template/norma): ABNT-NBR-17225-Acessibilidade-Digital.pdf
03:41:43 INFO     Scraping: 132 PDFs únicos | entregas: 68 | diretivos: 61
03:41:43 INFO     Baixando 132 PDFs únicos...
03:41:45 INFO     ✓ [  1/132] abin_ptd_anexo_de_entregas_assinado_pelo_orgao_ass   293.3KB
03:41:49 INFO     ✓ [  2/132] aeb_ptd_2025_2027_docdiretivo_aprovado_assinado-1_  1033.7KB
03:41:51 INFO     ✓ [  3/132] aeb_ptd_2025_2027_anexo_de_entregas_aprovado_assin   154.5KB
03:41:56 INFO     ✓ [  4/132] agu_ptd_2025_2027_docdiretivo_assinado_assinado_as  2860.3KB
03:41:59 INFO     ✓ [  5/132] agu_ptd_2025_2027_anexo_de_entregas_assinado_assin   525.5KB
03:42:02 INFO     ✓ [  6/132] ana_ptd_2025_2027_docdiretivo_assinado_assinado_as   477.2KB
03:42:04 INFO     ✓ [  7/132] ana_ptd_2025_2027_anexoentregas_assinado_assinado_   170.9KB
03:42:07 INFO     ✓ [  8/132] anac_ptd_2025_2026_docdiretivo_se_assinado_tarjado  1036.3KB
03:42:09 INFO     ✓ [  9/132] anac_ptd_2025_2026_anexo_de_entregas_se_assinado.p   215.2KB
03:42:13 INFO     ✓ [ 10/132] anatel_ptd_docdiretivo_assinado_2025_2026_assinado  1006.0KB
03:42:15 INFO     ✓ [ 11/132] anatel_ptd_2025_2026_anexo_de_entregas_do_ptd_publ    71.9KB
03:42:18 INFO     ✓ [ 12/132] ancine_ptd_2024_2026_docdiretivo_assinado-2_assina   961.8KB
03:42:21 INFO     ✓ [ 13/132] ancine_ptd_2024_2026_-_anexo_de_entregas_aprovado_   613.2KB
03:42:24 INFO     ✓ [ 14/132] ptd_aneel_2025-2027_docdiretivo_assinado_tarjado.p   779.6KB
03:42:26 INFO     ✓ [ 15/132] ptd_aneel_2025-2027_anexo_de_entregas_assinado.pdf   111.9KB
03:42:29 INFO     ✓ [ 16/132] anm_ptd_2025_2027_docdiretivo_assinadopeloorgao_ta  1092.5KB
03:42:33 INFO     ✓ [ 17/132] anm_ptd_2025_2027_anexo_entregas_assinadopeloorgao  1140.4KB
03:42:36 INFO     ✓ [ 18/132] anpd_ptd_2025_2027_docdiretivo_assinado_assinado_a  1044.3KB
03:42:38 INFO     ✓ [ 19/132] anpd_ptd_2025_2027_anexo_de_entregas_assinado_assi   166.5KB
03:42:42 INFO     ✓ [ 20/132] ans-plano_de_transformacao_digital_assinado-copia_  1023.4KB
03:42:44 INFO     ✓ [ 21/132] ans_ptd_2025_2026_anexo_de_entregas_assinado_assin   124.1KB
03:42:47 INFO     ✓ [ 22/132] antaq_ptd_2025_2027_docdiretivo_assinado_assinado_  1039.8KB
03:42:49 INFO     ✓ [ 23/132] antaq_ptd_2025_2027_anexoentregas_assinado_assinad   145.1KB
03:42:51 INFO     ✓ [ 24/132] mt_anexo_de_entregas_-_assinado_assinado_assinado_   143.6KB
03:43:00 INFO     ✓ [ 25/132] anvisa_ptd_docdiretivo_2025-2026_assinado_assinado  5771.2KB
03:43:02 INFO     ✓ [ 26/132] anvisa_ptd_anexo_de_entregas_2025_2026_assinado_as   239.0KB
03:43:05 INFO     ✓ [ 27/132] bcb_documento_diretivo_assinado_assinado_assinado-   713.7KB
03:43:07 INFO     ✓ [ 28/132] bcb_anexo_de_entregas_ptd_25_26-1_assinado_assinad   134.8KB
03:43:10 INFO     ✓ [ 29/132] cade_ptd_docdiretivo_2025_2026_assinado-2_assinado   810.4KB
03:43:13 INFO     ✓ [ 30/132] cade_ptd_anexo_de_entregas_2025_2026_assinado_copi   504.0KB
03:43:16 INFO     ✓ [ 31/132] mec_ptd_docdiretivo_2025-2026_sei_mec-5566673_copi   863.1KB
03:43:19 INFO     ✓ [ 32/132] mec_ptd_anexo-de-entregas_sei_mec-5576401_copia_ta   495.7KB
03:43:22 INFO     ✓ [ 33/132] mec_ptd_docdiretivo-versao-comunicacao_copia_tarja  1616.5KB
03:43:25 INFO     ✓ [ 34/132] md_ptd_2026_2027_anexo_de_entregas_assinado_assina   579.4KB
03:43:27 INFO     ✓ [ 35/132] md_ptd_2026_2027_anexo_de_entregas_assinado_assina   186.8KB
03:43:30 INFO     ✓ [ 36/132] md_ptd_temp_copia_tarjada.pdf                        741.9KB
03:43:33 INFO     ✓ [ 37/132] cgu_ptd_docdiretivo_assinado_assinado_assinado-cop  1085.4KB
03:43:36 INFO     ✓ [ 38/132] cgu_ptd_anexo_de_entregas_pactuadas_assinado_assin   514.1KB
03:43:39 INFO     ✓ [ 39/132] cnpq_ptd_2025_2027_docdiretivo_assinado_assinado_a   342.9KB
03:43:41 INFO     ✓ [ 40/132] cnpq_ptd_2025_2027_anexo_de_entregas_assinado_assi   136.1KB
03:43:44 INFO     ✓ [ 41/132] coaf_ptd_2025_2026_documento_diretivo_assinado_ass  1068.0KB
03:43:50 INFO     ✓ [ 42/132] coaf_ptd_2025_2026_anexo_de_entregas-2_assinado_as  3184.5KB
03:43:56 INFO     ✓ [ 43/132] ptd_midr-docdiretivo_aprovado_assinado_tarjado.pdf  3864.1KB
03:43:59 INFO     ✓ [ 44/132] ptd_midr_-_anexo_de_entregas_-_aprovado_assinado.p  1122.0KB
03:44:02 INFO     ✓ [ 45/132] mda-documento-diretivo-assinado_ptd-2025-207-copia   955.8KB
03:44:05 INFO     ✓ [ 46/132] cvm_ptd_2025_2027_docdiretivo_assinado_assinado_as   270.5KB
03:44:07 INFO     ✓ [ 47/132] cvm_ptd_2025_2027_anexoentregas_assinado_assinado_   409.0KB
03:44:10 INFO     ✓ [ 48/132] dnocs_ptd_doc_diretivo_2025_2026_assinado_orgao-2_   891.1KB
03:44:13 INFO     ✓ [ 49/132] dnocs_anexo_de_entregas_repactuado_2025_2026_assin   272.3KB
03:44:18 INFO     ✓ [ 50/132] fbn_ptd_2025_2027_docdiretivo_assinado-1_tarjado.p  2921.6KB
03:44:20 INFO     ✓ [ 51/132] fbn_ptd_2025_2027_anexo_de_entregas_assinado-1.pdf   162.3KB
03:44:24 INFO     ✓ [ 52/132] fcp_ptd_2025_2027_docdiretivo_assinado-1_tarjado.p  1612.0KB
03:44:26 INFO     ✓ [ 53/132] fcp_ptd_2025_2027_anexo_de_entregas_assinado-1.pdf   118.8KB
03:44:29 INFO     ✓ [ 54/132] fcrb_ptd_2025_2026_docdiretivo_aprovado_assinado-1   998.2KB
03:44:32 INFO     ✓ [ 55/132] fcrb_ptd_2025_2026_anexo_de_entregas_aprovado_assi   313.5KB
03:44:35 INFO     ✓ [ 56/132] fiocruz_novo-ptd_2-1_docdiretivo_repactuacao_2024-  1318.1KB
03:44:37 INFO     ✓ [ 57/132] fiocruz_ptd_anexo_de_entregas_assinado_v1_assinado   257.1KB
03:44:41 INFO     ✓ [ 58/132] fiocruz-ptd-06_2024-copia_tarjada.pdf               1693.8KB
03:44:46 INFO     ✓ [ 59/132] funai_ptd_2025_2027_docdiretivo_assinado-1_tarjado  1842.1KB
03:44:48 INFO     ✓ [ 60/132] funai_anexo_de_entregas_repactuado_2026_2027_assin   435.7KB
03:44:51 INFO     ✓ [ 61/132] funarte_ptd_docdiretivo_assinado_21_01_2025_assina   965.7KB
03:44:54 INFO     ✓ [ 62/132] funarte_ptd_anexo_de_entregas_assinado_v1_assinado   683.6KB
03:44:57 INFO     ✓ [ 63/132] fundacentro_ptd_2025_2027_docdiretivo_assinado_ass   826.6KB
03:45:00 INFO     ✓ [ 64/132] fundacentro_ptd_2025_2027_anexo_de_entregas_assina   635.5KB
03:45:03 INFO     ✓ [ 65/132] mma_ptd_docdiretivo_assinado_2025_2026-1_assinado_   949.3KB
03:45:05 INFO     ✓ [ 66/132] mma_ptd_anexo_de_entregas_aprovado_final_assinado_   174.8KB
03:45:09 INFO     ✓ [ 67/132] ibge_docdiretivo_2025_assinado_assinado_assinado-c  1167.3KB
03:45:11 INFO     ✓ [ 68/132] ibge_ptd_25_26_anexo_de_entregas_modelo_v2-1_assin   143.7KB
03:45:21 INFO     ✓ [ 69/132] incra_ptd_docdiretivo__assinado-1_assinado_assinad  7182.0KB
03:45:25 INFO     ✓ [ 70/132] incra_anexo_de_entregas_assinado-1_assinado_assina  1818.6KB
03:45:30 INFO     ✓ [ 71/132] inpi_ptd_docdiretivo_assinado_2025_2026_assinado_a  3322.4KB
03:45:36 INFO     ✓ [ 72/132] inpi_ptd_anexo_de_entregas_assinado_v1_assinado_as  3078.1KB
03:45:39 INFO     ✓ [ 73/132] inss_ptd_2025_2027_docdiretivo-assinado-copia_tarj  1173.3KB
03:45:41 INFO     ✓ [ 74/132] inss_ptd_2025_2027_anexo_de_entregas-assinado-copi   110.8KB
03:45:44 INFO     ✓ [ 75/132] iphan_ptd_docdiretivo_assinado_2025_2026_assinado_   885.7KB
03:45:46 INFO     ✓ [ 76/132] iphan_ptd_anexo_de_entregas_assinado_v1_assinado_a   310.9KB
03:45:54 INFO     ✓ [ 77/132] iti_doc_diretivo_assinado-1_tarjado.pdf             4905.1KB
03:45:56 INFO     ✓ [ 78/132] iti_anexo_de_entregas_assinado.pdf                   556.4KB
03:46:00 INFO     ✓ [ 79/132] mapa_ptd_2025_2027_docdiretivo_assinado-1_tarjado.  1740.9KB
03:46:03 INFO     ✓ [ 80/132] mapa_ptd_2025_2027_anexo_de_entregas_assinado-1.pd   261.9KB
03:46:09 INFO     ✓ [ 81/132] documento-diretivo-mcom-_-ptd-25_27-copia_tarjada.  4451.9KB
03:46:13 INFO     ✓ [ 82/132] anexo-de-entregas-mcom_ptd-25_27-copia_tarjada.pdf  1213.8KB
03:46:18 INFO     ✓ [ 83/132] ptd_21_24_mcom-copia_tarjada.pdf                    3040.7KB
03:46:21 INFO     ✓ [ 84/132] mcti_ptd_2025-2027_docdiretivo_assinado-copia_tarj  1030.7KB
03:46:23 INFO     ✓ [ 85/132] mcti_ptd_2025-2027_anexo-de-entregas_assinado-copi   145.8KB
03:46:26 INFO     ✓ [ 86/132] mda-anexo-entregas-assinado_ptd-2025-2027-copia-ta   284.6KB
03:46:29 INFO     ✓ [ 87/132] mdhc_ptd_2025_2027_docdiretivo_assinado_assinado_a   753.4KB
03:46:31 INFO     ✓ [ 88/132] mdhc_ptd_2025_2027_anexoentregas_assinado_assinado   186.8KB
03:46:33 INFO     ✓ [ 89/132] mdic_ptd_anexo_de_entregas_assinado_v1_assinado_as   176.6KB
03:46:36 INFO     ✓ [ 90/132] memp_ptd_2025_2026_docdiretivo_assinado_assinado_a  1030.1KB
03:46:39 INFO     ✓ [ 91/132] memp_ptd_2025_2026_anexo_de_entregas_assinado_assi   161.5KB
03:46:42 INFO     ✓ [ 92/132] mesp_ptd_2025_2027_docdiretivo_assinado_assinado_2  1147.7KB
03:46:44 INFO     ✓ [ 93/132] mesp_ptd_2025_2027_anexo_de_entregas_assinado_assi   226.6KB
03:46:48 INFO     ✓ [ 94/132] mf_ptd_2026_2027_documentodiretivo_assinado_assina   955.1KB
03:46:50 INFO     ✓ [ 95/132] mf_ptd_2026_2027_anexo_de_entregas_1_mf_se_assinad   241.2KB
03:46:53 INFO     ✓ [ 96/132] mgi_ptd_2025_2027_docdiretivo_assinado_assinado_as   375.2KB
03:46:55 INFO     ✓ [ 97/132] mgi_ptd_2025_2027_anexo_de_entregas_assinado_assin   256.1KB
03:46:58 INFO     ✓ [ 98/132] minc_ptd_2025_2027_docdiretivo_assinado-1_assinado   863.6KB
03:47:01 INFO     ✓ [ 99/132] minc_ptd_2025_2027_anexo_de_entregas_assinado-1_as   276.7KB
03:47:04 INFO     ✓ [100/132] mjsp_ptd_docdiretivo_assinado_2025_2026_assinado_a   954.0KB
03:47:06 INFO     ✓ [101/132] mjsp_ptd_anexo_de_entregas_assinado_v1_assinado_as   253.9KB
03:47:09 INFO     ✓ [102/132] mme_ptd_2025_2027_docdiretivo_assinado-copia_tarja   664.5KB
03:47:11 INFO     ✓ [103/132] mme_ptd_2025_2027_anexo_de_entregas_assinado__1_-c   111.1KB
03:47:15 INFO     ✓ [104/132] mmulheres_ptd_2025_2027_docdiretivo_assinado_assin  1078.3KB
03:47:17 INFO     ✓ [105/132] mmulheres_ptd_2025_2027_anexo_de_entregas_assinado   216.9KB
03:47:20 INFO     ✓ [106/132] mpi_ptd_2025_2027_docdiretivo_ministerio_dos_povos   947.9KB
03:47:23 INFO     ✓ [107/132] mpi_ptd_anexo_de_entregas_do_plano_de_tranformacao   191.9KB
03:47:26 INFO     ✓ [108/132] mpo_ptd_docdiretivo_assinado_2025_2026_assinado_as   806.3KB
03:47:28 INFO     ✓ [109/132] mpo_ptd_anexo_de_entregas_assinado_v1_assinado_ass   323.2KB
03:47:31 INFO     ✓ [110/132] mpor_ptd_2025_2027_docdiretivo_assinado_assinado_a   876.5KB
03:47:33 INFO     ✓ [111/132] mpor_ptd_2025_2027_anexo_de_entregas_assinado_assi   175.1KB
03:47:37 INFO     ✓ [112/132] mps_ptd_2025-2026_docdiretivo_final_assinado-1_ass  1024.4KB
03:47:39 INFO     ✓ [113/132] mps_ptd_2025-2026_anexo_de_entregas_final_assinado   165.0KB
03:47:42 INFO     ✓ [114/132] mre_ptd_docdiretivo_assinado_2025_2026_assinado_as   760.9KB
03:47:44 INFO     ✓ [115/132] mre_ptd_anexo_de_entregas_assinado_v1_assinado_ass   233.2KB
03:47:47 INFO     ✓ [116/132] mte_ptd_2025_2026_docdiretivo_assinado_assinado_as   729.6KB
03:47:50 INFO     ✓ [117/132] mte_ptd_anexo_de_entregas_assinado_v1__281_29_assi   459.5KB
03:47:54 INFO     ✓ [118/132] mtur_ptd_docdiretiv_assinado_30_01_2025_assinado_a  1050.4KB
03:47:56 INFO     ✓ [119/132] mtur_ptd_anexo_de_entregas_assinado_30_01_2025_ass   118.8KB
03:47:59 INFO     ✓ [120/132] pf_ptd_docdiretivo_2025_2027_assinado-copia_tarjad   964.3KB
03:48:01 INFO     ✓ [121/132] pf_ptd_anexo_de_entregas_2025_2027_assinado-copia_    62.5KB
03:48:04 INFO     ✓ [122/132] mf_ptd_2026_2027_anexo_de_entregas_4_mf_pgfn_assin   466.8KB
03:48:13 INFO     ✓ [123/132] previc_plano_de_transformacao_digital_2025_2026_29  6652.7KB
03:48:15 INFO     ✓ [124/132] previc_ptd_repactuacao_2025-2026_assinado_assinado   182.9KB
03:48:18 INFO     ✓ [125/132] prf_documentodiretivo_ptd_2026-2027_assinado_tarja   535.9KB
03:48:20 INFO     ✓ [126/132] prf_anexo_de_entregas_do_ptd__2026_2027___ptd___en   157.7KB
03:48:23 INFO     ✓ [127/132] mf_ptd_2026_2027_anexo_de_entregas_2_mf_rfb_assina   253.7KB
03:48:26 INFO     ✓ [128/132] sgpr_ptd_2026_2027_docdiretivo_assinado-copia_tarj   791.2KB
03:48:30 INFO     ✓ [129/132] sgpr_ptd_2025_2027_anexo_de_entregas_assinado-copi   897.9KB
03:48:32 INFO     ✓ [130/132] mf_ptd_2026_2027_anexo_de_entregas_3_mf_stn_assina   467.8KB
03:48:35 INFO     ✓ [131/132] susep_ptd_2025_2027_docdiretivo-assinado-copia_tar  1030.1KB
03:48:38 INFO     ✓ [132/132] susep_ptd_2025-2026_anexo_de_entregas_final_assina   221.9KB
03:48:39 INFO     132 OK | 0 erros | 123.3 MB total
03:48:45 INFO     Sanity: 132 PDFs | 113 texto | 19 imagem/OCR | 0 duplicatas
03:48:45 INFO     --siglas (debug): 15 PDFs de ['AGU', 'FIOCRUZ', 'FUNAI', 'FUNDACENTRO', 'INCRA', 'ITI', 'MCOM', 'SGPR']
03:48:45 INFO     DocumentConverter instanciado (singleton × 2: plain + OCR)
03:48:45 INFO     [1/15] → agu_ptd_2025_2027_anexo_de_entregas_assinado_assinado_assinado-copia_tarjada.pdf
03:48:45 INFO     detected formats: [<InputFormat.PDF: 'pdf'>]
03:48:45 INFO     Going to convert document batch...
03:48:45 INFO     Initializing pipeline for StandardPdfPipeline with options hash bc6794697da537796efc497178f9263f
03:48:45 INFO     Loading plugin 'docling_defaults'
03:48:45 INFO     Registered picture descriptions: ['picture_description_vlm_engine', 'vlm', 'api']
03:48:45 INFO     Loading plugin 'docling_defaults'
03:48:45 INFO     Registered ocr engines: ['auto', 'easyocr', 'kserve_v2_ocr', 'ocrmac', 'rapidocr', 'tesserocr', 'tesseract']
03:48:45 INFO     command: tesseract --list-langs
03:48:45 INFO     Loading plugin 'docling_defaults'
03:48:45 INFO     Registered layout engines: ['layout_object_detection', 'docling_layout_default', 'docling_experimental_table_crops_layout']
03:48:45 INFO     Accelerator device: 'cpu'
03:48:45 INFO     HTTP Request: GET https://huggingface.co/api/models/docling-project/docling-layout-heron/revision/main "HTTP/1.1 200 OK"
03:48:45 INFO     HTTP Request: HEAD https://huggingface.co/docling-project/docling-layout-heron/resolve/8f39ad3c0b4c58e9c2d2c84a38465abf757272d8/README.md "HTTP/1.1 307 Temporary Redirect"
03:48:45 INFO     HTTP Request: HEAD https://huggingface.co/api/resolve-cache/models/docling-project/docling-layout-heron/8f39ad3c0b4c58e9c2d2c84a38465abf757272d8/README.md "HTTP/1.1 200 OK"
03:48:45 INFO     HTTP Request: HEAD https://huggingface.co/docling-project/docling-layout-heron/resolve/8f39ad3c0b4c58e9c2d2c84a38465abf757272d8/.gitattributes "HTTP/1.1 307 Temporary Redirect"
03:48:45 INFO     HTTP Request: HEAD https://huggingface.co/docling-project/docling-layout-heron/resolve/8f39ad3c0b4c58e9c2d2c84a38465abf757272d8/config.json "HTTP/1.1 307 Temporary Redirect"
03:48:45 WARNING  Warning: You are sending unauthenticated requests to the HF Hub. Please set a HF_TOKEN to enable higher rate limits and faster downloads.
03:48:45 INFO     HTTP Request: HEAD https://huggingface.co/docling-project/docling-layout-heron/resolve/8f39ad3c0b4c58e9c2d2c84a38465abf757272d8/docling_heron_400.png "HTTP/1.1 307 Temporary Redirect"
03:48:45 INFO     HTTP Request: HEAD https://huggingface.co/docling-project/docling-layout-heron/resolve/8f39ad3c0b4c58e9c2d2c84a38465abf757272d8/model.safetensors "HTTP/1.1 302 Found"
03:48:45 INFO     HTTP Request: HEAD https://huggingface.co/docling-project/docling-layout-heron/resolve/8f39ad3c0b4c58e9c2d2c84a38465abf757272d8/preprocessor_config.json "HTTP/1.1 307 Temporary Redirect"
03:48:45 INFO     HTTP Request: GET https://huggingface.co/api/resolve-cache/models/docling-project/docling-layout-heron/8f39ad3c0b4c58e9c2d2c84a38465abf757272d8/README.md "HTTP/1.1 200 OK"
03:48:45 INFO     HTTP Request: HEAD https://huggingface.co/api/resolve-cache/models/docling-project/docling-layout-heron/8f39ad3c0b4c58e9c2d2c84a38465abf757272d8/.gitattributes "HTTP/1.1 200 OK"
03:48:45 INFO     HTTP Request: HEAD https://huggingface.co/api/resolve-cache/models/docling-project/docling-layout-heron/8f39ad3c0b4c58e9c2d2c84a38465abf757272d8/config.json "HTTP/1.1 200 OK"
03:48:45 INFO     HTTP Request: HEAD https://huggingface.co/api/resolve-cache/models/docling-project/docling-layout-heron/8f39ad3c0b4c58e9c2d2c84a38465abf757272d8/docling_heron_400.png "HTTP/1.1 200 OK"
03:48:45 INFO     HTTP Request: HEAD https://huggingface.co/api/resolve-cache/models/docling-project/docling-layout-heron/8f39ad3c0b4c58e9c2d2c84a38465abf757272d8/preprocessor_config.json "HTTP/1.1 200 OK"
03:48:45 INFO     HTTP Request: GET https://huggingface.co/api/resolve-cache/models/docling-project/docling-layout-heron/8f39ad3c0b4c58e9c2d2c84a38465abf757272d8/docling_heron_400.png "HTTP/1.1 200 OK"
03:48:45 INFO     HTTP Request: GET https://huggingface.co/api/resolve-cache/models/docling-project/docling-layout-heron/8f39ad3c0b4c58e9c2d2c84a38465abf757272d8/config.json "HTTP/1.1 200 OK"
03:48:45 INFO     HTTP Request: GET https://huggingface.co/api/models/docling-project/docling-layout-heron/xet-read-token/8f39ad3c0b4c58e9c2d2c84a38465abf757272d8 "HTTP/1.1 200 OK"
03:48:45 INFO     HTTP Request: GET https://huggingface.co/api/resolve-cache/models/docling-project/docling-layout-heron/8f39ad3c0b4c58e9c2d2c84a38465abf757272d8/preprocessor_config.json "HTTP/1.1 200 OK"
03:48:45 INFO     HTTP Request: GET https://huggingface.co/api/resolve-cache/models/docling-project/docling-layout-heron/8f39ad3c0b4c58e9c2d2c84a38465abf757272d8/.gitattributes "HTTP/1.1 200 OK"
03:48:47 INFO     Loading plugin 'docling_defaults'
03:48:47 INFO     Registered table structure engines: ['docling_tableformer', 'docling_tableformer_v2']
03:48:47 INFO     HTTP Request: GET https://huggingface.co/api/models/docling-project/docling-models/revision/v2.3.0 "HTTP/1.1 200 OK"
03:48:47 INFO     HTTP Request: HEAD https://huggingface.co/docling-project/docling-models/resolve/fc0f2d45e2218ea24bce5045f58a389aed16dc23/.gitignore "HTTP/1.1 307 Temporary Redirect"
03:48:47 INFO     HTTP Request: HEAD https://huggingface.co/docling-project/docling-models/resolve/fc0f2d45e2218ea24bce5045f58a389aed16dc23/README.md "HTTP/1.1 307 Temporary Redirect"
03:48:47 INFO     HTTP Request: HEAD https://huggingface.co/docling-project/docling-models/resolve/fc0f2d45e2218ea24bce5045f58a389aed16dc23/.gitattributes "HTTP/1.1 307 Temporary Redirect"
03:48:47 INFO     HTTP Request: HEAD https://huggingface.co/docling-project/docling-models/resolve/fc0f2d45e2218ea24bce5045f58a389aed16dc23/config.json "HTTP/1.1 307 Temporary Redirect"
03:48:47 INFO     HTTP Request: HEAD https://huggingface.co/api/resolve-cache/models/docling-project/docling-models/fc0f2d45e2218ea24bce5045f58a389aed16dc23/.gitignore "HTTP/1.1 200 OK"
03:48:47 INFO     HTTP Request: HEAD https://huggingface.co/docling-project/docling-models/resolve/fc0f2d45e2218ea24bce5045f58a389aed16dc23/model_artifacts/tableformer/accurate/tableformer_accurate.safetensors "HTTP/1.1 302 Found"
03:48:47 INFO     HTTP Request: HEAD https://huggingface.co/api/resolve-cache/models/docling-project/docling-models/fc0f2d45e2218ea24bce5045f58a389aed16dc23/.gitattributes "HTTP/1.1 200 OK"
03:48:47 INFO     HTTP Request: HEAD https://huggingface.co/docling-project/docling-models/resolve/fc0f2d45e2218ea24bce5045f58a389aed16dc23/model_artifacts/tableformer/accurate/tm_config.json "HTTP/1.1 307 Temporary Redirect"
03:48:47 INFO     HTTP Request: HEAD https://huggingface.co/api/resolve-cache/models/docling-project/docling-models/fc0f2d45e2218ea24bce5045f58a389aed16dc23/README.md "HTTP/1.1 200 OK"
03:48:47 INFO     HTTP Request: HEAD https://huggingface.co/api/resolve-cache/models/docling-project/docling-models/fc0f2d45e2218ea24bce5045f58a389aed16dc23/config.json "HTTP/1.1 200 OK"
03:48:47 INFO     HTTP Request: HEAD https://huggingface.co/api/resolve-cache/models/docling-project/docling-models/fc0f2d45e2218ea24bce5045f58a389aed16dc23/model_artifacts%2Ftableformer%2Faccurate%2Ftm_config.json "HTTP/1.1 200 OK"
03:48:47 INFO     HTTP Request: HEAD https://huggingface.co/docling-project/docling-models/resolve/fc0f2d45e2218ea24bce5045f58a389aed16dc23/model_artifacts/tableformer/fast/tableformer_fast.safetensors "HTTP/1.1 302 Found"
03:48:47 INFO     HTTP Request: GET https://huggingface.co/api/resolve-cache/models/docling-project/docling-models/fc0f2d45e2218ea24bce5045f58a389aed16dc23/.gitattributes "HTTP/1.1 200 OK"
03:48:47 INFO     HTTP Request: HEAD https://huggingface.co/docling-project/docling-models/resolve/fc0f2d45e2218ea24bce5045f58a389aed16dc23/model_artifacts/tableformer/fast/tm_config.json "HTTP/1.1 307 Temporary Redirect"
03:48:47 INFO     HTTP Request: GET https://huggingface.co/api/resolve-cache/models/docling-project/docling-models/fc0f2d45e2218ea24bce5045f58a389aed16dc23/.gitignore "HTTP/1.1 200 OK"
03:48:47 INFO     HTTP Request: GET https://huggingface.co/api/resolve-cache/models/docling-project/docling-models/fc0f2d45e2218ea24bce5045f58a389aed16dc23/config.json "HTTP/1.1 200 OK"
03:48:47 INFO     HTTP Request: GET https://huggingface.co/api/resolve-cache/models/docling-project/docling-models/fc0f2d45e2218ea24bce5045f58a389aed16dc23/README.md "HTTP/1.1 200 OK"
03:48:47 INFO     HTTP Request: GET https://huggingface.co/api/resolve-cache/models/docling-project/docling-models/fc0f2d45e2218ea24bce5045f58a389aed16dc23/model_artifacts%2Ftableformer%2Faccurate%2Ftm_config.json "HTTP/1.1 200 OK"
03:48:47 INFO     HTTP Request: HEAD https://huggingface.co/api/resolve-cache/models/docling-project/docling-models/fc0f2d45e2218ea24bce5045f58a389aed16dc23/model_artifacts%2Ftableformer%2Ffast%2Ftm_config.json "HTTP/1.1 200 OK"
03:48:47 INFO     HTTP Request: GET https://huggingface.co/api/models/docling-project/docling-models/xet-read-token/fc0f2d45e2218ea24bce5045f58a389aed16dc23 "HTTP/1.1 200 OK"
03:48:47 INFO     HTTP Request: GET https://huggingface.co/api/resolve-cache/models/docling-project/docling-models/fc0f2d45e2218ea24bce5045f58a389aed16dc23/model_artifacts%2Ftableformer%2Ffast%2Ftm_config.json "HTTP/1.1 200 OK"
03:48:47 INFO     HTTP Request: GET https://huggingface.co/api/models/docling-project/docling-models/xet-read-token/fc0f2d45e2218ea24bce5045f58a389aed16dc23 "HTTP/1.1 200 OK"
03:48:48 INFO     Accelerator device: 'cpu'
03:48:48 INFO     Processing document agu_ptd_2025_2027_anexo_de_entregas_assinado_assinado_assinado-copia_tarjada.pdf
03:48:49 INFO     command: tesseract --psm 0 -l osd /tmp/tmpg6mrzpyb.png stdout
03:48:50 INFO     command: tesseract -l por /tmp/tmpg6mrzpyb.png stdout tsv
03:48:53 INFO     command: tesseract --psm 0 -l osd /tmp/tmpq0jf3bnw.png stdout
03:48:54 INFO     command: tesseract -l por /tmp/tmpq0jf3bnw.png stdout tsv
03:49:11 INFO     Finished converting document agu_ptd_2025_2027_anexo_de_entregas_assinado_assinado_assinado-copia_tarjada.pdf in 26.53 sec.
03:49:11 INFO       pixel_budget (Docling) agu_ptd_2025_2027_anexo_de_entregas_assinado_assinado_assinado-copia_tarjada.pdf: 45.8% (área tabelas/1001817 px²)
03:49:11 INFO     [1/15] ✓ AGU       :   33 entregas | 26.5s | ETA ~6min
03:49:11 INFO     [2/15] → agu_ptd_2025_2027_docdiretivo_assinado_assinado_assinado-copia_tarjada.pdf
03:49:11 INFO     detected formats: [<InputFormat.PDF: 'pdf'>]
03:49:11 INFO     Going to convert document batch...
03:49:11 INFO     Processing document agu_ptd_2025_2027_docdiretivo_assinado_assinado_assinado-copia_tarjada.pdf
03:49:12 INFO     command: tesseract --psm 0 -l osd /tmp/tmp6tqlqzz6.png stdout
03:49:12 INFO     command: tesseract -l por /tmp/tmp6tqlqzz6.png stdout tsv
03:49:14 INFO     command: tesseract --psm 0 -l osd /tmp/tmpcrqkgwf4.png stdout
03:49:16 INFO     command: tesseract -l por /tmp/tmpcrqkgwf4.png stdout tsv
03:49:19 INFO     command: tesseract --psm 0 -l osd /tmp/tmp1dq7u9f4.png stdout
03:49:19 INFO     command: tesseract -l por /tmp/tmp1dq7u9f4.png stdout tsv
03:49:22 INFO     command: tesseract --psm 0 -l osd /tmp/tmp40plfepa.png stdout
03:49:22 INFO     command: tesseract -l por /tmp/tmp40plfepa.png stdout tsv
03:49:25 INFO     command: tesseract --psm 0 -l osd /tmp/tmp80pj4csp.png stdout
03:49:25 INFO     command: tesseract -l por /tmp/tmp80pj4csp.png stdout tsv
03:49:27 INFO     command: tesseract --psm 0 -l osd /tmp/tmpq1k5ja82.png stdout
03:49:29 INFO     command: tesseract -l por /tmp/tmpq1k5ja82.png stdout tsv
03:49:39 INFO     command: tesseract --psm 0 -l osd /tmp/tmpn516h1cn.png stdout
03:49:39 INFO     command: tesseract -l por /tmp/tmpn516h1cn.png stdout tsv
03:49:42 INFO     command: tesseract --psm 0 -l osd /tmp/tmpazdxudpo.png stdout
03:49:42 INFO     command: tesseract -l por /tmp/tmpazdxudpo.png stdout tsv
03:49:45 INFO     command: tesseract --psm 0 -l osd /tmp/tmp8zccb1p3.png stdout
03:49:45 INFO     command: tesseract -l por /tmp/tmp8zccb1p3.png stdout tsv
03:49:48 INFO     command: tesseract --psm 0 -l osd /tmp/tmpdlgzn64t.png stdout
03:49:49 INFO     command: tesseract -l por /tmp/tmpdlgzn64t.png stdout tsv
03:50:05 INFO     command: tesseract --psm 0 -l osd /tmp/tmpjgc5kcn2.png stdout
03:50:05 INFO     command: tesseract -l por /tmp/tmpjgc5kcn2.png stdout tsv
03:50:09 INFO     Finished converting document agu_ptd_2025_2027_docdiretivo_assinado_assinado_assinado-copia_tarjada.pdf in 57.20 sec.
03:50:09 INFO       pixel_budget (Docling) agu_ptd_2025_2027_docdiretivo_assinado_assinado_assinado-copia_tarjada.pdf: 2.1% (área tabelas/5513330 px²)
03:50:09 INFO     [2/15] ✓ AGU       :    6 entregas | 57.2s | ETA ~9min
03:50:09 INFO     [3/15] → anexo-de-entregas-mcom_ptd-25_27-copia_tarjada.pdf
03:50:09 INFO     detected formats: [<InputFormat.PDF: 'pdf'>]
03:50:09 INFO     Going to convert document batch...
03:50:09 INFO     Processing document anexo-de-entregas-mcom_ptd-25_27-copia_tarjada.pdf
03:50:10 INFO     command: tesseract --psm 0 -l osd /tmp/tmpxb99p6zu.png stdout
03:50:10 INFO     command: tesseract -l por /tmp/tmpxb99p6zu.png stdout tsv
03:50:13 INFO     command: tesseract --psm 0 -l osd /tmp/tmp4o1mjtuk.png stdout
03:50:15 INFO     command: tesseract -l por /tmp/tmp4o1mjtuk.png stdout tsv
03:50:28 INFO     command: tesseract --psm 0 -l osd /tmp/tmp1de82z9y.png stdout
03:50:29 INFO     command: tesseract -l por /tmp/tmp1de82z9y.png stdout tsv
03:50:49 INFO     Finished converting document anexo-de-entregas-mcom_ptd-25_27-copia_tarjada.pdf in 39.99 sec.
03:50:49 INFO       pixel_budget (Docling) anexo-de-entregas-mcom_ptd-25_27-copia_tarjada.pdf: 55.2% (área tabelas/1503636 px²)
03:50:49 INFO     [3/15] ✓ MCOM      :   55 entregas | 40.0s | ETA ~8min
03:50:49 INFO     [4/15] → documento-diretivo-mcom-_-ptd-25_27-copia_tarjada.pdf
03:50:49 INFO     detected formats: [<InputFormat.PDF: 'pdf'>]
03:50:49 INFO     Going to convert document batch...
03:50:49 INFO     Processing document documento-diretivo-mcom-_-ptd-25_27-copia_tarjada.pdf
03:50:49 INFO     command: tesseract --psm 0 -l osd /tmp/tmpm0_0telp.png stdout
03:50:50 INFO     command: tesseract -l por /tmp/tmpm0_0telp.png stdout tsv
03:50:52 INFO     command: tesseract --psm 0 -l osd /tmp/tmpu8d70fg4.png stdout
03:50:54 INFO     command: tesseract -l por /tmp/tmpu8d70fg4.png stdout tsv
03:51:00 INFO     command: tesseract --psm 0 -l osd /tmp/tmp23dw5n2w.png stdout
03:51:00 INFO     command: tesseract -l por /tmp/tmp23dw5n2w.png stdout tsv
03:51:02 INFO     command: tesseract --psm 0 -l osd /tmp/tmpjtekwipy.png stdout
03:51:02 INFO     command: tesseract -l por /tmp/tmpjtekwipy.png stdout tsv
03:51:04 INFO     command: tesseract --psm 0 -l osd /tmp/tmpuxod8r3k.png stdout
03:51:05 INFO     command: tesseract -l por /tmp/tmpuxod8r3k.png stdout tsv
03:51:07 INFO     command: tesseract --psm 0 -l osd /tmp/tmpobw3xbe0.png stdout
03:51:09 INFO     command: tesseract -l por /tmp/tmpobw3xbe0.png stdout tsv
03:51:23 INFO     command: tesseract --psm 0 -l osd /tmp/tmpfrc7p9fm.png stdout
03:51:24 INFO     command: tesseract -l por /tmp/tmpfrc7p9fm.png stdout tsv
03:51:26 INFO     command: tesseract --psm 0 -l osd /tmp/tmp37ppsiwe.png stdout
03:51:26 INFO     command: tesseract -l por /tmp/tmp37ppsiwe.png stdout tsv
03:51:29 INFO     command: tesseract --psm 0 -l osd /tmp/tmpmu1r6og9.png stdout
03:51:30 INFO     command: tesseract -l por /tmp/tmpmu1r6og9.png stdout tsv
03:51:32 INFO     command: tesseract --psm 0 -l osd /tmp/tmpyegsxfce.png stdout
03:51:33 INFO     command: tesseract -l por /tmp/tmpyegsxfce.png stdout tsv
03:51:38 INFO     command: tesseract --psm 0 -l osd /tmp/tmpum7oguei.png stdout
03:51:39 INFO     command: tesseract -l por /tmp/tmpum7oguei.png stdout tsv
03:51:41 INFO     command: tesseract --psm 0 -l osd /tmp/tmpf3930p9k.png stdout
03:51:42 INFO     command: tesseract -l por /tmp/tmpf3930p9k.png stdout tsv
03:51:44 INFO     command: tesseract --psm 0 -l osd /tmp/tmps8xk53dv.png stdout
03:51:45 INFO     command: tesseract -l por /tmp/tmps8xk53dv.png stdout tsv
03:51:47 INFO     command: tesseract --psm 0 -l osd /tmp/tmp2u3iwpn6.png stdout
03:51:48 INFO     command: tesseract -l por /tmp/tmp2u3iwpn6.png stdout tsv
03:51:54 INFO     Finished converting document documento-diretivo-mcom-_-ptd-25_27-copia_tarjada.pdf in 65.37 sec.
03:51:54 INFO       pixel_budget (Docling) documento-diretivo-mcom-_-ptd-25_27-copia_tarjada.pdf: 10.8% (área tabelas/7016966 px²)
03:51:54 INFO     [4/15] ✓ MCOM      :    3 entregas | 65.4s | ETA ~8min
03:51:54 INFO     [5/15] → fiocruz-ptd-06_2024-copia_tarjada.pdf
03:51:54 INFO     detected formats: [<InputFormat.PDF: 'pdf'>]
03:51:54 INFO     Going to convert document batch...
03:51:54 INFO     Initializing pipeline for StandardPdfPipeline with options hash d18651824ca6fe56cf3ccb20424ac2c8
03:51:54 INFO     Accelerator device: 'cpu'
03:51:54 INFO     HTTP Request: GET https://huggingface.co/api/models/docling-project/docling-layout-heron/revision/main "HTTP/1.1 200 OK"
03:51:55 INFO     HTTP Request: GET https://huggingface.co/api/models/docling-project/docling-models/revision/v2.3.0 "HTTP/1.1 200 OK"
03:51:55 INFO     Accelerator device: 'cpu'
03:51:55 INFO     Processing document fiocruz-ptd-06_2024-copia_tarjada.pdf
03:53:02 INFO     Finished converting document fiocruz-ptd-06_2024-copia_tarjada.pdf in 68.35 sec.
03:53:02 INFO       pixel_budget (Docling) fiocruz-ptd-06_2024-copia_tarjada.pdf: 36.4% (área tabelas/7518178 px²)
03:53:02 INFO     [5/15] ✓ FIOCRUZ   :    1 entregas | 68.4s | ETA ~8min
03:53:02 INFO     [6/15] → fiocruz_novo-ptd_2-1_docdiretivo_repactuacao_2024-2026_assinado_assinado-copia_tarjada.pdf
03:53:02 INFO     detected formats: [<InputFormat.PDF: 'pdf'>]
03:53:02 INFO     Going to convert document batch...
03:53:02 INFO     Processing document fiocruz_novo-ptd_2-1_docdiretivo_repactuacao_2024-2026_assinado_assinado-copia_tarjada.pdf
03:53:20 INFO     Finished converting document fiocruz_novo-ptd_2-1_docdiretivo_repactuacao_2024-2026_assinado_assinado-copia_tarjada.pdf in 17.87 sec.
03:53:20 INFO       pixel_budget (Docling) fiocruz_novo-ptd_2-1_docdiretivo_repactuacao_2024-2026_assinado_assinado-copia_tarjada.pdf: 11.3% (área tabelas/5012118 px²)
03:53:20 INFO     [6/15] ✓ FIOCRUZ   :    5 entregas | 17.9s | ETA ~6min
03:53:20 INFO     [7/15] → fiocruz_ptd_anexo_de_entregas_assinado_v1_assinado_assinado-1-copia_tarjada.pdf
03:53:20 INFO     detected formats: [<InputFormat.PDF: 'pdf'>]
03:53:20 INFO     Going to convert document batch...
03:53:20 INFO     Processing document fiocruz_ptd_anexo_de_entregas_assinado_v1_assinado_assinado-1-copia_tarjada.pdf
03:53:52 INFO     Finished converting document fiocruz_ptd_anexo_de_entregas_assinado_v1_assinado_assinado-1-copia_tarjada.pdf in 31.82 sec.
03:53:52 INFO       pixel_budget (Docling) fiocruz_ptd_anexo_de_entregas_assinado_v1_assinado_assinado-1-copia_tarjada.pdf: 54.7% (área tabelas/2004847 px²)
03:53:52 INFO     [7/15] ✓ FIOCRUZ   :   61 entregas | 31.8s | ETA ~5min
03:53:52 INFO     [8/15] → funai_anexo_de_entregas_repactuado_2026_2027_assinado_assinado_assinado.pdf
03:53:52 INFO     detected formats: [<InputFormat.PDF: 'pdf'>]
03:53:52 INFO     Going to convert document batch...
03:53:52 INFO     Processing document funai_anexo_de_entregas_repactuado_2026_2027_assinado_assinado_assinado.pdf
03:53:53 INFO     command: tesseract --psm 0 -l osd /tmp/tmpl0vrg2jm.png stdout
03:53:54 INFO     command: tesseract -l por /tmp/tmpl0vrg2jm.png stdout tsv
03:54:07 INFO     Finished converting document funai_anexo_de_entregas_repactuado_2026_2027_assinado_assinado_assinado.pdf in 14.88 sec.
03:54:07 INFO       pixel_budget (Docling) funai_anexo_de_entregas_repactuado_2026_2027_assinado_assinado_assinado.pdf: 49.8% (área tabelas/501212 px²)
03:54:07 INFO     [8/15] ✓ FUNAI     :   21 entregas | 14.9s | ETA ~4min
03:54:07 INFO     [9/15] → funai_ptd_2025_2027_docdiretivo_assinado-1_tarjado.pdf
03:54:07 INFO     detected formats: [<InputFormat.PDF: 'pdf'>]
03:54:07 INFO     Going to convert document batch...
03:54:07 INFO     Processing document funai_ptd_2025_2027_docdiretivo_assinado-1_tarjado.pdf
03:54:08 INFO     command: tesseract --psm 0 -l osd /tmp/tmpvn9a1gif.png stdout
03:54:09 INFO     command: tesseract -l por /tmp/tmpvn9a1gif.png stdout tsv
03:54:10 INFO     command: tesseract --psm 0 -l osd /tmp/tmp8pcqom0m.png stdout
03:54:11 INFO     command: tesseract -l por /tmp/tmp8pcqom0m.png stdout tsv
03:54:15 INFO     command: tesseract --psm 0 -l osd /tmp/tmp7lx7n8fb.png stdout
03:54:16 INFO     command: tesseract -l por /tmp/tmp7lx7n8fb.png stdout tsv
03:54:18 INFO     command: tesseract --psm 0 -l osd /tmp/tmpb4q6z3f3.png stdout
03:54:19 INFO     command: tesseract -l por /tmp/tmpb4q6z3f3.png stdout tsv
03:54:20 INFO     command: tesseract --psm 0 -l osd /tmp/tmpv_rf0762.png stdout
03:54:21 INFO     command: tesseract -l por /tmp/tmpv_rf0762.png stdout tsv
03:54:23 INFO     command: tesseract --psm 0 -l osd /tmp/tmpce5t1kte.png stdout
03:54:25 INFO     command: tesseract -l por /tmp/tmpce5t1kte.png stdout tsv
03:54:34 INFO     command: tesseract --psm 0 -l osd /tmp/tmp5l5o1vlx.png stdout
03:54:35 INFO     command: tesseract -l por /tmp/tmp5l5o1vlx.png stdout tsv
03:54:36 INFO     command: tesseract --psm 0 -l osd /tmp/tmpiybkhsrf.png stdout
03:54:37 INFO     command: tesseract -l por /tmp/tmpiybkhsrf.png stdout tsv
03:54:38 INFO     command: tesseract --psm 0 -l osd /tmp/tmpyjzf4_e4.png stdout
03:54:39 INFO     command: tesseract -l por /tmp/tmpyjzf4_e4.png stdout tsv
03:54:41 INFO     command: tesseract --psm 0 -l osd /tmp/tmpcecqk5ns.png stdout
03:54:42 INFO     command: tesseract -l por /tmp/tmpcecqk5ns.png stdout tsv
03:54:57 INFO     command: tesseract --psm 0 -l osd /tmp/tmp6i26u8b2.png stdout
03:54:58 INFO     command: tesseract -l por /tmp/tmp6i26u8b2.png stdout tsv
03:55:04 INFO     command: tesseract --psm 0 -l osd /tmp/tmp_h0r6206.png stdout
03:55:05 INFO     command: tesseract -l por /tmp/tmp_h0r6206.png stdout tsv
03:55:06 INFO     command: tesseract --psm 0 -l osd /tmp/tmpjldgav8x.png stdout
03:55:07 INFO     command: tesseract -l por /tmp/tmpjldgav8x.png stdout tsv
03:55:14 INFO     Finished converting document funai_ptd_2025_2027_docdiretivo_assinado-1_tarjado.pdf in 66.51 sec.
03:55:14 INFO       pixel_budget (Docling) funai_ptd_2025_2027_docdiretivo_assinado-1_tarjado.pdf: 16.4% (área tabelas/6515754 px²)
03:55:14 INFO     [9/15] ✓ FUNAI     :    8 entregas | 66.5s | ETA ~4min
03:55:14 INFO     [10/15] → incra_anexo_de_entregas_assinado-1_assinado_assinado-copia_tarjada.pdf
03:55:14 INFO     detected formats: [<InputFormat.PDF: 'pdf'>]
03:55:14 INFO     Going to convert document batch...
03:55:14 INFO     Processing document incra_anexo_de_entregas_assinado-1_assinado_assinado-copia_tarjada.pdf
03:55:15 INFO     command: tesseract --psm 0 -l osd /tmp/tmp9ef9ks6s.png stdout
03:55:16 INFO     command: tesseract -l por /tmp/tmp9ef9ks6s.png stdout tsv
03:55:18 INFO     command: tesseract --psm 0 -l osd /tmp/tmp_zau4rom.png stdout
03:55:20 INFO     command: tesseract -l por /tmp/tmp_zau4rom.png stdout tsv
03:55:29 INFO     command: tesseract --psm 0 -l osd /tmp/tmphbfuzbx8.png stdout
03:55:30 INFO     command: tesseract -l por /tmp/tmphbfuzbx8.png stdout tsv
03:55:31 INFO     command: tesseract --psm 0 -l osd /tmp/tmp1qcu48rz.png stdout
03:55:32 INFO     command: tesseract -l por /tmp/tmp1qcu48rz.png stdout tsv
03:55:34 INFO     command: tesseract --psm 0 -l osd /tmp/tmplau0jk2s.png stdout
03:55:35 INFO     command: tesseract -l por /tmp/tmplau0jk2s.png stdout tsv
03:57:06 INFO     Finished converting document incra_anexo_de_entregas_assinado-1_assinado_assinado-copia_tarjada.pdf in 112.86 sec.
03:57:06 INFO       pixel_budget (Docling) incra_anexo_de_entregas_assinado-1_assinado_assinado-copia_tarjada.pdf: 30.0% (área tabelas/2423520 px²)
03:57:06 INFO     [10/15] ✓ INCRA     :   10 entregas | 112.9s | ETA ~4min
03:57:06 INFO     [11/15] → incra_ptd_docdiretivo__assinado-1_assinado_assinado-copia_tarjada.pdf
03:57:06 INFO     detected formats: [<InputFormat.PDF: 'pdf'>]
03:57:06 INFO     Going to convert document batch...
03:57:06 INFO     Processing document incra_ptd_docdiretivo__assinado-1_assinado_assinado-copia_tarjada.pdf
03:57:08 INFO     command: tesseract --psm 0 -l osd /tmp/tmpe3atplwy.png stdout
03:57:08 INFO     command: tesseract -l por /tmp/tmpe3atplwy.png stdout tsv
03:57:10 INFO     command: tesseract --psm 0 -l osd /tmp/tmp1ku68o3w.png stdout
03:57:12 INFO     command: tesseract -l por /tmp/tmp1ku68o3w.png stdout tsv
03:57:17 INFO     command: tesseract --psm 0 -l osd /tmp/tmpalr5lui_.png stdout
03:57:18 INFO     command: tesseract -l por /tmp/tmpalr5lui_.png stdout tsv
03:57:20 INFO     command: tesseract --psm 0 -l osd /tmp/tmp06ixoral.png stdout
03:57:21 INFO     command: tesseract -l por /tmp/tmp06ixoral.png stdout tsv
03:57:23 INFO     command: tesseract --psm 0 -l osd /tmp/tmpe13ztkao.png stdout
03:57:23 INFO     command: tesseract -l por /tmp/tmpe13ztkao.png stdout tsv
03:57:25 INFO     command: tesseract --psm 0 -l osd /tmp/tmp7u03sntb.png stdout
03:57:27 INFO     command: tesseract -l por /tmp/tmp7u03sntb.png stdout tsv
03:57:43 INFO     command: tesseract --psm 0 -l osd /tmp/tmpuc4858cy.png stdout
03:57:43 INFO     command: tesseract -l por /tmp/tmpuc4858cy.png stdout tsv
03:57:45 INFO     command: tesseract --psm 0 -l osd /tmp/tmpuppnut3m.png stdout
03:57:46 INFO     command: tesseract -l por /tmp/tmpuppnut3m.png stdout tsv
03:57:47 INFO     command: tesseract --psm 0 -l osd /tmp/tmpb0v52hmp.png stdout
03:57:48 INFO     command: tesseract -l por /tmp/tmpb0v52hmp.png stdout tsv
03:57:50 INFO     command: tesseract --psm 0 -l osd /tmp/tmpmjt3yb5z.png stdout
03:57:51 INFO     command: tesseract -l por /tmp/tmpmjt3yb5z.png stdout tsv
03:57:58 INFO     command: tesseract --psm 0 -l osd /tmp/tmp7rr41ran.png stdout
03:57:59 INFO     command: tesseract -l por /tmp/tmp7rr41ran.png stdout tsv
03:58:07 INFO     command: tesseract --psm 0 -l osd /tmp/tmpnyeti0_s.png stdout
03:58:08 INFO     command: tesseract -l por /tmp/tmpnyeti0_s.png stdout tsv
03:58:10 INFO     command: tesseract --psm 0 -l osd /tmp/tmph80tf8bz.png stdout
03:58:10 INFO     command: tesseract -l por /tmp/tmph80tf8bz.png stdout tsv
03:58:18 INFO     Finished converting document incra_ptd_docdiretivo__assinado-1_assinado_assinado-copia_tarjada.pdf in 71.36 sec.
03:58:18 INFO       pixel_budget (Docling) incra_ptd_docdiretivo__assinado-1_assinado_assinado-copia_tarjada.pdf: 20.2% (área tabelas/6515754 px²)
03:58:18 INFO     [11/15] ✓ INCRA     :   11 entregas | 71.4s | ETA ~3min
03:58:18 INFO     [12/15] → iti_anexo_de_entregas_assinado.pdf
03:58:18 INFO     detected formats: [<InputFormat.PDF: 'pdf'>]
03:58:18 INFO     Going to convert document batch...
03:58:18 INFO     Processing document iti_anexo_de_entregas_assinado.pdf
03:58:19 INFO     command: tesseract --psm 0 -l osd /tmp/tmpdlijforw.png stdout
03:58:19 INFO     command: tesseract -l por /tmp/tmpdlijforw.png stdout tsv
03:58:35 INFO     Finished converting document iti_anexo_de_entregas_assinado.pdf in 17.31 sec.
03:58:35 INFO       pixel_budget (Docling) iti_anexo_de_entregas_assinado.pdf: 57.2% (área tabelas/501212 px²)
03:58:35 INFO     [12/15] ✓ ITI       :   31 entregas | 17.3s | ETA ~2min
03:58:35 INFO     [13/15] → iti_doc_diretivo_assinado-1_tarjado.pdf
03:58:35 INFO     detected formats: [<InputFormat.PDF: 'pdf'>]
03:58:35 INFO     Going to convert document batch...
03:58:35 INFO     Processing document iti_doc_diretivo_assinado-1_tarjado.pdf
03:58:36 INFO     command: tesseract --psm 0 -l osd /tmp/tmp2t1ywlua.png stdout
03:58:36 INFO     command: tesseract -l por /tmp/tmp2t1ywlua.png stdout tsv
03:58:38 INFO     command: tesseract --psm 0 -l osd /tmp/tmphu6oimng.png stdout
03:58:40 INFO     command: tesseract -l por /tmp/tmphu6oimng.png stdout tsv
03:58:43 INFO     command: tesseract --psm 0 -l osd /tmp/tmpembdcutj.png stdout
03:58:44 INFO     command: tesseract -l por /tmp/tmpembdcutj.png stdout tsv
03:58:46 INFO     command: tesseract --psm 0 -l osd /tmp/tmpbdflvrfj.png stdout
03:58:47 INFO     command: tesseract -l por /tmp/tmpbdflvrfj.png stdout tsv
03:58:49 INFO     command: tesseract --psm 0 -l osd /tmp/tmps162ejji.png stdout
03:58:49 INFO     command: tesseract -l por /tmp/tmps162ejji.png stdout tsv
03:58:51 INFO     command: tesseract --psm 0 -l osd /tmp/tmpq3ph_k0u.png stdout
03:58:53 INFO     command: tesseract -l por /tmp/tmpq3ph_k0u.png stdout tsv
03:59:09 INFO     command: tesseract --psm 0 -l osd /tmp/tmpdzbrqup7.png stdout
03:59:10 INFO     command: tesseract -l por /tmp/tmpdzbrqup7.png stdout tsv
03:59:12 INFO     command: tesseract --psm 0 -l osd /tmp/tmp3mjuizog.png stdout
03:59:13 INFO     command: tesseract -l por /tmp/tmp3mjuizog.png stdout tsv
03:59:15 INFO     command: tesseract --psm 0 -l osd /tmp/tmp9pp7e2j9.png stdout
03:59:16 INFO     command: tesseract -l por /tmp/tmp9pp7e2j9.png stdout tsv
03:59:18 INFO     command: tesseract --psm 0 -l osd /tmp/tmpc38gqxvh.png stdout
03:59:19 INFO     command: tesseract -l por /tmp/tmpc38gqxvh.png stdout tsv
03:59:25 INFO     command: tesseract --psm 0 -l osd /tmp/tmp90gw2zwe.png stdout
03:59:26 INFO     command: tesseract -l por /tmp/tmp90gw2zwe.png stdout tsv
03:59:33 INFO     Finished converting document iti_doc_diretivo_assinado-1_tarjado.pdf in 58.28 sec.
03:59:33 INFO       pixel_budget (Docling) iti_doc_diretivo_assinado-1_tarjado.pdf: 8.0% (área tabelas/5516339 px²)
03:59:33 INFO     [13/15] ✓ ITI       :    9 entregas | 58.3s | ETA ~1min
03:59:33 INFO     [14/15] → sgpr_ptd_2025_2027_anexo_de_entregas_assinado-copia_tarjada.pdf
03:59:33 INFO     detected formats: [<InputFormat.PDF: 'pdf'>]
03:59:33 INFO     Going to convert document batch...
03:59:33 INFO     Processing document sgpr_ptd_2025_2027_anexo_de_entregas_assinado-copia_tarjada.pdf
03:59:34 INFO     command: tesseract --psm 0 -l osd /tmp/tmp6p788qvm.png stdout
03:59:35 INFO     command: tesseract -l por /tmp/tmp6p788qvm.png stdout tsv
03:59:38 INFO     command: tesseract --psm 0 -l osd /tmp/tmp1whpjffb.png stdout
03:59:39 INFO     command: tesseract -l por /tmp/tmp1whpjffb.png stdout tsv
03:59:51 INFO     Finished converting document sgpr_ptd_2025_2027_anexo_de_entregas_assinado-copia_tarjada.pdf in 17.95 sec.
03:59:51 INFO       pixel_budget (Docling) sgpr_ptd_2025_2027_anexo_de_entregas_assinado-copia_tarjada.pdf: 29.5% (área tabelas/1002424 px²)
03:59:51 INFO     [14/15] ✓ SGPR      :   15 entregas | 18.0s | ETA ~48s
03:59:51 INFO     [15/15] → sgpr_ptd_2026_2027_docdiretivo_assinado-copia_tarjada.pdf
03:59:51 INFO     detected formats: [<InputFormat.PDF: 'pdf'>]
03:59:51 INFO     Going to convert document batch...
03:59:51 INFO     Processing document sgpr_ptd_2026_2027_docdiretivo_assinado-copia_tarjada.pdf
04:00:11 INFO     Finished converting document sgpr_ptd_2026_2027_docdiretivo_assinado-copia_tarjada.pdf in 19.78 sec.
04:00:11 INFO       pixel_budget (Docling) sgpr_ptd_2026_2027_docdiretivo_assinado-copia_tarjada.pdf: 8.2% (área tabelas/5513330 px²)
04:00:11 INFO     [15/15] ✓ SGPR      :    4 entregas | 19.8s | ETA ~0s
04:00:11 INFO     273 registros | 7 órgãos
04:00:11 INFO     ╔══════════════════════════════════════════════════════════════╗
04:00:11 INFO     ║                  ENTREGAS — fase concluída                   ║
04:00:11 INFO     ║  Processados: 15    |  ✓ 15  ⚠ 0                             ║
04:00:11 INFO     ║  Duração: 11.4 min                                           ║
04:00:11 INFO     ║  273 registros | 7 órgãos                                    ║
04:00:11 INFO     ╚══════════════════════════════════════════════════════════════╝
04:00:11 INFO     [1/7] → agu_ptd_2025_2027_docdiretivo_assinado_assinado_assinado-copia_tarjada.pdf
04:00:11 INFO     detected formats: [<InputFormat.PDF: 'pdf'>]
04:00:11 INFO     Going to convert document batch...
04:00:11 INFO     Processing document agu_ptd_2025_2027_docdiretivo_assinado_assinado_assinado-copia_tarjada.pdf
04:00:12 INFO     command: tesseract --psm 0 -l osd /tmp/tmpqtrd6l2o.png stdout
04:00:12 INFO     command: tesseract -l por /tmp/tmpqtrd6l2o.png stdout tsv
04:00:14 INFO     command: tesseract --psm 0 -l osd /tmp/tmphf2fpaz5.png stdout
04:00:15 INFO     command: tesseract -l por /tmp/tmphf2fpaz5.png stdout tsv
04:00:19 INFO     command: tesseract --psm 0 -l osd /tmp/tmpla5qtx0w.png stdout
04:00:20 INFO     command: tesseract -l por /tmp/tmpla5qtx0w.png stdout tsv
04:00:22 INFO     command: tesseract --psm 0 -l osd /tmp/tmpkhx84_6r.png stdout
04:00:23 INFO     command: tesseract -l por /tmp/tmpkhx84_6r.png stdout tsv
04:00:25 INFO     command: tesseract --psm 0 -l osd /tmp/tmpbw3tlg74.png stdout
04:00:26 INFO     command: tesseract -l por /tmp/tmpbw3tlg74.png stdout tsv
04:00:28 INFO     command: tesseract --psm 0 -l osd /tmp/tmp1cjaihyu.png stdout
04:00:30 INFO     command: tesseract -l por /tmp/tmp1cjaihyu.png stdout tsv
04:00:40 INFO     command: tesseract --psm 0 -l osd /tmp/tmpvq90yv6l.png stdout
04:00:41 INFO     command: tesseract -l por /tmp/tmpvq90yv6l.png stdout tsv
04:00:43 INFO     command: tesseract --psm 0 -l osd /tmp/tmpimvb6xv5.png stdout
04:00:44 INFO     command: tesseract -l por /tmp/tmpimvb6xv5.png stdout tsv
04:00:46 INFO     command: tesseract --psm 0 -l osd /tmp/tmpn_f79if3.png stdout
04:00:47 INFO     command: tesseract -l por /tmp/tmpn_f79if3.png stdout tsv
04:00:49 INFO     command: tesseract --psm 0 -l osd /tmp/tmp7nopyy5s.png stdout
04:00:51 INFO     command: tesseract -l por /tmp/tmp7nopyy5s.png stdout tsv
04:01:07 INFO     command: tesseract --psm 0 -l osd /tmp/tmp_y0hlnnn.png stdout
04:01:07 INFO     command: tesseract -l por /tmp/tmp_y0hlnnn.png stdout tsv
04:01:11 INFO     Finished converting document agu_ptd_2025_2027_docdiretivo_assinado_assinado_assinado-copia_tarjada.pdf in 59.64 sec.
04:01:11 INFO     [1/7] ✓ AGU       :   7 riscos | 59.6s | ETA ~5min
04:01:11 INFO     [2/7] → documento-diretivo-mcom-_-ptd-25_27-copia_tarjada.pdf
04:01:11 INFO     detected formats: [<InputFormat.PDF: 'pdf'>]
04:01:11 INFO     Going to convert document batch...
04:01:11 INFO     Processing document documento-diretivo-mcom-_-ptd-25_27-copia_tarjada.pdf
04:01:11 INFO     command: tesseract --psm 0 -l osd /tmp/tmpt4jbd8wf.png stdout
04:01:12 INFO     command: tesseract -l por /tmp/tmpt4jbd8wf.png stdout tsv
04:01:14 INFO     command: tesseract --psm 0 -l osd /tmp/tmpbnquecw7.png stdout
04:01:16 INFO     command: tesseract -l por /tmp/tmpbnquecw7.png stdout tsv
04:01:22 INFO     command: tesseract --psm 0 -l osd /tmp/tmp1nlvu5ph.png stdout
04:01:23 INFO     command: tesseract -l por /tmp/tmp1nlvu5ph.png stdout tsv
04:01:24 INFO     command: tesseract --psm 0 -l osd /tmp/tmplbupjunb.png stdout
04:01:25 INFO     command: tesseract -l por /tmp/tmplbupjunb.png stdout tsv
04:01:27 INFO     command: tesseract --psm 0 -l osd /tmp/tmpi4u6uukq.png stdout
04:01:28 INFO     command: tesseract -l por /tmp/tmpi4u6uukq.png stdout tsv
04:01:30 INFO     command: tesseract --psm 0 -l osd /tmp/tmp3j2717k7.png stdout
04:01:32 INFO     command: tesseract -l por /tmp/tmp3j2717k7.png stdout tsv
04:01:48 INFO     command: tesseract --psm 0 -l osd /tmp/tmp0kswgem9.png stdout
04:01:49 INFO     command: tesseract -l por /tmp/tmp0kswgem9.png stdout tsv
04:01:51 INFO     command: tesseract --psm 0 -l osd /tmp/tmp0zvq8xhv.png stdout
04:01:52 INFO     command: tesseract -l por /tmp/tmp0zvq8xhv.png stdout tsv
04:01:54 INFO     command: tesseract --psm 0 -l osd /tmp/tmp6h1901on.png stdout
04:01:55 INFO     command: tesseract -l por /tmp/tmp6h1901on.png stdout tsv
04:01:57 INFO     command: tesseract --psm 0 -l osd /tmp/tmpz36x1w9e.png stdout
04:01:59 INFO     command: tesseract -l por /tmp/tmpz36x1w9e.png stdout tsv
04:02:04 INFO     command: tesseract --psm 0 -l osd /tmp/tmp5qfau35x.png stdout
04:02:05 INFO     command: tesseract -l por /tmp/tmp5qfau35x.png stdout tsv
04:02:10 INFO     command: tesseract --psm 0 -l osd /tmp/tmp0xdfaye4.png stdout
04:02:11 INFO     command: tesseract -l por /tmp/tmp0xdfaye4.png stdout tsv
04:02:13 INFO     command: tesseract --psm 0 -l osd /tmp/tmpw7_nzcei.png stdout
04:02:14 INFO     command: tesseract -l por /tmp/tmpw7_nzcei.png stdout tsv
04:02:16 INFO     command: tesseract --psm 0 -l osd /tmp/tmpi85tfhjv.png stdout
04:02:17 INFO     command: tesseract -l por /tmp/tmpi85tfhjv.png stdout tsv
04:02:23 INFO     Finished converting document documento-diretivo-mcom-_-ptd-25_27-copia_tarjada.pdf in 71.99 sec.
04:02:23 INFO     [2/7] ✓ MCOM      :  14 riscos | 72.0s | ETA ~5min
04:02:23 INFO     [3/7] → fiocruz_novo-ptd_2-1_docdiretivo_repactuacao_2024-2026_assinado_assinado-copia_tarjada.pdf
04:02:23 INFO     detected formats: [<InputFormat.PDF: 'pdf'>]
04:02:23 INFO     Going to convert document batch...
04:02:23 INFO     Processing document fiocruz_novo-ptd_2-1_docdiretivo_repactuacao_2024-2026_assinado_assinado-copia_tarjada.pdf
04:02:41 INFO     Finished converting document fiocruz_novo-ptd_2-1_docdiretivo_repactuacao_2024-2026_assinado_assinado-copia_tarjada.pdf in 18.19 sec.
04:02:41 INFO     [3/7] ✓ FIOCRUZ   :   6 riscos | 18.2s | ETA ~3min
04:02:41 INFO     [4/7] → funai_ptd_2025_2027_docdiretivo_assinado-1_tarjado.pdf
04:02:41 INFO     detected formats: [<InputFormat.PDF: 'pdf'>]
04:02:41 INFO     Going to convert document batch...
04:02:41 INFO     Processing document funai_ptd_2025_2027_docdiretivo_assinado-1_tarjado.pdf
04:02:42 INFO     command: tesseract --psm 0 -l osd /tmp/tmp97wkhshi.png stdout
04:02:43 INFO     command: tesseract -l por /tmp/tmp97wkhshi.png stdout tsv
04:02:44 INFO     command: tesseract --psm 0 -l osd /tmp/tmpybbdyaof.png stdout
04:02:46 INFO     command: tesseract -l por /tmp/tmpybbdyaof.png stdout tsv
04:02:50 INFO     command: tesseract --psm 0 -l osd /tmp/tmp3htvf0r3.png stdout
04:02:50 INFO     command: tesseract -l por /tmp/tmp3htvf0r3.png stdout tsv
04:02:52 INFO     command: tesseract --psm 0 -l osd /tmp/tmpqc6u267w.png stdout
04:02:53 INFO     command: tesseract -l por /tmp/tmpqc6u267w.png stdout tsv
04:02:55 INFO     command: tesseract --psm 0 -l osd /tmp/tmpaw0cwk2j.png stdout
04:02:55 INFO     command: tesseract -l por /tmp/tmpaw0cwk2j.png stdout tsv
04:02:58 INFO     command: tesseract --psm 0 -l osd /tmp/tmp4qm0oatu.png stdout
04:02:59 INFO     command: tesseract -l por /tmp/tmp4qm0oatu.png stdout tsv
04:03:09 INFO     command: tesseract --psm 0 -l osd /tmp/tmpbaaiz_n0.png stdout
04:03:10 INFO     command: tesseract -l por /tmp/tmpbaaiz_n0.png stdout tsv
04:03:11 INFO     command: tesseract --psm 0 -l osd /tmp/tmp_j6ip5cw.png stdout
04:03:12 INFO     command: tesseract -l por /tmp/tmp_j6ip5cw.png stdout tsv
04:03:13 INFO     command: tesseract --psm 0 -l osd /tmp/tmp6galuj21.png stdout
04:03:14 INFO     command: tesseract -l por /tmp/tmp6galuj21.png stdout tsv
04:03:16 INFO     command: tesseract --psm 0 -l osd /tmp/tmp617u67yl.png stdout
04:03:17 INFO     command: tesseract -l por /tmp/tmp617u67yl.png stdout tsv
04:03:31 INFO     command: tesseract --psm 0 -l osd /tmp/tmps92v48dj.png stdout
04:03:32 INFO     command: tesseract -l por /tmp/tmps92v48dj.png stdout tsv
04:03:37 INFO     command: tesseract --psm 0 -l osd /tmp/tmp02uuu7ig.png stdout
04:03:38 INFO     command: tesseract -l por /tmp/tmp02uuu7ig.png stdout tsv
04:03:40 INFO     command: tesseract --psm 0 -l osd /tmp/tmp4i9rtmtj.png stdout
04:03:41 INFO     command: tesseract -l por /tmp/tmp4i9rtmtj.png stdout tsv
04:03:48 INFO     Finished converting document funai_ptd_2025_2027_docdiretivo_assinado-1_tarjado.pdf in 66.51 sec.
04:03:48 INFO     [4/7] ✓ FUNAI     :  15 riscos | 66.5s | ETA ~2min
04:03:48 INFO     [5/7] → incra_ptd_docdiretivo__assinado-1_assinado_assinado-copia_tarjada.pdf
04:03:48 INFO     detected formats: [<InputFormat.PDF: 'pdf'>]
04:03:48 INFO     Going to convert document batch...
04:03:48 INFO     Processing document incra_ptd_docdiretivo__assinado-1_assinado_assinado-copia_tarjada.pdf
04:03:49 INFO     command: tesseract --psm 0 -l osd /tmp/tmptx9adyn1.png stdout
04:03:49 INFO     command: tesseract -l por /tmp/tmptx9adyn1.png stdout tsv
04:03:51 INFO     command: tesseract --psm 0 -l osd /tmp/tmpalq232ur.png stdout
04:03:53 INFO     command: tesseract -l por /tmp/tmpalq232ur.png stdout tsv
04:03:59 INFO     command: tesseract --psm 0 -l osd /tmp/tmpassam73q.png stdout
04:04:00 INFO     command: tesseract -l por /tmp/tmpassam73q.png stdout tsv
04:04:02 INFO     command: tesseract --psm 0 -l osd /tmp/tmpaljquwey.png stdout
04:04:02 INFO     command: tesseract -l por /tmp/tmpaljquwey.png stdout tsv
04:04:04 INFO     command: tesseract --psm 0 -l osd /tmp/tmpq63dq1xr.png stdout
04:04:05 INFO     command: tesseract -l por /tmp/tmpq63dq1xr.png stdout tsv
04:04:07 INFO     command: tesseract --psm 0 -l osd /tmp/tmpieau91t_.png stdout
04:04:08 INFO     command: tesseract -l por /tmp/tmpieau91t_.png stdout tsv
04:04:25 INFO     command: tesseract --psm 0 -l osd /tmp/tmp_vrv4jp_.png stdout
04:04:26 INFO     command: tesseract -l por /tmp/tmp_vrv4jp_.png stdout tsv
04:04:28 INFO     command: tesseract --psm 0 -l osd /tmp/tmpspt7og4r.png stdout
04:04:29 INFO     command: tesseract -l por /tmp/tmpspt7og4r.png stdout tsv
04:04:30 INFO     command: tesseract --psm 0 -l osd /tmp/tmpdbxfdx1y.png stdout
04:04:31 INFO     command: tesseract -l por /tmp/tmpdbxfdx1y.png stdout tsv
04:04:33 INFO     command: tesseract --psm 0 -l osd /tmp/tmpqsyf656n.png stdout
04:04:34 INFO     command: tesseract -l por /tmp/tmpqsyf656n.png stdout tsv
04:04:39 INFO     command: tesseract --psm 0 -l osd /tmp/tmpo7xqlpss.png stdout
04:04:40 INFO     command: tesseract -l por /tmp/tmpo7xqlpss.png stdout tsv
04:04:47 INFO     command: tesseract --psm 0 -l osd /tmp/tmpfttoxtb6.png stdout
04:04:48 INFO     command: tesseract -l por /tmp/tmpfttoxtb6.png stdout tsv
04:04:53 INFO     command: tesseract --psm 0 -l osd /tmp/tmpz_pr7vc5.png stdout
04:04:54 INFO     command: tesseract -l por /tmp/tmpz_pr7vc5.png stdout tsv
04:05:02 INFO     Finished converting document incra_ptd_docdiretivo__assinado-1_assinado_assinado-copia_tarjada.pdf in 74.02 sec.
04:05:02 INFO     [5/7] ✓ INCRA     :  15 riscos | 74.0s | ETA ~1min
04:05:02 INFO     [6/7] → iti_doc_diretivo_assinado-1_tarjado.pdf
04:05:02 INFO     detected formats: [<InputFormat.PDF: 'pdf'>]
04:05:02 INFO     Going to convert document batch...
04:05:02 INFO     Processing document iti_doc_diretivo_assinado-1_tarjado.pdf
04:05:02 INFO     command: tesseract --psm 0 -l osd /tmp/tmp3xt3fcfw.png stdout
04:05:03 INFO     command: tesseract -l por /tmp/tmp3xt3fcfw.png stdout tsv
04:05:05 INFO     command: tesseract --psm 0 -l osd /tmp/tmpvoewqwxs.png stdout
04:05:06 INFO     command: tesseract -l por /tmp/tmpvoewqwxs.png stdout tsv
04:05:11 INFO     command: tesseract --psm 0 -l osd /tmp/tmpcefwxerd.png stdout
04:05:12 INFO     command: tesseract -l por /tmp/tmpcefwxerd.png stdout tsv
04:05:14 INFO     command: tesseract --psm 0 -l osd /tmp/tmpbj83u91y.png stdout
04:05:14 INFO     command: tesseract -l por /tmp/tmpbj83u91y.png stdout tsv
04:05:16 INFO     command: tesseract --psm 0 -l osd /tmp/tmpqjwj7nj9.png stdout
04:05:17 INFO     command: tesseract -l por /tmp/tmpqjwj7nj9.png stdout tsv
04:05:19 INFO     command: tesseract --psm 0 -l osd /tmp/tmpgp212r9_.png stdout
04:05:21 INFO     command: tesseract -l por /tmp/tmpgp212r9_.png stdout tsv
04:05:38 INFO     command: tesseract --psm 0 -l osd /tmp/tmpnou4sr7e.png stdout
04:05:39 INFO     command: tesseract -l por /tmp/tmpnou4sr7e.png stdout tsv
04:05:41 INFO     command: tesseract --psm 0 -l osd /tmp/tmpef78dv8w.png stdout
04:05:41 INFO     command: tesseract -l por /tmp/tmpef78dv8w.png stdout tsv
04:05:44 INFO     command: tesseract --psm 0 -l osd /tmp/tmphva9fs5g.png stdout
04:05:44 INFO     command: tesseract -l por /tmp/tmphva9fs5g.png stdout tsv
04:05:47 INFO     command: tesseract --psm 0 -l osd /tmp/tmpljk1js41.png stdout
04:05:48 INFO     command: tesseract -l por /tmp/tmpljk1js41.png stdout tsv
04:05:57 INFO     command: tesseract --psm 0 -l osd /tmp/tmpfk1q0vts.png stdout
04:05:58 INFO     command: tesseract -l por /tmp/tmpfk1q0vts.png stdout tsv
04:06:04 INFO     Finished converting document iti_doc_diretivo_assinado-1_tarjado.pdf in 61.96 sec.
04:06:04 INFO     [6/7] ✓ ITI       :  14 riscos | 62.0s | ETA ~59s
04:06:04 INFO     [7/7] → sgpr_ptd_2026_2027_docdiretivo_assinado-copia_tarjada.pdf
04:06:04 INFO     detected formats: [<InputFormat.PDF: 'pdf'>]
04:06:04 INFO     Going to convert document batch...
04:06:04 INFO     Processing document sgpr_ptd_2026_2027_docdiretivo_assinado-copia_tarjada.pdf
04:06:24 INFO     Finished converting document sgpr_ptd_2026_2027_docdiretivo_assinado-copia_tarjada.pdf in 20.84 sec.
04:06:24 INFO     [7/7] ✓ SGPR      :  10 riscos | 20.9s | ETA ~0s
04:06:24 INFO     ╔══════════════════════════════════════════════════════════════╗
04:06:24 INFO     ║                   RISCOS — fase concluída                    ║
04:06:24 INFO     ║  Processados: 7     |  ✓ 7  ⚠ 0                              ║
04:06:24 INFO     ║  Duração: 6.2 min                                            ║
04:06:24 INFO     ║  81 riscos | 7 órgãos                                        ║
04:06:24 INFO     ╚══════════════════════════════════════════════════════════════╝
04:06:24 INFO     81 riscos | 0 ações | 135 relações
04:06:24 INFO     ptd_corpus_raw                     : 273 linhas
04:06:24 INFO     ptd_pivot_eixos                    : 7 linhas
04:06:28 INFO     ptd_datas_assinatura               : 132 linhas
04:06:28 INFO     ptd_riscos                         : 81 linhas
04:06:28 INFO     ptd_riscos_acoes                   : 135 linhas
04:06:28 INFO     Manifesto salvo: pipeline_manifest.json | SHA-256 de 132 PDFs
04:06:28 INFO     ==================================================
04:06:28 INFO     PTD-BR v3.0-melhorado — PIPELINE CONCLUÍDO
04:06:28 INFO     ==================================================
04:06:28 INFO     ptd_corpus_raw.csv                        167 KB
04:06:28 INFO     ptd_pivot_eixos.csv                         0 KB
04:06:28 INFO     ptd_datas_assinatura.csv                    9 KB
04:06:28 INFO     ptd_riscos.csv                             23 KB
04:06:28 INFO     ptd_riscos_acoes.csv                        2 KB
04:06:28 INFO     proveniencia.json                           0 KB
04:06:28 INFO     pipeline_manifest.json                     21 KB
04:06:28 INFO     📦 Artefatos: https://github.com/freirelucas/teste/actions/runs/24063073255
04:06:28 INFO     ==================================================
