05:24:18 INFO     Docling disponível
05:24:18 WARNING  OCR fallback indisponível (IndentationError: unexpected indent (ptd_ocr_fallback.py, line 45))
05:24:19 INFO     Ignorado (guia/template/norma): ABNT-NBR-17225-Acessibilidade-Digital.pdf
05:24:19 INFO     Ignorado (guia/template/norma): cgrep-guia10passos-ptd-orgao.pdf
05:24:19 INFO     Ignorado (guia/template/norma): ABNT-NBR-17225-Acessibilidade-Digital.pdf
05:24:19 INFO     Scraping: 132 PDFs únicos | entregas: 68 | diretivos: 61
05:24:19 INFO     Baixando 132 PDFs únicos...
05:24:22 INFO     ✓ [  1/132] abin_ptd_anexo_de_entregas_assinado_pelo_orgao_ass   293.3KB
05:24:26 INFO     ✓ [  2/132] aeb_ptd_2025_2027_docdiretivo_aprovado_assinado-1_  1033.7KB
05:24:29 INFO     ✓ [  3/132] aeb_ptd_2025_2027_anexo_de_entregas_aprovado_assin   154.5KB
05:24:35 INFO     ✓ [  4/132] agu_ptd_2025_2027_docdiretivo_assinado_assinado_as  2860.3KB
05:24:38 INFO     ✓ [  5/132] agu_ptd_2025_2027_anexo_de_entregas_assinado_assin   525.5KB
05:24:41 INFO     ✓ [  6/132] ana_ptd_2025_2027_docdiretivo_assinado_assinado_as   477.2KB
05:24:43 INFO     ✓ [  7/132] ana_ptd_2025_2027_anexoentregas_assinado_assinado_   170.9KB
05:24:47 INFO     ✓ [  8/132] anac_ptd_2025_2026_docdiretivo_se_assinado_tarjado  1036.3KB
05:24:50 INFO     ✓ [  9/132] anac_ptd_2025_2026_anexo_de_entregas_se_assinado.p   215.2KB
05:24:53 INFO     ✓ [ 10/132] anatel_ptd_docdiretivo_assinado_2025_2026_assinado  1006.0KB
05:24:56 INFO     ✓ [ 11/132] anatel_ptd_2025_2026_anexo_de_entregas_do_ptd_publ    71.9KB
05:24:59 INFO     ✓ [ 12/132] ancine_ptd_2024_2026_docdiretivo_assinado-2_assina   961.8KB
05:25:02 INFO     ✓ [ 13/132] ancine_ptd_2024_2026_-_anexo_de_entregas_aprovado_   613.2KB
05:25:06 INFO     ✓ [ 14/132] ptd_aneel_2025-2027_docdiretivo_assinado_tarjado.p   779.6KB
05:25:08 INFO     ✓ [ 15/132] ptd_aneel_2025-2027_anexo_de_entregas_assinado.pdf   111.9KB
05:25:12 INFO     ✓ [ 16/132] anm_ptd_2025_2027_docdiretivo_assinadopeloorgao_ta  1092.5KB
05:25:16 INFO     ✓ [ 17/132] anm_ptd_2025_2027_anexo_entregas_assinadopeloorgao  1140.4KB
05:25:19 INFO     ✓ [ 18/132] anpd_ptd_2025_2027_docdiretivo_assinado_assinado_a  1044.3KB
05:25:22 INFO     ✓ [ 19/132] anpd_ptd_2025_2027_anexo_de_entregas_assinado_assi   166.5KB
05:25:26 INFO     ✓ [ 20/132] ans-plano_de_transformacao_digital_assinado-copia_  1023.4KB
05:25:28 INFO     ✓ [ 21/132] ans_ptd_2025_2026_anexo_de_entregas_assinado_assin   124.1KB
05:25:32 INFO     ✓ [ 22/132] antaq_ptd_2025_2027_docdiretivo_assinado_assinado_  1039.8KB
05:25:34 INFO     ✓ [ 23/132] antaq_ptd_2025_2027_anexoentregas_assinado_assinad   145.1KB
05:25:36 INFO     ✓ [ 24/132] mt_anexo_de_entregas_-_assinado_assinado_assinado_   143.6KB
05:25:47 INFO     ✓ [ 25/132] anvisa_ptd_docdiretivo_2025-2026_assinado_assinado  5771.2KB
05:25:49 INFO     ✓ [ 26/132] anvisa_ptd_anexo_de_entregas_2025_2026_assinado_as   239.0KB
05:25:52 INFO     ✓ [ 27/132] bcb_documento_diretivo_assinado_assinado_assinado-   713.7KB
05:25:55 INFO     ✓ [ 28/132] bcb_anexo_de_entregas_ptd_25_26-1_assinado_assinad   134.8KB
05:25:58 INFO     ✓ [ 29/132] cade_ptd_docdiretivo_2025_2026_assinado-2_assinado   810.4KB
05:26:01 INFO     ✓ [ 30/132] cade_ptd_anexo_de_entregas_2025_2026_assinado_copi   504.0KB
05:26:05 INFO     ✓ [ 31/132] mec_ptd_docdiretivo_2025-2026_sei_mec-5566673_copi   863.1KB
05:26:08 INFO     ✓ [ 32/132] mec_ptd_anexo-de-entregas_sei_mec-5576401_copia_ta   495.7KB
05:26:12 INFO     ✓ [ 33/132] mec_ptd_docdiretivo-versao-comunicacao_copia_tarja  1616.5KB
05:26:15 INFO     ✓ [ 34/132] md_ptd_2026_2027_anexo_de_entregas_assinado_assina   579.4KB
05:26:18 INFO     ✓ [ 35/132] md_ptd_2026_2027_anexo_de_entregas_assinado_assina   186.8KB
05:26:21 INFO     ✓ [ 36/132] md_ptd_temp_copia_tarjada.pdf                        741.9KB
05:26:25 INFO     ✓ [ 37/132] cgu_ptd_docdiretivo_assinado_assinado_assinado-cop  1085.4KB
05:26:28 INFO     ✓ [ 38/132] cgu_ptd_anexo_de_entregas_pactuadas_assinado_assin   514.1KB
05:26:31 INFO     ✓ [ 39/132] cnpq_ptd_2025_2027_docdiretivo_assinado_assinado_a   342.9KB
05:26:33 INFO     ✓ [ 40/132] cnpq_ptd_2025_2027_anexo_de_entregas_assinado_assi   136.1KB
05:26:37 INFO     ✓ [ 41/132] coaf_ptd_2025_2026_documento_diretivo_assinado_ass  1068.0KB
05:26:43 INFO     ✓ [ 42/132] coaf_ptd_2025_2026_anexo_de_entregas-2_assinado_as  3184.5KB
05:26:51 INFO     ✓ [ 43/132] ptd_midr-docdiretivo_aprovado_assinado_tarjado.pdf  3864.1KB
05:26:55 INFO     ✓ [ 44/132] ptd_midr_-_anexo_de_entregas_-_aprovado_assinado.p  1122.0KB
05:26:58 INFO     ✓ [ 45/132] mda-documento-diretivo-assinado_ptd-2025-207-copia   955.8KB
05:27:01 INFO     ✓ [ 46/132] cvm_ptd_2025_2027_docdiretivo_assinado_assinado_as   270.5KB
05:27:04 INFO     ✓ [ 47/132] cvm_ptd_2025_2027_anexoentregas_assinado_assinado_   409.0KB
05:27:07 INFO     ✓ [ 48/132] dnocs_ptd_doc_diretivo_2025_2026_assinado_orgao-2_   891.1KB
05:27:10 INFO     ✓ [ 49/132] dnocs_anexo_de_entregas_repactuado_2025_2026_assin   272.3KB
05:27:16 INFO     ✓ [ 50/132] fbn_ptd_2025_2027_docdiretivo_assinado-1_tarjado.p  2921.6KB
05:27:19 INFO     ✓ [ 51/132] fbn_ptd_2025_2027_anexo_de_entregas_assinado-1.pdf   162.3KB
05:27:23 INFO     ✓ [ 52/132] fcp_ptd_2025_2027_docdiretivo_assinado-1_tarjado.p  1612.0KB
05:27:25 INFO     ✓ [ 53/132] fcp_ptd_2025_2027_anexo_de_entregas_assinado-1.pdf   118.8KB
05:27:29 INFO     ✓ [ 54/132] fcrb_ptd_2025_2026_docdiretivo_aprovado_assinado-1   998.2KB
05:27:32 INFO     ✓ [ 55/132] fcrb_ptd_2025_2026_anexo_de_entregas_aprovado_assi   313.5KB
05:27:36 INFO     ✓ [ 56/132] fiocruz_novo-ptd_2-1_docdiretivo_repactuacao_2024-  1318.1KB
05:27:39 INFO     ✓ [ 57/132] fiocruz_ptd_anexo_de_entregas_assinado_v1_assinado   257.1KB
05:27:43 INFO     ✓ [ 58/132] fiocruz-ptd-06_2024-copia_tarjada.pdf               1693.8KB
05:27:48 INFO     ✓ [ 59/132] funai_ptd_2025_2027_docdiretivo_assinado-1_tarjado  1842.1KB
05:27:51 INFO     ✓ [ 60/132] funai_anexo_de_entregas_repactuado_2026_2027_assin   435.7KB
05:27:55 INFO     ✓ [ 61/132] funarte_ptd_docdiretivo_assinado_21_01_2025_assina   965.7KB
05:27:58 INFO     ✓ [ 62/132] funarte_ptd_anexo_de_entregas_assinado_v1_assinado   683.6KB
05:28:02 INFO     ✓ [ 63/132] fundacentro_ptd_2025_2027_docdiretivo_assinado_ass   826.6KB
05:28:05 INFO     ✓ [ 64/132] fundacentro_ptd_2025_2027_anexo_de_entregas_assina   635.5KB
05:28:08 INFO     ✓ [ 65/132] mma_ptd_docdiretivo_assinado_2025_2026-1_assinado_   949.3KB
05:28:11 INFO     ✓ [ 66/132] mma_ptd_anexo_de_entregas_aprovado_final_assinado_   174.8KB
05:28:15 INFO     ✓ [ 67/132] ibge_docdiretivo_2025_assinado_assinado_assinado-c  1167.3KB
05:28:17 INFO     ✓ [ 68/132] ibge_ptd_25_26_anexo_de_entregas_modelo_v2-1_assin   143.7KB
05:28:29 INFO     ✓ [ 69/132] incra_ptd_docdiretivo__assinado-1_assinado_assinad  7182.0KB
05:28:34 INFO     ✓ [ 70/132] incra_anexo_de_entregas_assinado-1_assinado_assina  1818.6KB
05:28:41 INFO     ✓ [ 71/132] inpi_ptd_docdiretivo_assinado_2025_2026_assinado_a  3322.4KB
05:28:47 INFO     ✓ [ 72/132] inpi_ptd_anexo_de_entregas_assinado_v1_assinado_as  3078.1KB
05:28:51 INFO     ✓ [ 73/132] inss_ptd_2025_2027_docdiretivo-assinado-copia_tarj  1173.3KB
05:28:54 INFO     ✓ [ 74/132] inss_ptd_2025_2027_anexo_de_entregas-assinado-copi   110.8KB
05:28:57 INFO     ✓ [ 75/132] iphan_ptd_docdiretivo_assinado_2025_2026_assinado_   885.7KB
05:29:00 INFO     ✓ [ 76/132] iphan_ptd_anexo_de_entregas_assinado_v1_assinado_a   310.9KB
05:29:09 INFO     ✓ [ 77/132] iti_doc_diretivo_assinado-1_tarjado.pdf             4905.1KB
05:29:12 INFO     ✓ [ 78/132] iti_anexo_de_entregas_assinado.pdf                   556.4KB
05:29:17 INFO     ✓ [ 79/132] mapa_ptd_2025_2027_docdiretivo_assinado-1_tarjado.  1740.9KB
05:29:19 INFO     ✓ [ 80/132] mapa_ptd_2025_2027_anexo_de_entregas_assinado-1.pd   261.9KB
05:29:28 INFO     ✓ [ 81/132] documento-diretivo-mcom-_-ptd-25_27-copia_tarjada.  4451.9KB
05:29:32 INFO     ✓ [ 82/132] anexo-de-entregas-mcom_ptd-25_27-copia_tarjada.pdf  1213.8KB
05:29:38 INFO     ✓ [ 83/132] ptd_21_24_mcom-copia_tarjada.pdf                    3040.7KB
05:29:42 INFO     ✓ [ 84/132] mcti_ptd_2025-2027_docdiretivo_assinado-copia_tarj  1030.7KB
05:29:44 INFO     ✓ [ 85/132] mcti_ptd_2025-2027_anexo-de-entregas_assinado-copi   145.8KB
05:29:47 INFO     ✓ [ 86/132] mda-anexo-entregas-assinado_ptd-2025-2027-copia-ta   284.6KB
05:29:50 INFO     ✓ [ 87/132] mdhc_ptd_2025_2027_docdiretivo_assinado_assinado_a   753.4KB
05:29:53 INFO     ✓ [ 88/132] mdhc_ptd_2025_2027_anexoentregas_assinado_assinado   186.8KB
05:29:55 INFO     ✓ [ 89/132] mdic_ptd_anexo_de_entregas_assinado_v1_assinado_as   176.6KB
05:29:59 INFO     ✓ [ 90/132] memp_ptd_2025_2026_docdiretivo_assinado_assinado_a  1030.1KB
05:30:02 INFO     ✓ [ 91/132] memp_ptd_2025_2026_anexo_de_entregas_assinado_assi   161.5KB
05:30:06 INFO     ✓ [ 92/132] mesp_ptd_2025_2027_docdiretivo_assinado_assinado_2  1147.7KB
05:30:08 INFO     ✓ [ 93/132] mesp_ptd_2025_2027_anexo_de_entregas_assinado_assi   226.6KB
05:30:12 INFO     ✓ [ 94/132] mf_ptd_2026_2027_documentodiretivo_assinado_assina   955.1KB
05:30:15 INFO     ✓ [ 95/132] mf_ptd_2026_2027_anexo_de_entregas_1_mf_se_assinad   241.2KB
05:30:18 INFO     ✓ [ 96/132] mgi_ptd_2025_2027_docdiretivo_assinado_assinado_as   375.2KB
05:30:20 INFO     ✓ [ 97/132] mgi_ptd_2025_2027_anexo_de_entregas_assinado_assin   256.1KB
05:30:24 INFO     ✓ [ 98/132] minc_ptd_2025_2027_docdiretivo_assinado-1_assinado   863.6KB
05:30:26 INFO     ✓ [ 99/132] minc_ptd_2025_2027_anexo_de_entregas_assinado-1_as   276.7KB
05:30:30 INFO     ✓ [100/132] mjsp_ptd_docdiretivo_assinado_2025_2026_assinado_a   954.0KB
05:30:33 INFO     ✓ [101/132] mjsp_ptd_anexo_de_entregas_assinado_v1_assinado_as   253.9KB
05:30:36 INFO     ✓ [102/132] mme_ptd_2025_2027_docdiretivo_assinado-copia_tarja   664.5KB
05:30:38 INFO     ✓ [103/132] mme_ptd_2025_2027_anexo_de_entregas_assinado__1_-c   111.1KB
05:30:42 INFO     ✓ [104/132] mmulheres_ptd_2025_2027_docdiretivo_assinado_assin  1078.3KB
05:30:45 INFO     ✓ [105/132] mmulheres_ptd_2025_2027_anexo_de_entregas_assinado   216.9KB
05:30:48 INFO     ✓ [106/132] mpi_ptd_2025_2027_docdiretivo_ministerio_dos_povos   947.9KB
05:30:51 INFO     ✓ [107/132] mpi_ptd_anexo_de_entregas_do_plano_de_tranformacao   191.9KB
05:30:54 INFO     ✓ [108/132] mpo_ptd_docdiretivo_assinado_2025_2026_assinado_as   806.3KB
05:30:57 INFO     ✓ [109/132] mpo_ptd_anexo_de_entregas_assinado_v1_assinado_ass   323.2KB
05:31:01 INFO     ✓ [110/132] mpor_ptd_2025_2027_docdiretivo_assinado_assinado_a   876.5KB
05:31:03 INFO     ✓ [111/132] mpor_ptd_2025_2027_anexo_de_entregas_assinado_assi   175.1KB
05:31:07 INFO     ✓ [112/132] mps_ptd_2025-2026_docdiretivo_final_assinado-1_ass  1024.4KB
05:31:10 INFO     ✓ [113/132] mps_ptd_2025-2026_anexo_de_entregas_final_assinado   165.0KB
05:31:13 INFO     ✓ [114/132] mre_ptd_docdiretivo_assinado_2025_2026_assinado_as   760.9KB
05:31:16 INFO     ✓ [115/132] mre_ptd_anexo_de_entregas_assinado_v1_assinado_ass   233.2KB
05:31:19 INFO     ✓ [116/132] mte_ptd_2025_2026_docdiretivo_assinado_assinado_as   729.6KB
05:31:22 INFO     ✓ [117/132] mte_ptd_anexo_de_entregas_assinado_v1__281_29_assi   459.5KB
05:31:27 INFO     ✓ [118/132] mtur_ptd_docdiretiv_assinado_30_01_2025_assinado_a  1050.4KB
05:31:29 INFO     ✓ [119/132] mtur_ptd_anexo_de_entregas_assinado_30_01_2025_ass   118.8KB
05:31:33 INFO     ✓ [120/132] pf_ptd_docdiretivo_2025_2027_assinado-copia_tarjad   964.3KB
05:31:35 INFO     ✓ [121/132] pf_ptd_anexo_de_entregas_2025_2027_assinado-copia_    62.5KB
05:31:38 INFO     ✓ [122/132] mf_ptd_2026_2027_anexo_de_entregas_4_mf_pgfn_assin   466.8KB
05:31:50 INFO     ✓ [123/132] previc_plano_de_transformacao_digital_2025_2026_29  6652.7KB
05:31:52 INFO     ✓ [124/132] previc_ptd_repactuacao_2025-2026_assinado_assinado   182.9KB
05:31:55 INFO     ✓ [125/132] prf_documentodiretivo_ptd_2026-2027_assinado_tarja   535.9KB
05:31:58 INFO     ✓ [126/132] prf_anexo_de_entregas_do_ptd__2026_2027___ptd___en   157.7KB
05:32:00 INFO     ✓ [127/132] mf_ptd_2026_2027_anexo_de_entregas_2_mf_rfb_assina   253.7KB
05:32:04 INFO     ✓ [128/132] sgpr_ptd_2026_2027_docdiretivo_assinado-copia_tarj   791.2KB
05:32:07 INFO     ✓ [129/132] sgpr_ptd_2025_2027_anexo_de_entregas_assinado-copi   897.9KB
05:32:10 INFO     ✓ [130/132] mf_ptd_2026_2027_anexo_de_entregas_3_mf_stn_assina   467.8KB
05:32:14 INFO     ✓ [131/132] susep_ptd_2025_2027_docdiretivo-assinado-copia_tar  1030.1KB
05:32:17 INFO     ✓ [132/132] susep_ptd_2025-2026_anexo_de_entregas_final_assina   221.9KB
05:32:18 INFO     132 OK | 0 erros | 123.3 MB total
05:32:24 INFO     Sanity: 132 PDFs | 113 texto | 19 imagem/OCR | 0 duplicatas
05:32:24 INFO     --siglas (debug): 15 PDFs de ['AGU', 'FIOCRUZ', 'FUNAI', 'FUNDACENTRO', 'INCRA', 'ITI', 'MCOM', 'SGPR']
05:32:24 INFO     DocumentConverter instanciado (singleton × 2: plain + OCR)
05:32:24 INFO     [1/15] → agu_ptd_2025_2027_anexo_de_entregas_assinado_assinado_assinado-copia_tarjada.pdf
05:32:24 INFO     detected formats: [<InputFormat.PDF: 'pdf'>]
05:32:24 INFO     Going to convert document batch...
05:32:24 INFO     Initializing pipeline for StandardPdfPipeline with options hash bc6794697da537796efc497178f9263f
05:32:24 INFO     Loading plugin 'docling_defaults'
05:32:24 INFO     Registered picture descriptions: ['picture_description_vlm_engine', 'vlm', 'api']
05:32:24 INFO     Loading plugin 'docling_defaults'
05:32:24 INFO     Registered ocr engines: ['auto', 'easyocr', 'kserve_v2_ocr', 'ocrmac', 'rapidocr', 'tesserocr', 'tesseract']
05:32:24 INFO     command: tesseract --list-langs
05:32:24 INFO     Loading plugin 'docling_defaults'
05:32:24 INFO     Registered layout engines: ['layout_object_detection', 'docling_layout_default', 'docling_experimental_table_crops_layout']
05:32:24 INFO     Accelerator device: 'cpu'
05:32:24 INFO     HTTP Request: GET https://huggingface.co/api/models/docling-project/docling-layout-heron/revision/main "HTTP/1.1 200 OK"
05:32:24 INFO     HTTP Request: HEAD https://huggingface.co/docling-project/docling-layout-heron/resolve/8f39ad3c0b4c58e9c2d2c84a38465abf757272d8/config.json "HTTP/1.1 307 Temporary Redirect"
05:32:24 INFO     HTTP Request: HEAD https://huggingface.co/api/resolve-cache/models/docling-project/docling-layout-heron/8f39ad3c0b4c58e9c2d2c84a38465abf757272d8/config.json "HTTP/1.1 200 OK"
05:32:24 INFO     HTTP Request: GET https://huggingface.co/api/resolve-cache/models/docling-project/docling-layout-heron/8f39ad3c0b4c58e9c2d2c84a38465abf757272d8/config.json "HTTP/1.1 200 OK"
05:32:24 INFO     HTTP Request: HEAD https://huggingface.co/docling-project/docling-layout-heron/resolve/8f39ad3c0b4c58e9c2d2c84a38465abf757272d8/README.md "HTTP/1.1 307 Temporary Redirect"
05:32:24 INFO     HTTP Request: HEAD https://huggingface.co/docling-project/docling-layout-heron/resolve/8f39ad3c0b4c58e9c2d2c84a38465abf757272d8/preprocessor_config.json "HTTP/1.1 307 Temporary Redirect"
05:32:24 INFO     HTTP Request: HEAD https://huggingface.co/docling-project/docling-layout-heron/resolve/8f39ad3c0b4c58e9c2d2c84a38465abf757272d8/model.safetensors "HTTP/1.1 302 Found"
05:32:24 INFO     HTTP Request: HEAD https://huggingface.co/docling-project/docling-layout-heron/resolve/8f39ad3c0b4c58e9c2d2c84a38465abf757272d8/docling_heron_400.png "HTTP/1.1 307 Temporary Redirect"
05:32:24 WARNING  Warning: You are sending unauthenticated requests to the HF Hub. Please set a HF_TOKEN to enable higher rate limits and faster downloads.
05:32:24 INFO     HTTP Request: HEAD https://huggingface.co/docling-project/docling-layout-heron/resolve/8f39ad3c0b4c58e9c2d2c84a38465abf757272d8/.gitattributes "HTTP/1.1 307 Temporary Redirect"
05:32:24 INFO     HTTP Request: HEAD https://huggingface.co/api/resolve-cache/models/docling-project/docling-layout-heron/8f39ad3c0b4c58e9c2d2c84a38465abf757272d8/README.md "HTTP/1.1 200 OK"
05:32:24 INFO     HTTP Request: HEAD https://huggingface.co/api/resolve-cache/models/docling-project/docling-layout-heron/8f39ad3c0b4c58e9c2d2c84a38465abf757272d8/preprocessor_config.json "HTTP/1.1 200 OK"
05:32:24 INFO     HTTP Request: HEAD https://huggingface.co/api/resolve-cache/models/docling-project/docling-layout-heron/8f39ad3c0b4c58e9c2d2c84a38465abf757272d8/docling_heron_400.png "HTTP/1.1 200 OK"
05:32:24 INFO     HTTP Request: HEAD https://huggingface.co/api/resolve-cache/models/docling-project/docling-layout-heron/8f39ad3c0b4c58e9c2d2c84a38465abf757272d8/.gitattributes "HTTP/1.1 200 OK"
05:32:24 INFO     HTTP Request: GET https://huggingface.co/api/resolve-cache/models/docling-project/docling-layout-heron/8f39ad3c0b4c58e9c2d2c84a38465abf757272d8/README.md "HTTP/1.1 200 OK"
05:32:24 INFO     HTTP Request: GET https://huggingface.co/api/resolve-cache/models/docling-project/docling-layout-heron/8f39ad3c0b4c58e9c2d2c84a38465abf757272d8/preprocessor_config.json "HTTP/1.1 200 OK"
05:32:24 INFO     HTTP Request: GET https://huggingface.co/api/resolve-cache/models/docling-project/docling-layout-heron/8f39ad3c0b4c58e9c2d2c84a38465abf757272d8/.gitattributes "HTTP/1.1 200 OK"
05:32:24 INFO     HTTP Request: GET https://huggingface.co/api/resolve-cache/models/docling-project/docling-layout-heron/8f39ad3c0b4c58e9c2d2c84a38465abf757272d8/docling_heron_400.png "HTTP/1.1 200 OK"
05:32:24 INFO     HTTP Request: GET https://huggingface.co/api/models/docling-project/docling-layout-heron/xet-read-token/8f39ad3c0b4c58e9c2d2c84a38465abf757272d8 "HTTP/1.1 200 OK"
05:32:26 INFO     Loading plugin 'docling_defaults'
05:32:26 INFO     Registered table structure engines: ['docling_tableformer', 'docling_tableformer_v2']
05:32:26 INFO     HTTP Request: GET https://huggingface.co/api/models/docling-project/docling-models/revision/v2.3.0 "HTTP/1.1 200 OK"
05:32:26 INFO     HTTP Request: HEAD https://huggingface.co/docling-project/docling-models/resolve/fc0f2d45e2218ea24bce5045f58a389aed16dc23/.gitignore "HTTP/1.1 307 Temporary Redirect"
05:32:26 INFO     HTTP Request: HEAD https://huggingface.co/docling-project/docling-models/resolve/fc0f2d45e2218ea24bce5045f58a389aed16dc23/.gitattributes "HTTP/1.1 307 Temporary Redirect"
05:32:26 INFO     HTTP Request: HEAD https://huggingface.co/docling-project/docling-models/resolve/fc0f2d45e2218ea24bce5045f58a389aed16dc23/README.md "HTTP/1.1 307 Temporary Redirect"
05:32:26 INFO     HTTP Request: HEAD https://huggingface.co/docling-project/docling-models/resolve/fc0f2d45e2218ea24bce5045f58a389aed16dc23/model_artifacts/tableformer/accurate/tableformer_accurate.safetensors "HTTP/1.1 302 Found"
05:32:26 INFO     HTTP Request: HEAD https://huggingface.co/docling-project/docling-models/resolve/fc0f2d45e2218ea24bce5045f58a389aed16dc23/model_artifacts/tableformer/accurate/tm_config.json "HTTP/1.1 307 Temporary Redirect"
05:32:26 INFO     HTTP Request: HEAD https://huggingface.co/docling-project/docling-models/resolve/fc0f2d45e2218ea24bce5045f58a389aed16dc23/config.json "HTTP/1.1 307 Temporary Redirect"
05:32:26 INFO     HTTP Request: HEAD https://huggingface.co/api/resolve-cache/models/docling-project/docling-models/fc0f2d45e2218ea24bce5045f58a389aed16dc23/.gitignore "HTTP/1.1 200 OK"
05:32:26 INFO     HTTP Request: HEAD https://huggingface.co/api/resolve-cache/models/docling-project/docling-models/fc0f2d45e2218ea24bce5045f58a389aed16dc23/.gitattributes "HTTP/1.1 200 OK"
05:32:26 INFO     HTTP Request: HEAD https://huggingface.co/api/resolve-cache/models/docling-project/docling-models/fc0f2d45e2218ea24bce5045f58a389aed16dc23/README.md "HTTP/1.1 200 OK"
05:32:26 INFO     HTTP Request: HEAD https://huggingface.co/api/resolve-cache/models/docling-project/docling-models/fc0f2d45e2218ea24bce5045f58a389aed16dc23/model_artifacts%2Ftableformer%2Faccurate%2Ftm_config.json "HTTP/1.1 200 OK"
05:32:26 INFO     HTTP Request: HEAD https://huggingface.co/api/resolve-cache/models/docling-project/docling-models/fc0f2d45e2218ea24bce5045f58a389aed16dc23/config.json "HTTP/1.1 200 OK"
05:32:26 INFO     HTTP Request: HEAD https://huggingface.co/docling-project/docling-models/resolve/fc0f2d45e2218ea24bce5045f58a389aed16dc23/model_artifacts/tableformer/fast/tm_config.json "HTTP/1.1 307 Temporary Redirect"
05:32:26 INFO     HTTP Request: HEAD https://huggingface.co/docling-project/docling-models/resolve/fc0f2d45e2218ea24bce5045f58a389aed16dc23/model_artifacts/tableformer/fast/tableformer_fast.safetensors "HTTP/1.1 302 Found"
05:32:26 INFO     HTTP Request: GET https://huggingface.co/api/resolve-cache/models/docling-project/docling-models/fc0f2d45e2218ea24bce5045f58a389aed16dc23/.gitignore "HTTP/1.1 200 OK"
05:32:26 INFO     HTTP Request: GET https://huggingface.co/api/resolve-cache/models/docling-project/docling-models/fc0f2d45e2218ea24bce5045f58a389aed16dc23/.gitattributes "HTTP/1.1 200 OK"
05:32:26 INFO     HTTP Request: GET https://huggingface.co/api/resolve-cache/models/docling-project/docling-models/fc0f2d45e2218ea24bce5045f58a389aed16dc23/README.md "HTTP/1.1 200 OK"
05:32:26 INFO     HTTP Request: GET https://huggingface.co/api/resolve-cache/models/docling-project/docling-models/fc0f2d45e2218ea24bce5045f58a389aed16dc23/config.json "HTTP/1.1 200 OK"
05:32:26 INFO     HTTP Request: GET https://huggingface.co/api/resolve-cache/models/docling-project/docling-models/fc0f2d45e2218ea24bce5045f58a389aed16dc23/model_artifacts%2Ftableformer%2Faccurate%2Ftm_config.json "HTTP/1.1 200 OK"
05:32:26 INFO     HTTP Request: HEAD https://huggingface.co/api/resolve-cache/models/docling-project/docling-models/fc0f2d45e2218ea24bce5045f58a389aed16dc23/model_artifacts%2Ftableformer%2Ffast%2Ftm_config.json "HTTP/1.1 200 OK"
05:32:26 INFO     HTTP Request: GET https://huggingface.co/api/models/docling-project/docling-models/xet-read-token/fc0f2d45e2218ea24bce5045f58a389aed16dc23 "HTTP/1.1 200 OK"
05:32:26 INFO     HTTP Request: GET https://huggingface.co/api/resolve-cache/models/docling-project/docling-models/fc0f2d45e2218ea24bce5045f58a389aed16dc23/model_artifacts%2Ftableformer%2Ffast%2Ftm_config.json "HTTP/1.1 200 OK"
05:32:26 INFO     HTTP Request: GET https://huggingface.co/api/models/docling-project/docling-models/xet-read-token/fc0f2d45e2218ea24bce5045f58a389aed16dc23 "HTTP/1.1 200 OK"
05:32:28 INFO     Accelerator device: 'cpu'
05:32:28 INFO     Processing document agu_ptd_2025_2027_anexo_de_entregas_assinado_assinado_assinado-copia_tarjada.pdf
05:32:29 INFO     command: tesseract --psm 0 -l osd /tmp/tmpmi7hezz1.png stdout
05:32:29 INFO     command: tesseract -l por /tmp/tmpmi7hezz1.png stdout tsv
05:32:33 INFO     command: tesseract --psm 0 -l osd /tmp/tmpbi0vwhii.png stdout
05:32:34 INFO     command: tesseract -l por /tmp/tmpbi0vwhii.png stdout tsv
05:32:51 INFO     Finished converting document agu_ptd_2025_2027_anexo_de_entregas_assinado_assinado_assinado-copia_tarjada.pdf in 27.33 sec.
05:32:51 INFO       pixel_budget (Docling) agu_ptd_2025_2027_anexo_de_entregas_assinado_assinado_assinado-copia_tarjada.pdf: 45.8% (área tabelas/1001817 px²)
05:32:51 INFO     [1/15] ✓ AGU       :   33 entregas | 27.3s | ETA ~6min
05:32:51 INFO     [2/15] → agu_ptd_2025_2027_docdiretivo_assinado_assinado_assinado-copia_tarjada.pdf
05:32:51 INFO     detected formats: [<InputFormat.PDF: 'pdf'>]
05:32:51 INFO     Going to convert document batch...
05:32:51 INFO     Processing document agu_ptd_2025_2027_docdiretivo_assinado_assinado_assinado-copia_tarjada.pdf
05:32:52 INFO     command: tesseract --psm 0 -l osd /tmp/tmpkj9yityw.png stdout
05:32:52 INFO     command: tesseract -l por /tmp/tmpkj9yityw.png stdout tsv
05:32:54 INFO     command: tesseract --psm 0 -l osd /tmp/tmpkif8i_j5.png stdout
05:32:56 INFO     command: tesseract -l por /tmp/tmpkif8i_j5.png stdout tsv
05:32:59 INFO     command: tesseract --psm 0 -l osd /tmp/tmps5kw0zas.png stdout
05:33:00 INFO     command: tesseract -l por /tmp/tmps5kw0zas.png stdout tsv
05:33:03 INFO     command: tesseract --psm 0 -l osd /tmp/tmp15p4mv4f.png stdout
05:33:03 INFO     command: tesseract -l por /tmp/tmp15p4mv4f.png stdout tsv
05:33:06 INFO     command: tesseract --psm 0 -l osd /tmp/tmpuyrsk2on.png stdout
05:33:06 INFO     command: tesseract -l por /tmp/tmpuyrsk2on.png stdout tsv
05:33:09 INFO     command: tesseract --psm 0 -l osd /tmp/tmp83houjbt.png stdout
05:33:10 INFO     command: tesseract -l por /tmp/tmp83houjbt.png stdout tsv
05:33:21 INFO     command: tesseract --psm 0 -l osd /tmp/tmpiapst414.png stdout
05:33:21 INFO     command: tesseract -l por /tmp/tmpiapst414.png stdout tsv
05:33:24 INFO     command: tesseract --psm 0 -l osd /tmp/tmpoi79ahub.png stdout
05:33:24 INFO     command: tesseract -l por /tmp/tmpoi79ahub.png stdout tsv
05:33:27 INFO     command: tesseract --psm 0 -l osd /tmp/tmp6igccl0w.png stdout
05:33:28 INFO     command: tesseract -l por /tmp/tmp6igccl0w.png stdout tsv
05:33:30 INFO     command: tesseract --psm 0 -l osd /tmp/tmpr7iuqnjx.png stdout
05:33:31 INFO     command: tesseract -l por /tmp/tmpr7iuqnjx.png stdout tsv
05:33:44 INFO     command: tesseract --psm 0 -l osd /tmp/tmpz_xg8odz.png stdout
05:33:45 INFO     command: tesseract -l por /tmp/tmpz_xg8odz.png stdout tsv
05:33:48 INFO     Finished converting document agu_ptd_2025_2027_docdiretivo_assinado_assinado_assinado-copia_tarjada.pdf in 57.35 sec.
05:33:48 INFO       pixel_budget (Docling) agu_ptd_2025_2027_docdiretivo_assinado_assinado_assinado-copia_tarjada.pdf: 2.1% (área tabelas/5513330 px²)
05:33:48 INFO     [2/15] ✓ AGU       :    6 entregas | 57.4s | ETA ~9min
05:33:48 INFO     [3/15] → anexo-de-entregas-mcom_ptd-25_27-copia_tarjada.pdf
05:33:48 INFO     detected formats: [<InputFormat.PDF: 'pdf'>]
05:33:48 INFO     Going to convert document batch...
05:33:48 INFO     Processing document anexo-de-entregas-mcom_ptd-25_27-copia_tarjada.pdf
05:33:50 INFO     command: tesseract --psm 0 -l osd /tmp/tmp9z73zyd5.png stdout
05:33:50 INFO     command: tesseract -l por /tmp/tmp9z73zyd5.png stdout tsv
05:33:53 INFO     command: tesseract --psm 0 -l osd /tmp/tmpqmnbhz6i.png stdout
05:33:54 INFO     command: tesseract -l por /tmp/tmpqmnbhz6i.png stdout tsv
05:34:08 INFO     command: tesseract --psm 0 -l osd /tmp/tmpcrh74b9h.png stdout
05:34:09 INFO     command: tesseract -l por /tmp/tmpcrh74b9h.png stdout tsv
05:34:30 INFO     Finished converting document anexo-de-entregas-mcom_ptd-25_27-copia_tarjada.pdf in 41.54 sec.
05:34:30 INFO       pixel_budget (Docling) anexo-de-entregas-mcom_ptd-25_27-copia_tarjada.pdf: 55.2% (área tabelas/1503636 px²)
05:34:30 INFO     [3/15] ✓ MCOM      :   55 entregas | 41.6s | ETA ~8min
05:34:30 INFO     [4/15] → documento-diretivo-mcom-_-ptd-25_27-copia_tarjada.pdf
05:34:30 INFO     detected formats: [<InputFormat.PDF: 'pdf'>]
05:34:30 INFO     Going to convert document batch...
05:34:30 INFO     Processing document documento-diretivo-mcom-_-ptd-25_27-copia_tarjada.pdf
05:34:31 INFO     command: tesseract --psm 0 -l osd /tmp/tmpj9ur6k27.png stdout
05:34:31 INFO     command: tesseract -l por /tmp/tmpj9ur6k27.png stdout tsv
05:34:34 INFO     command: tesseract --psm 0 -l osd /tmp/tmpay_mwk9f.png stdout
05:34:36 INFO     command: tesseract -l por /tmp/tmpay_mwk9f.png stdout tsv
05:34:41 INFO     command: tesseract --psm 0 -l osd /tmp/tmpzdqj4gk0.png stdout
05:34:42 INFO     command: tesseract -l por /tmp/tmpzdqj4gk0.png stdout tsv
05:34:43 INFO     command: tesseract --psm 0 -l osd /tmp/tmpvcyysi8n.png stdout
05:34:44 INFO     command: tesseract -l por /tmp/tmpvcyysi8n.png stdout tsv
05:34:46 INFO     command: tesseract --psm 0 -l osd /tmp/tmpic0ykys_.png stdout
05:34:47 INFO     command: tesseract -l por /tmp/tmpic0ykys_.png stdout tsv
05:34:49 INFO     command: tesseract --psm 0 -l osd /tmp/tmpdpds5cop.png stdout
05:34:51 INFO     command: tesseract -l por /tmp/tmpdpds5cop.png stdout tsv
05:35:05 INFO     command: tesseract --psm 0 -l osd /tmp/tmpc6kaqkus.png stdout
05:35:06 INFO     command: tesseract -l por /tmp/tmpc6kaqkus.png stdout tsv
05:35:08 INFO     command: tesseract --psm 0 -l osd /tmp/tmp5xeh0k25.png stdout
05:35:09 INFO     command: tesseract -l por /tmp/tmp5xeh0k25.png stdout tsv
05:35:11 INFO     command: tesseract --psm 0 -l osd /tmp/tmpqx9kf6i9.png stdout
05:35:12 INFO     command: tesseract -l por /tmp/tmpqx9kf6i9.png stdout tsv
05:35:14 INFO     command: tesseract --psm 0 -l osd /tmp/tmpddbubxx7.png stdout
05:35:15 INFO     command: tesseract -l por /tmp/tmpddbubxx7.png stdout tsv
05:35:20 INFO     command: tesseract --psm 0 -l osd /tmp/tmpin_qia7h.png stdout
05:35:21 INFO     command: tesseract -l por /tmp/tmpin_qia7h.png stdout tsv
05:35:28 INFO     command: tesseract --psm 0 -l osd /tmp/tmp8t2zu9cy.png stdout
05:35:29 INFO     command: tesseract -l por /tmp/tmp8t2zu9cy.png stdout tsv
05:35:30 INFO     command: tesseract --psm 0 -l osd /tmp/tmpfk1zp342.png stdout
05:35:31 INFO     command: tesseract -l por /tmp/tmpfk1zp342.png stdout tsv
05:35:33 INFO     command: tesseract --psm 0 -l osd /tmp/tmpt4yvrfum.png stdout
05:35:34 INFO     command: tesseract -l por /tmp/tmpt4yvrfum.png stdout tsv
05:35:40 INFO     Finished converting document documento-diretivo-mcom-_-ptd-25_27-copia_tarjada.pdf in 70.21 sec.
05:35:40 INFO       pixel_budget (Docling) documento-diretivo-mcom-_-ptd-25_27-copia_tarjada.pdf: 10.8% (área tabelas/7016966 px²)
05:35:40 INFO     [4/15] ✓ MCOM      :    3 entregas | 70.2s | ETA ~9min
05:35:40 INFO     [5/15] → fiocruz-ptd-06_2024-copia_tarjada.pdf
05:35:40 INFO     detected formats: [<InputFormat.PDF: 'pdf'>]
05:35:40 INFO     Going to convert document batch...
05:35:40 INFO     Initializing pipeline for StandardPdfPipeline with options hash d18651824ca6fe56cf3ccb20424ac2c8
05:35:40 INFO     Accelerator device: 'cpu'
05:35:40 INFO     HTTP Request: GET https://huggingface.co/api/models/docling-project/docling-layout-heron/revision/main "HTTP/1.1 200 OK"
05:35:41 INFO     HTTP Request: GET https://huggingface.co/api/models/docling-project/docling-models/revision/v2.3.0 "HTTP/1.1 200 OK"
05:35:41 INFO     Accelerator device: 'cpu'
05:35:41 INFO     Processing document fiocruz-ptd-06_2024-copia_tarjada.pdf
05:36:52 INFO     Finished converting document fiocruz-ptd-06_2024-copia_tarjada.pdf in 71.66 sec.
05:36:52 INFO       pixel_budget (Docling) fiocruz-ptd-06_2024-copia_tarjada.pdf: 36.4% (área tabelas/7518178 px²)
05:36:52 INFO     [5/15] ✓ FIOCRUZ   :    1 entregas | 71.7s | ETA ~8min
05:36:52 INFO     [6/15] → fiocruz_novo-ptd_2-1_docdiretivo_repactuacao_2024-2026_assinado_assinado-copia_tarjada.pdf
05:36:52 INFO     detected formats: [<InputFormat.PDF: 'pdf'>]
05:36:52 INFO     Going to convert document batch...
05:36:52 INFO     Processing document fiocruz_novo-ptd_2-1_docdiretivo_repactuacao_2024-2026_assinado_assinado-copia_tarjada.pdf
05:37:10 INFO     Finished converting document fiocruz_novo-ptd_2-1_docdiretivo_repactuacao_2024-2026_assinado_assinado-copia_tarjada.pdf in 18.49 sec.
05:37:10 INFO       pixel_budget (Docling) fiocruz_novo-ptd_2-1_docdiretivo_repactuacao_2024-2026_assinado_assinado-copia_tarjada.pdf: 11.3% (área tabelas/5012118 px²)
05:37:10 INFO     [6/15] ✓ FIOCRUZ   :    5 entregas | 18.5s | ETA ~7min
05:37:10 INFO     [7/15] → fiocruz_ptd_anexo_de_entregas_assinado_v1_assinado_assinado-1-copia_tarjada.pdf
05:37:10 INFO     detected formats: [<InputFormat.PDF: 'pdf'>]
05:37:10 INFO     Going to convert document batch...
05:37:10 INFO     Processing document fiocruz_ptd_anexo_de_entregas_assinado_v1_assinado_assinado-1-copia_tarjada.pdf
05:37:45 INFO     Finished converting document fiocruz_ptd_anexo_de_entregas_assinado_v1_assinado_assinado-1-copia_tarjada.pdf in 34.47 sec.
05:37:45 INFO       pixel_budget (Docling) fiocruz_ptd_anexo_de_entregas_assinado_v1_assinado_assinado-1-copia_tarjada.pdf: 54.7% (área tabelas/2004847 px²)
05:37:45 INFO     [7/15] ✓ FIOCRUZ   :   61 entregas | 34.5s | ETA ~6min
05:37:45 INFO     [8/15] → funai_anexo_de_entregas_repactuado_2026_2027_assinado_assinado_assinado.pdf
05:37:45 INFO     detected formats: [<InputFormat.PDF: 'pdf'>]
05:37:45 INFO     Going to convert document batch...
05:37:45 INFO     Processing document funai_anexo_de_entregas_repactuado_2026_2027_assinado_assinado_assinado.pdf
05:37:46 INFO     command: tesseract --psm 0 -l osd /tmp/tmp5yhox7vm.png stdout
05:37:47 INFO     command: tesseract -l por /tmp/tmp5yhox7vm.png stdout tsv
05:38:00 INFO     Finished converting document funai_anexo_de_entregas_repactuado_2026_2027_assinado_assinado_assinado.pdf in 15.42 sec.
05:38:00 INFO       pixel_budget (Docling) funai_anexo_de_entregas_repactuado_2026_2027_assinado_assinado_assinado.pdf: 49.8% (área tabelas/501212 px²)
05:38:00 INFO     [8/15] ✓ FUNAI     :   21 entregas | 15.4s | ETA ~4min
05:38:00 INFO     [9/15] → funai_ptd_2025_2027_docdiretivo_assinado-1_tarjado.pdf
05:38:00 INFO     detected formats: [<InputFormat.PDF: 'pdf'>]
05:38:00 INFO     Going to convert document batch...
05:38:00 INFO     Processing document funai_ptd_2025_2027_docdiretivo_assinado-1_tarjado.pdf
05:38:02 INFO     command: tesseract --psm 0 -l osd /tmp/tmpoor05qx_.png stdout
05:38:02 INFO     command: tesseract -l por /tmp/tmpoor05qx_.png stdout tsv
05:38:04 INFO     command: tesseract --psm 0 -l osd /tmp/tmpkex4vv8w.png stdout
05:38:05 INFO     command: tesseract -l por /tmp/tmpkex4vv8w.png stdout tsv
05:38:09 INFO     command: tesseract --psm 0 -l osd /tmp/tmpp3lax036.png stdout
05:38:09 INFO     command: tesseract -l por /tmp/tmpp3lax036.png stdout tsv
05:38:11 INFO     command: tesseract --psm 0 -l osd /tmp/tmpftvbo0xy.png stdout
05:38:12 INFO     command: tesseract -l por /tmp/tmpftvbo0xy.png stdout tsv
05:38:14 INFO     command: tesseract --psm 0 -l osd /tmp/tmp2bj4xz5o.png stdout
05:38:15 INFO     command: tesseract -l por /tmp/tmp2bj4xz5o.png stdout tsv
05:38:17 INFO     command: tesseract --psm 0 -l osd /tmp/tmp9pg_3b6t.png stdout
05:38:18 INFO     command: tesseract -l por /tmp/tmp9pg_3b6t.png stdout tsv
05:38:28 INFO     command: tesseract --psm 0 -l osd /tmp/tmps9c7_qxc.png stdout
05:38:29 INFO     command: tesseract -l por /tmp/tmps9c7_qxc.png stdout tsv
05:38:31 INFO     command: tesseract --psm 0 -l osd /tmp/tmpg4__b9kq.png stdout
05:38:31 INFO     command: tesseract -l por /tmp/tmpg4__b9kq.png stdout tsv
05:38:33 INFO     command: tesseract --psm 0 -l osd /tmp/tmphmdaktvk.png stdout
05:38:33 INFO     command: tesseract -l por /tmp/tmphmdaktvk.png stdout tsv
05:38:35 INFO     command: tesseract --psm 0 -l osd /tmp/tmp8ev40bmw.png stdout
05:38:37 INFO     command: tesseract -l por /tmp/tmp8ev40bmw.png stdout tsv
05:38:58 INFO     command: tesseract --psm 0 -l osd /tmp/tmptmeznjad.png stdout
05:38:59 INFO     command: tesseract -l por /tmp/tmptmeznjad.png stdout tsv
05:39:01 INFO     command: tesseract --psm 0 -l osd /tmp/tmp4jkdtq9a.png stdout
05:39:02 INFO     command: tesseract -l por /tmp/tmp4jkdtq9a.png stdout tsv
05:39:03 INFO     command: tesseract --psm 0 -l osd /tmp/tmp0a4t5v9v.png stdout
05:39:04 INFO     command: tesseract -l por /tmp/tmp0a4t5v9v.png stdout tsv
05:39:11 INFO     Finished converting document funai_ptd_2025_2027_docdiretivo_assinado-1_tarjado.pdf in 70.31 sec.
05:39:11 INFO       pixel_budget (Docling) funai_ptd_2025_2027_docdiretivo_assinado-1_tarjado.pdf: 16.4% (área tabelas/6515754 px²)
05:39:11 INFO     [9/15] ✓ FUNAI     :    8 entregas | 70.3s | ETA ~4min
05:39:11 INFO     [10/15] → incra_anexo_de_entregas_assinado-1_assinado_assinado-copia_tarjada.pdf
05:39:11 INFO     detected formats: [<InputFormat.PDF: 'pdf'>]
05:39:11 INFO     Going to convert document batch...
05:39:11 INFO     Processing document incra_anexo_de_entregas_assinado-1_assinado_assinado-copia_tarjada.pdf
05:39:12 INFO     command: tesseract --psm 0 -l osd /tmp/tmp5rp0qeqy.png stdout
05:39:13 INFO     command: tesseract -l por /tmp/tmp5rp0qeqy.png stdout tsv
05:39:15 INFO     command: tesseract --psm 0 -l osd /tmp/tmprsp7qvti.png stdout
05:39:17 INFO     command: tesseract -l por /tmp/tmprsp7qvti.png stdout tsv
05:39:24 INFO     command: tesseract --psm 0 -l osd /tmp/tmpsou90g5i.png stdout
05:39:25 INFO     command: tesseract -l por /tmp/tmpsou90g5i.png stdout tsv
05:39:29 INFO     command: tesseract --psm 0 -l osd /tmp/tmpvxnhohdx.png stdout
05:39:30 INFO     command: tesseract -l por /tmp/tmpvxnhohdx.png stdout tsv
05:39:32 INFO     command: tesseract --psm 0 -l osd /tmp/tmpy7i6_5tq.png stdout
05:39:33 INFO     command: tesseract -l por /tmp/tmpy7i6_5tq.png stdout tsv
05:41:08 INFO     Finished converting document incra_anexo_de_entregas_assinado-1_assinado_assinado-copia_tarjada.pdf in 117.34 sec.
05:41:08 INFO       pixel_budget (Docling) incra_anexo_de_entregas_assinado-1_assinado_assinado-copia_tarjada.pdf: 30.0% (área tabelas/2423520 px²)
05:41:08 INFO     [10/15] ✓ INCRA     :   10 entregas | 117.4s | ETA ~4min
05:41:08 INFO     [11/15] → incra_ptd_docdiretivo__assinado-1_assinado_assinado-copia_tarjada.pdf
05:41:08 INFO     detected formats: [<InputFormat.PDF: 'pdf'>]
05:41:08 INFO     Going to convert document batch...
05:41:08 INFO     Processing document incra_ptd_docdiretivo__assinado-1_assinado_assinado-copia_tarjada.pdf
05:41:09 INFO     command: tesseract --psm 0 -l osd /tmp/tmpwzh5s0kz.png stdout
05:41:10 INFO     command: tesseract -l por /tmp/tmpwzh5s0kz.png stdout tsv
05:41:12 INFO     command: tesseract --psm 0 -l osd /tmp/tmprre6tzul.png stdout
05:41:14 INFO     command: tesseract -l por /tmp/tmprre6tzul.png stdout tsv
05:41:21 INFO     command: tesseract --psm 0 -l osd /tmp/tmpm4hi_x4o.png stdout
05:41:21 INFO     command: tesseract -l por /tmp/tmpm4hi_x4o.png stdout tsv
05:41:23 INFO     command: tesseract --psm 0 -l osd /tmp/tmpr6z79v1h.png stdout
05:41:24 INFO     command: tesseract -l por /tmp/tmpr6z79v1h.png stdout tsv
05:41:26 INFO     command: tesseract --psm 0 -l osd /tmp/tmp8u5rqy4p.png stdout
05:41:27 INFO     command: tesseract -l por /tmp/tmp8u5rqy4p.png stdout tsv
05:41:29 INFO     command: tesseract --psm 0 -l osd /tmp/tmpn6ytwpra.png stdout
05:41:30 INFO     command: tesseract -l por /tmp/tmpn6ytwpra.png stdout tsv
05:41:47 INFO     command: tesseract --psm 0 -l osd /tmp/tmpz60n2wxa.png stdout
05:41:47 INFO     command: tesseract -l por /tmp/tmpz60n2wxa.png stdout tsv
05:41:49 INFO     command: tesseract --psm 0 -l osd /tmp/tmpezxfpxd7.png stdout
05:41:50 INFO     command: tesseract -l por /tmp/tmpezxfpxd7.png stdout tsv
05:41:51 INFO     command: tesseract --psm 0 -l osd /tmp/tmpzobhxtai.png stdout
05:41:52 INFO     command: tesseract -l por /tmp/tmpzobhxtai.png stdout tsv
05:41:54 INFO     command: tesseract --psm 0 -l osd /tmp/tmprin15fng.png stdout
05:41:55 INFO     command: tesseract -l por /tmp/tmprin15fng.png stdout tsv
05:42:00 INFO     command: tesseract --psm 0 -l osd /tmp/tmp3tdzq7hi.png stdout
05:42:01 INFO     command: tesseract -l por /tmp/tmp3tdzq7hi.png stdout tsv
05:42:15 INFO     command: tesseract --psm 0 -l osd /tmp/tmpl79afw_h.png stdout
05:42:15 INFO     command: tesseract -l por /tmp/tmpl79afw_h.png stdout tsv
05:42:17 INFO     command: tesseract --psm 0 -l osd /tmp/tmp6w42ooaf.png stdout
05:42:18 INFO     command: tesseract -l por /tmp/tmp6w42ooaf.png stdout tsv
05:42:26 INFO     Finished converting document incra_ptd_docdiretivo__assinado-1_assinado_assinado-copia_tarjada.pdf in 77.54 sec.
05:42:26 INFO       pixel_budget (Docling) incra_ptd_docdiretivo__assinado-1_assinado_assinado-copia_tarjada.pdf: 20.2% (área tabelas/6515754 px²)
05:42:26 INFO     [11/15] ✓ INCRA     :   11 entregas | 77.6s | ETA ~3min
05:42:26 INFO     [12/15] → iti_anexo_de_entregas_assinado.pdf
05:42:26 INFO     detected formats: [<InputFormat.PDF: 'pdf'>]
05:42:26 INFO     Going to convert document batch...
05:42:26 INFO     Processing document iti_anexo_de_entregas_assinado.pdf
05:42:26 INFO     command: tesseract --psm 0 -l osd /tmp/tmpttu53y1r.png stdout
05:42:27 INFO     command: tesseract -l por /tmp/tmpttu53y1r.png stdout tsv
05:42:44 INFO     Finished converting document iti_anexo_de_entregas_assinado.pdf in 18.05 sec.
05:42:44 INFO       pixel_budget (Docling) iti_anexo_de_entregas_assinado.pdf: 57.2% (área tabelas/501212 px²)
05:42:44 INFO     [12/15] ✓ ITI       :   31 entregas | 18.1s | ETA ~2min
05:42:44 INFO     [13/15] → iti_doc_diretivo_assinado-1_tarjado.pdf
05:42:44 INFO     detected formats: [<InputFormat.PDF: 'pdf'>]
05:42:44 INFO     Going to convert document batch...
05:42:44 INFO     Processing document iti_doc_diretivo_assinado-1_tarjado.pdf
05:42:44 INFO     command: tesseract --psm 0 -l osd /tmp/tmp8b15padn.png stdout
05:42:45 INFO     command: tesseract -l por /tmp/tmp8b15padn.png stdout tsv
05:42:47 INFO     command: tesseract --psm 0 -l osd /tmp/tmp7jiqnfkf.png stdout
05:42:48 INFO     command: tesseract -l por /tmp/tmp7jiqnfkf.png stdout tsv
05:42:52 INFO     command: tesseract --psm 0 -l osd /tmp/tmp96nodhka.png stdout
05:42:52 INFO     command: tesseract -l por /tmp/tmp96nodhka.png stdout tsv
05:42:54 INFO     command: tesseract --psm 0 -l osd /tmp/tmpzx23pxh1.png stdout
05:42:55 INFO     command: tesseract -l por /tmp/tmpzx23pxh1.png stdout tsv
05:42:57 INFO     command: tesseract --psm 0 -l osd /tmp/tmp9qxwjctk.png stdout
05:42:57 INFO     command: tesseract -l por /tmp/tmp9qxwjctk.png stdout tsv
05:42:59 INFO     command: tesseract --psm 0 -l osd /tmp/tmp1b3n4c1a.png stdout
05:43:01 INFO     command: tesseract -l por /tmp/tmp1b3n4c1a.png stdout tsv
05:43:14 INFO     command: tesseract --psm 0 -l osd /tmp/tmppx20okfh.png stdout
05:43:15 INFO     command: tesseract -l por /tmp/tmppx20okfh.png stdout tsv
05:43:18 INFO     command: tesseract --psm 0 -l osd /tmp/tmp0x1pffzl.png stdout
05:43:18 INFO     command: tesseract -l por /tmp/tmp0x1pffzl.png stdout tsv
05:43:21 INFO     command: tesseract --psm 0 -l osd /tmp/tmphg7u33wr.png stdout
05:43:21 INFO     command: tesseract -l por /tmp/tmphg7u33wr.png stdout tsv
05:43:23 INFO     command: tesseract --psm 0 -l osd /tmp/tmphzmzyew1.png stdout
05:43:25 INFO     command: tesseract -l por /tmp/tmphzmzyew1.png stdout tsv
05:43:30 INFO     command: tesseract --psm 0 -l osd /tmp/tmpn5tho5b_.png stdout
05:43:31 INFO     command: tesseract -l por /tmp/tmpn5tho5b_.png stdout tsv
05:43:42 INFO     Finished converting document iti_doc_diretivo_assinado-1_tarjado.pdf in 58.03 sec.
05:43:42 INFO       pixel_budget (Docling) iti_doc_diretivo_assinado-1_tarjado.pdf: 8.0% (área tabelas/5516339 px²)
05:43:42 INFO     [13/15] ✓ ITI       :    9 entregas | 58.0s | ETA ~1min
05:43:42 INFO     [14/15] → sgpr_ptd_2025_2027_anexo_de_entregas_assinado-copia_tarjada.pdf
05:43:42 INFO     detected formats: [<InputFormat.PDF: 'pdf'>]
05:43:42 INFO     Going to convert document batch...
05:43:42 INFO     Processing document sgpr_ptd_2025_2027_anexo_de_entregas_assinado-copia_tarjada.pdf
05:43:43 INFO     command: tesseract --psm 0 -l osd /tmp/tmpnj2rgi7z.png stdout
05:43:43 INFO     command: tesseract -l por /tmp/tmpnj2rgi7z.png stdout tsv
05:43:46 INFO     command: tesseract --psm 0 -l osd /tmp/tmpapdmasv_.png stdout
05:43:48 INFO     command: tesseract -l por /tmp/tmpapdmasv_.png stdout tsv
05:44:01 INFO     Finished converting document sgpr_ptd_2025_2027_anexo_de_entregas_assinado-copia_tarjada.pdf in 19.23 sec.
05:44:01 INFO       pixel_budget (Docling) sgpr_ptd_2025_2027_anexo_de_entregas_assinado-copia_tarjada.pdf: 29.5% (área tabelas/1002424 px²)
05:44:01 INFO     [14/15] ✓ SGPR      :   15 entregas | 19.2s | ETA ~50s
05:44:01 INFO     [15/15] → sgpr_ptd_2026_2027_docdiretivo_assinado-copia_tarjada.pdf
05:44:01 INFO     detected formats: [<InputFormat.PDF: 'pdf'>]
05:44:01 INFO     Going to convert document batch...
05:44:01 INFO     Processing document sgpr_ptd_2026_2027_docdiretivo_assinado-copia_tarjada.pdf
05:44:21 INFO     Finished converting document sgpr_ptd_2026_2027_docdiretivo_assinado-copia_tarjada.pdf in 20.46 sec.
05:44:21 INFO       pixel_budget (Docling) sgpr_ptd_2026_2027_docdiretivo_assinado-copia_tarjada.pdf: 8.2% (área tabelas/5513330 px²)
05:44:21 INFO     [15/15] ✓ SGPR      :    4 entregas | 20.5s | ETA ~0s
05:44:21 INFO     273 registros | 7 órgãos
05:44:21 INFO     ╔══════════════════════════════════════════════════════════════╗
05:44:21 INFO     ║                  ENTREGAS — fase concluída                   ║
05:44:21 INFO     ║  Processados: 15    |  ✓ 15  ⚠ 0                             ║
05:44:21 INFO     ║  Duração: 12.0 min                                           ║
05:44:21 INFO     ║  273 registros | 7 órgãos                                    ║
05:44:21 INFO     ╚══════════════════════════════════════════════════════════════╝
05:44:21 INFO     [1/7] → agu_ptd_2025_2027_docdiretivo_assinado_assinado_assinado-copia_tarjada.pdf
05:44:21 INFO     detected formats: [<InputFormat.PDF: 'pdf'>]
05:44:21 INFO     Going to convert document batch...
05:44:21 INFO     Processing document agu_ptd_2025_2027_docdiretivo_assinado_assinado_assinado-copia_tarjada.pdf
05:44:22 INFO     command: tesseract --psm 0 -l osd /tmp/tmp5l03nwc1.png stdout
05:44:22 INFO     command: tesseract -l por /tmp/tmp5l03nwc1.png stdout tsv
05:44:24 INFO     command: tesseract --psm 0 -l osd /tmp/tmpb9ziayf_.png stdout
05:44:26 INFO     command: tesseract -l por /tmp/tmpb9ziayf_.png stdout tsv
05:44:30 INFO     command: tesseract --psm 0 -l osd /tmp/tmpc537223d.png stdout
05:44:31 INFO     command: tesseract -l por /tmp/tmpc537223d.png stdout tsv
05:44:33 INFO     command: tesseract --psm 0 -l osd /tmp/tmp1943ctg2.png stdout
05:44:34 INFO     command: tesseract -l por /tmp/tmp1943ctg2.png stdout tsv
05:44:36 INFO     command: tesseract --psm 0 -l osd /tmp/tmp16f97d2f.png stdout
05:44:37 INFO     command: tesseract -l por /tmp/tmp16f97d2f.png stdout tsv
05:44:39 INFO     command: tesseract --psm 0 -l osd /tmp/tmpammmu7xb.png stdout
05:44:41 INFO     command: tesseract -l por /tmp/tmpammmu7xb.png stdout tsv
05:44:51 INFO     command: tesseract --psm 0 -l osd /tmp/tmp05gkk71f.png stdout
05:44:52 INFO     command: tesseract -l por /tmp/tmp05gkk71f.png stdout tsv
05:44:54 INFO     command: tesseract --psm 0 -l osd /tmp/tmptcamj7y_.png stdout
05:44:55 INFO     command: tesseract -l por /tmp/tmptcamj7y_.png stdout tsv
05:44:57 INFO     command: tesseract --psm 0 -l osd /tmp/tmpf1p6jebr.png stdout
05:44:58 INFO     command: tesseract -l por /tmp/tmpf1p6jebr.png stdout tsv
05:45:00 INFO     command: tesseract --psm 0 -l osd /tmp/tmplno7o_z0.png stdout
05:45:02 INFO     command: tesseract -l por /tmp/tmplno7o_z0.png stdout tsv
05:45:18 INFO     command: tesseract --psm 0 -l osd /tmp/tmp1s6jv1sl.png stdout
05:45:19 INFO     command: tesseract -l por /tmp/tmp1s6jv1sl.png stdout tsv
05:45:22 INFO     Finished converting document agu_ptd_2025_2027_docdiretivo_assinado_assinado_assinado-copia_tarjada.pdf in 60.76 sec.
05:45:22 INFO     [1/7] ✓ AGU       :   7 riscos | 60.8s | ETA ~6min
05:45:22 INFO     [2/7] → documento-diretivo-mcom-_-ptd-25_27-copia_tarjada.pdf
05:45:22 INFO     detected formats: [<InputFormat.PDF: 'pdf'>]
05:45:22 INFO     Going to convert document batch...
05:45:22 INFO     Processing document documento-diretivo-mcom-_-ptd-25_27-copia_tarjada.pdf
05:45:23 INFO     command: tesseract --psm 0 -l osd /tmp/tmp4ympb2hv.png stdout
05:45:23 INFO     command: tesseract -l por /tmp/tmp4ympb2hv.png stdout tsv
05:45:26 INFO     command: tesseract --psm 0 -l osd /tmp/tmpnv4cwp9n.png stdout
05:45:27 INFO     command: tesseract -l por /tmp/tmpnv4cwp9n.png stdout tsv
05:45:34 INFO     command: tesseract --psm 0 -l osd /tmp/tmp4oe_tuol.png stdout
05:45:35 INFO     command: tesseract -l por /tmp/tmp4oe_tuol.png stdout tsv
05:45:36 INFO     command: tesseract --psm 0 -l osd /tmp/tmprtbb75z4.png stdout
05:45:37 INFO     command: tesseract -l por /tmp/tmprtbb75z4.png stdout tsv
05:45:39 INFO     command: tesseract --psm 0 -l osd /tmp/tmp2obxxrxk.png stdout
05:45:39 INFO     command: tesseract -l por /tmp/tmp2obxxrxk.png stdout tsv
05:45:42 INFO     command: tesseract --psm 0 -l osd /tmp/tmprrdywrue.png stdout
05:45:44 INFO     command: tesseract -l por /tmp/tmprrdywrue.png stdout tsv
05:45:59 INFO     command: tesseract --psm 0 -l osd /tmp/tmpi355cq3s.png stdout
05:46:00 INFO     command: tesseract -l por /tmp/tmpi355cq3s.png stdout tsv
05:46:02 INFO     command: tesseract --psm 0 -l osd /tmp/tmpg4lscjti.png stdout
05:46:02 INFO     command: tesseract -l por /tmp/tmpg4lscjti.png stdout tsv
05:46:05 INFO     command: tesseract --psm 0 -l osd /tmp/tmpjy_odms7.png stdout
05:46:06 INFO     command: tesseract -l por /tmp/tmpjy_odms7.png stdout tsv
05:46:07 INFO     command: tesseract --psm 0 -l osd /tmp/tmp2p6yi7dr.png stdout
05:46:09 INFO     command: tesseract -l por /tmp/tmp2p6yi7dr.png stdout tsv
05:46:15 INFO     command: tesseract --psm 0 -l osd /tmp/tmp1o064m9a.png stdout
05:46:16 INFO     command: tesseract -l por /tmp/tmp1o064m9a.png stdout tsv
05:46:21 INFO     command: tesseract --psm 0 -l osd /tmp/tmpke103ftf.png stdout
05:46:22 INFO     command: tesseract -l por /tmp/tmpke103ftf.png stdout tsv
05:46:24 INFO     command: tesseract --psm 0 -l osd /tmp/tmp47ifm57d.png stdout
05:46:25 INFO     command: tesseract -l por /tmp/tmp47ifm57d.png stdout tsv
05:46:27 INFO     command: tesseract --psm 0 -l osd /tmp/tmpl095d124.png stdout
05:46:28 INFO     command: tesseract -l por /tmp/tmpl095d124.png stdout tsv
05:46:34 INFO     Finished converting document documento-diretivo-mcom-_-ptd-25_27-copia_tarjada.pdf in 71.63 sec.
05:46:34 INFO     [2/7] ✓ MCOM      :  14 riscos | 71.6s | ETA ~5min
05:46:34 INFO     [3/7] → fiocruz_novo-ptd_2-1_docdiretivo_repactuacao_2024-2026_assinado_assinado-copia_tarjada.pdf
05:46:34 INFO     detected formats: [<InputFormat.PDF: 'pdf'>]
05:46:34 INFO     Going to convert document batch...
05:46:34 INFO     Processing document fiocruz_novo-ptd_2-1_docdiretivo_repactuacao_2024-2026_assinado_assinado-copia_tarjada.pdf
05:46:52 INFO     Finished converting document fiocruz_novo-ptd_2-1_docdiretivo_repactuacao_2024-2026_assinado_assinado-copia_tarjada.pdf in 18.11 sec.
05:46:52 INFO     [3/7] ✓ FIOCRUZ   :   6 riscos | 18.1s | ETA ~3min
05:46:52 INFO     [4/7] → funai_ptd_2025_2027_docdiretivo_assinado-1_tarjado.pdf
05:46:52 INFO     detected formats: [<InputFormat.PDF: 'pdf'>]
05:46:52 INFO     Going to convert document batch...
05:46:52 INFO     Processing document funai_ptd_2025_2027_docdiretivo_assinado-1_tarjado.pdf
05:46:53 INFO     command: tesseract --psm 0 -l osd /tmp/tmpmcd5clw1.png stdout
05:46:54 INFO     command: tesseract -l por /tmp/tmpmcd5clw1.png stdout tsv
05:46:55 INFO     command: tesseract --psm 0 -l osd /tmp/tmp_t_2l7ze.png stdout
05:46:57 INFO     command: tesseract -l por /tmp/tmp_t_2l7ze.png stdout tsv
05:46:59 INFO     command: tesseract --psm 0 -l osd /tmp/tmp2s2fz89w.png stdout
05:47:00 INFO     command: tesseract -l por /tmp/tmp2s2fz89w.png stdout tsv
05:47:02 INFO     command: tesseract --psm 0 -l osd /tmp/tmpj5vktc41.png stdout
05:47:02 INFO     command: tesseract -l por /tmp/tmpj5vktc41.png stdout tsv
05:47:04 INFO     command: tesseract --psm 0 -l osd /tmp/tmpmx8artax.png stdout
05:47:05 INFO     command: tesseract -l por /tmp/tmpmx8artax.png stdout tsv
05:47:07 INFO     command: tesseract --psm 0 -l osd /tmp/tmpkob3qhes.png stdout
05:47:09 INFO     command: tesseract -l por /tmp/tmpkob3qhes.png stdout tsv
05:47:20 INFO     command: tesseract --psm 0 -l osd /tmp/tmp_13nn1wf.png stdout
05:47:20 INFO     command: tesseract -l por /tmp/tmp_13nn1wf.png stdout tsv
05:47:22 INFO     command: tesseract --psm 0 -l osd /tmp/tmpj4q8a9pk.png stdout
05:47:22 INFO     command: tesseract -l por /tmp/tmpj4q8a9pk.png stdout tsv
05:47:24 INFO     command: tesseract --psm 0 -l osd /tmp/tmph08bieyp.png stdout
05:47:24 INFO     command: tesseract -l por /tmp/tmph08bieyp.png stdout tsv
05:47:26 INFO     command: tesseract --psm 0 -l osd /tmp/tmpuxycy4_w.png stdout
05:47:28 INFO     command: tesseract -l por /tmp/tmpuxycy4_w.png stdout tsv
05:47:40 INFO     command: tesseract --psm 0 -l osd /tmp/tmp8gfvqcc4.png stdout
05:47:41 INFO     command: tesseract -l por /tmp/tmp8gfvqcc4.png stdout tsv
05:47:49 INFO     command: tesseract --psm 0 -l osd /tmp/tmp7vsytl9u.png stdout
05:47:50 INFO     command: tesseract -l por /tmp/tmp7vsytl9u.png stdout tsv
05:47:52 INFO     command: tesseract --psm 0 -l osd /tmp/tmp2rpjm9mv.png stdout
05:47:53 INFO     command: tesseract -l por /tmp/tmp2rpjm9mv.png stdout tsv
05:47:59 INFO     Finished converting document funai_ptd_2025_2027_docdiretivo_assinado-1_tarjado.pdf in 67.21 sec.
05:47:59 INFO     [4/7] ✓ FUNAI     :  15 riscos | 67.2s | ETA ~2min
05:47:59 INFO     [5/7] → incra_ptd_docdiretivo__assinado-1_assinado_assinado-copia_tarjada.pdf
05:47:59 INFO     detected formats: [<InputFormat.PDF: 'pdf'>]
05:47:59 INFO     Going to convert document batch...
05:47:59 INFO     Processing document incra_ptd_docdiretivo__assinado-1_assinado_assinado-copia_tarjada.pdf
05:48:00 INFO     command: tesseract --psm 0 -l osd /tmp/tmp4dxaw4_w.png stdout
05:48:01 INFO     command: tesseract -l por /tmp/tmp4dxaw4_w.png stdout tsv
05:48:03 INFO     command: tesseract --psm 0 -l osd /tmp/tmpc3bhrtv_.png stdout
05:48:04 INFO     command: tesseract -l por /tmp/tmpc3bhrtv_.png stdout tsv
05:48:10 INFO     command: tesseract --psm 0 -l osd /tmp/tmpm7_x4jfv.png stdout
05:48:11 INFO     command: tesseract -l por /tmp/tmpm7_x4jfv.png stdout tsv
05:48:13 INFO     command: tesseract --psm 0 -l osd /tmp/tmpy529b94p.png stdout
05:48:13 INFO     command: tesseract -l por /tmp/tmpy529b94p.png stdout tsv
05:48:15 INFO     command: tesseract --psm 0 -l osd /tmp/tmp6k42u5qp.png stdout
05:48:16 INFO     command: tesseract -l por /tmp/tmp6k42u5qp.png stdout tsv
05:48:18 INFO     command: tesseract --psm 0 -l osd /tmp/tmpd3vq5glz.png stdout
05:48:19 INFO     command: tesseract -l por /tmp/tmpd3vq5glz.png stdout tsv
05:48:33 INFO     command: tesseract --psm 0 -l osd /tmp/tmpcs34ayhs.png stdout
05:48:34 INFO     command: tesseract -l por /tmp/tmpcs34ayhs.png stdout tsv
05:48:35 INFO     command: tesseract --psm 0 -l osd /tmp/tmpvl4d3e0f.png stdout
05:48:36 INFO     command: tesseract -l por /tmp/tmpvl4d3e0f.png stdout tsv
05:48:38 INFO     command: tesseract --psm 0 -l osd /tmp/tmpk5_8dlly.png stdout
05:48:39 INFO     command: tesseract -l por /tmp/tmpk5_8dlly.png stdout tsv
05:48:41 INFO     command: tesseract --psm 0 -l osd /tmp/tmpvhxkvees.png stdout
05:48:42 INFO     command: tesseract -l por /tmp/tmpvhxkvees.png stdout tsv
05:48:47 INFO     command: tesseract --psm 0 -l osd /tmp/tmpm54nzmaj.png stdout
05:48:48 INFO     command: tesseract -l por /tmp/tmpm54nzmaj.png stdout tsv
05:48:56 INFO     command: tesseract --psm 0 -l osd /tmp/tmpvwc29f3s.png stdout
05:48:57 INFO     command: tesseract -l por /tmp/tmpvwc29f3s.png stdout tsv
05:49:00 INFO     command: tesseract --psm 0 -l osd /tmp/tmpzysoprq4.png stdout
05:49:00 INFO     command: tesseract -l por /tmp/tmpzysoprq4.png stdout tsv
05:49:08 INFO     Finished converting document incra_ptd_docdiretivo__assinado-1_assinado_assinado-copia_tarjada.pdf in 69.08 sec.
05:49:08 INFO     [5/7] ✓ INCRA     :  15 riscos | 69.1s | ETA ~1min
05:49:08 INFO     [6/7] → iti_doc_diretivo_assinado-1_tarjado.pdf
05:49:08 INFO     detected formats: [<InputFormat.PDF: 'pdf'>]
05:49:08 INFO     Going to convert document batch...
05:49:08 INFO     Processing document iti_doc_diretivo_assinado-1_tarjado.pdf
05:49:09 INFO     command: tesseract --psm 0 -l osd /tmp/tmppcl7a3hp.png stdout
05:49:09 INFO     command: tesseract -l por /tmp/tmppcl7a3hp.png stdout tsv
05:49:12 INFO     command: tesseract --psm 0 -l osd /tmp/tmpj5m54q7f.png stdout
05:49:14 INFO     command: tesseract -l por /tmp/tmpj5m54q7f.png stdout tsv
05:49:17 INFO     command: tesseract --psm 0 -l osd /tmp/tmp05muehi6.png stdout
05:49:18 INFO     command: tesseract -l por /tmp/tmp05muehi6.png stdout tsv
05:49:20 INFO     command: tesseract --psm 0 -l osd /tmp/tmptjw_d77r.png stdout
05:49:21 INFO     command: tesseract -l por /tmp/tmptjw_d77r.png stdout tsv
05:49:22 INFO     command: tesseract --psm 0 -l osd /tmp/tmpsmrxt9m2.png stdout
05:49:23 INFO     command: tesseract -l por /tmp/tmpsmrxt9m2.png stdout tsv
05:49:25 INFO     command: tesseract --psm 0 -l osd /tmp/tmpnpu9pjui.png stdout
05:49:27 INFO     command: tesseract -l por /tmp/tmpnpu9pjui.png stdout tsv
05:49:38 INFO     command: tesseract --psm 0 -l osd /tmp/tmprhyp76e1.png stdout
05:49:39 INFO     command: tesseract -l por /tmp/tmprhyp76e1.png stdout tsv
05:49:41 INFO     command: tesseract --psm 0 -l osd /tmp/tmpw6iqbm7i.png stdout
05:49:42 INFO     command: tesseract -l por /tmp/tmpw6iqbm7i.png stdout tsv
05:49:44 INFO     command: tesseract --psm 0 -l osd /tmp/tmpnfnv20l2.png stdout
05:49:45 INFO     command: tesseract -l por /tmp/tmpnfnv20l2.png stdout tsv
05:49:47 INFO     command: tesseract --psm 0 -l osd /tmp/tmpbg3f7ex3.png stdout
05:49:49 INFO     command: tesseract -l por /tmp/tmpbg3f7ex3.png stdout tsv
05:50:01 INFO     command: tesseract --psm 0 -l osd /tmp/tmpenk5e848.png stdout
05:50:02 INFO     command: tesseract -l por /tmp/tmpenk5e848.png stdout tsv
05:50:06 INFO     Finished converting document iti_doc_diretivo_assinado-1_tarjado.pdf in 57.35 sec.
05:50:06 INFO     [6/7] ✓ ITI       :  14 riscos | 57.4s | ETA ~57s
05:50:06 INFO     [7/7] → sgpr_ptd_2026_2027_docdiretivo_assinado-copia_tarjada.pdf
05:50:06 INFO     detected formats: [<InputFormat.PDF: 'pdf'>]
05:50:06 INFO     Going to convert document batch...
05:50:06 INFO     Processing document sgpr_ptd_2026_2027_docdiretivo_assinado-copia_tarjada.pdf
05:50:26 INFO     Finished converting document sgpr_ptd_2026_2027_docdiretivo_assinado-copia_tarjada.pdf in 20.41 sec.
05:50:26 INFO     [7/7] ✓ SGPR      :  10 riscos | 20.4s | ETA ~0s
05:50:26 INFO     ╔══════════════════════════════════════════════════════════════╗
05:50:26 INFO     ║                   RISCOS — fase concluída                    ║
05:50:26 INFO     ║  Processados: 7     |  ✓ 7  ⚠ 0                              ║
05:50:26 INFO     ║  Duração: 6.1 min                                            ║
05:50:26 INFO     ║  81 riscos | 7 órgãos                                        ║
05:50:26 INFO     ╚══════════════════════════════════════════════════════════════╝
05:50:26 INFO     81 riscos | 0 ações | 135 relações
05:50:26 INFO     ptd_corpus_raw                     : 273 linhas
05:50:26 INFO     ptd_pivot_eixos                    : 7 linhas
05:50:29 INFO     ptd_datas_assinatura               : 132 linhas
05:50:29 INFO     ptd_riscos                         : 81 linhas
05:50:29 INFO     ptd_riscos_acoes                   : 135 linhas
05:50:29 INFO     Manifesto salvo: pipeline_manifest.json | SHA-256 de 132 PDFs
05:50:29 INFO     ==================================================
05:50:29 INFO     PTD-BR v3.0-melhorado — PIPELINE CONCLUÍDO
05:50:29 INFO     ==================================================
05:50:29 INFO     ptd_corpus_raw.csv                        167 KB
05:50:29 INFO     ptd_pivot_eixos.csv                         0 KB
05:50:29 INFO     ptd_datas_assinatura.csv                    9 KB
05:50:29 INFO     ptd_riscos.csv                             23 KB
05:50:29 INFO     ptd_riscos_acoes.csv                        2 KB
05:50:29 INFO     proveniencia.json                           0 KB
05:50:29 INFO     pipeline_manifest.json                     21 KB
05:50:29 INFO     📦 Artefatos: https://github.com/freirelucas/teste/actions/runs/24065755046
05:50:29 INFO     ==================================================
